2026-05-16 22:59:13,533 - twister - INFO - Using Ninja..
2026-05-16 22:59:13,651 - twister - INFO - Zephyr version: v4.3.0-9609-g1863204edabb
2026-05-16 22:59:13,654 - twister - DEBUG - Running cmake script /home/felipe/zephyrproject/zephyr/cmake/verify-toolchain.cmake
2026-05-16 22:59:13,654 - twister - DEBUG - Calling cmake: /usr/bin/cmake -DFORMAT=json -P /home/felipe/zephyrproject/zephyr/cmake/verify-toolchain.cmake
2026-05-16 22:59:13,817 - twister - DEBUG - Finished running /home/felipe/zephyrproject/zephyr/cmake/verify-toolchain.cmake
2026-05-16 22:59:13,817 - twister - INFO - Using 'zephyr/gnu' toolchain variant.
2026-05-16 22:59:14,625 - twister - DEBUG - Reading testsuite configuration files under /home/felipe/zephyrproject/zephyr-course/tests/ring_buf...
2026-05-16 22:59:14,625 - twister - DEBUG - Found possible testsuite in /home/felipe/zephyrproject/zephyr-course/tests/ring_buf
2026-05-16 22:59:14,627 - twister - DEBUG - No duplicates found.
2026-05-16 22:59:14,627 - twister - DEBUG -  platform filter: ['native_sim']
2026-05-16 22:59:14,627 - twister - DEBUG - platform_pattern: []
2026-05-16 22:59:14,627 - twister - DEBUG -    vendor filter: []
2026-05-16 22:59:14,627 - twister - DEBUG -      arch_filter: None
2026-05-16 22:59:14,627 - twister - DEBUG -       tag_filter: None
2026-05-16 22:59:14,627 - twister - DEBUG -      exclude_tag: None
2026-05-16 22:59:14,627 - twister - DEBUG - Checking platform filter: ['native_sim']
2026-05-16 22:59:14,628 - twister - INFO - Building initial testsuite list...
2026-05-16 22:59:14,628 - twister - INFO - Built testsuite list in 0.00 seconds
2026-05-16 22:59:14,628 - twister - INFO - Writing JSON report /home/felipe/zephyrproject/zephyr-course/twister-out/testplan.json
2026-05-16 22:59:14,640 - twister - INFO - JOBS: 16
2026-05-16 22:59:14,640 - twister - INFO - Adding tasks to the queue...
2026-05-16 22:59:14,640 - twister - DEBUG - adding native_sim/native/host/gnu/homework.unit.ring_buf
2026-05-16 22:59:14,641 - twister - INFO - Added initial list of jobs to queue
2026-05-16 22:59:14,647 - twister - DEBUG - Running cmake on /home/felipe/zephyrproject/zephyr-course/tests/ring_buf for native_sim/native
2026-05-16 22:59:14,647 - twister - DEBUG - Calling cmake: /usr/bin/cmake -B/home/felipe/zephyrproject/zephyr-course/twister-out/native_sim_native/host_gnu/zephyr-course/tests/ring_buf/homework.unit.ring_buf -DTC_RUNID=7f1157d04cd5b796a23104d76ed0f509 -DTC_NAME=homework.unit.ring_buf -DCONFIG_COMPILER_WARNINGS_AS_ERRORS=y -DEXTRA_GEN_EDT_ARGS=--edtlib-Werror -GNinja -DPython3_EXECUTABLE=/home/felipe/zephyrproject/.venv/bin/python3 -DZEPHYR_TOOLCHAIN_VARIANT=host/gnu -S/home/felipe/zephyrproject/zephyr-course/tests/ring_buf -DBOARD=native_sim/native
2026-05-16 22:59:14,664 - twister - DEBUG - Launched 16 jobs
2026-05-16 22:59:19,858 - twister - DEBUG - Finished running cmake /home/felipe/zephyrproject/zephyr-course/tests/ring_buf for native_sim/native in 5.21 seconds
2026-05-16 22:59:19,860 - twister - DEBUG - build test: native_sim/native/host/gnu/homework.unit.ring_buf
2026-05-16 22:59:19,860 - twister - DEBUG - Building /home/felipe/zephyrproject/zephyr-course/tests/ring_buf for native_sim/native
2026-05-16 22:59:19,861 - twister - DEBUG - Running /usr/bin/cmake --build /home/felipe/zephyrproject/zephyr-course/twister-out/native_sim_native/host_gnu/zephyr-course/tests/ring_buf/homework.unit.ring_buf
2026-05-16 22:59:20,894 - twister - ERROR - native_sim/native         homework.unit.ring_buf                             [31mERROR[39m: Build failure
2026-05-16 22:59:20,894 - twister - ERROR - see: [33m/home/felipe/zephyrproject/zephyr-course/twister-out/native_sim_native/host_gnu/zephyr-course/tests/ring_buf/homework.unit.ring_buf/build.log[39m
2026-05-16 22:59:20,899 - twister - INFO - 1 test scenarios (1 configurations) selected, 0 configurations filtered (0 by static filter, 0 at runtime).
2026-05-16 22:59:20,904 - twister - INFO - [32m0 of 1[39m executed test configurations passed (0.00%), 0 built (not run), 0 failed, [31m1[39m errored, with no warnings in 7.37 seconds.
2026-05-16 22:59:20,904 - twister - INFO - 0 of 8 executed test cases passed (0.00%), 8 blocked on 1 out of total 1469 platforms (0.07%).
2026-05-16 22:59:20,905 - twister - INFO - [32m0[39m test configurations executed on platforms, [36m1[39m test configurations were only built.
2026-05-16 22:59:20,905 - twister - INFO - Saving reports...
2026-05-16 22:59:20,905 - twister - INFO - Writing JSON report /home/felipe/zephyrproject/zephyr-course/twister-out/twister.json
2026-05-16 22:59:20,906 - twister - INFO - Writing xunit report /home/felipe/zephyrproject/zephyr-course/twister-out/twister.xml...
2026-05-16 22:59:20,907 - twister - INFO - Writing xunit report /home/felipe/zephyrproject/zephyr-course/twister-out/twister_report.xml...
2026-05-16 22:59:20,908 - twister - INFO - -+-+-+-+-+-+-+-+-+-+-+-+-+-+-+-+-+-+-+-+-+-+-+-+-+-+-+-+-+-+-+-+-+-+-+-+-+-+-+-+
2026-05-16 22:59:20,908 - twister - INFO - The following issues were found (showing the top 10 items):
2026-05-16 22:59:20,908 - twister - INFO - 1) homework.unit.ring_buf on native_sim/native error (Build failure - error: expected ; before } token)
2026-05-16 22:59:20,909 - twister - INFO - 
2026-05-16 22:59:20,909 - twister - INFO - To rerun the tests, call twister using the following commandline:
2026-05-16 22:59:20,909 - twister - INFO - west twister -p <PLATFORM> -s <TEST ID>, for example:
2026-05-16 22:59:20,909 - twister - INFO - 
2026-05-16 22:59:20,909 - twister - INFO - west twister -p native_sim/native -s homework.unit.ring_buf
2026-05-16 22:59:20,909 - twister - INFO - or with west:
2026-05-16 22:59:20,909 - twister - INFO - west build -p -b native_sim/native tests/ring_buf -T homework.unit.ring_buf
2026-05-16 22:59:20,909 - twister - INFO - -+-+-+-+-+-+-+-+-+-+-+-+-+-+-+-+-+-+-+-+-+-+-+-+-+-+-+-+-+-+-+-+-+-+-+-+-+-+-+-+
2026-05-16 22:59:20,909 - twister - INFO - Run completed
