2026-05-16 00:55:20,056 - twister - INFO - Using Ninja..
2026-05-16 00:55:20,175 - twister - INFO - Zephyr version: v4.3.0-9609-g1863204edabb
2026-05-16 00:55:20,177 - twister - DEBUG - Running cmake script /home/felipe/zephyrproject/zephyr/cmake/verify-toolchain.cmake
2026-05-16 00:55:20,178 - twister - DEBUG - Calling cmake: /usr/bin/cmake -DFORMAT=json -P /home/felipe/zephyrproject/zephyr/cmake/verify-toolchain.cmake
2026-05-16 00:55:20,349 - twister - DEBUG - Finished running /home/felipe/zephyrproject/zephyr/cmake/verify-toolchain.cmake
2026-05-16 00:55:20,349 - twister - INFO - Using 'zephyr/gnu' toolchain variant.
2026-05-16 00:55:21,209 - twister - DEBUG - Reading testsuite configuration files under /home/felipe/zephyrproject/zephyr-course/tests/ring_buf...
2026-05-16 00:55:21,209 - twister - DEBUG - Found possible testsuite in /home/felipe/zephyrproject/zephyr-course/tests/ring_buf
2026-05-16 00:55:21,211 - twister - DEBUG - No duplicates found.
2026-05-16 00:55:21,211 - twister - DEBUG -  platform filter: ['native_sim']
2026-05-16 00:55:21,212 - twister - DEBUG - platform_pattern: []
2026-05-16 00:55:21,212 - twister - DEBUG -    vendor filter: []
2026-05-16 00:55:21,212 - twister - DEBUG -      arch_filter: None
2026-05-16 00:55:21,212 - twister - DEBUG -       tag_filter: None
2026-05-16 00:55:21,212 - twister - DEBUG -      exclude_tag: None
2026-05-16 00:55:21,212 - twister - DEBUG - Checking platform filter: ['native_sim']
2026-05-16 00:55:21,212 - twister - INFO - Building initial testsuite list...
2026-05-16 00:55:21,213 - twister - INFO - Built testsuite list in 0.00 seconds
2026-05-16 00:55:21,213 - twister - INFO - Writing JSON report /home/felipe/zephyrproject/zephyr-course/twister-out/testplan.json
2026-05-16 00:55:21,225 - twister - INFO - JOBS: 16
2026-05-16 00:55:21,226 - twister - INFO - Adding tasks to the queue...
2026-05-16 00:55:21,226 - twister - DEBUG - adding native_sim/native/host/gnu/homework.unit.ring_buf
2026-05-16 00:55:21,227 - twister - INFO - Added initial list of jobs to queue
2026-05-16 00:55:21,233 - twister - DEBUG - Running cmake on /home/felipe/zephyrproject/zephyr-course/tests/ring_buf for native_sim/native
2026-05-16 00:55:21,233 - twister - DEBUG - Calling cmake: /usr/bin/cmake -B/home/felipe/zephyrproject/zephyr-course/twister-out/native_sim_native/host_gnu/zephyr-course/tests/ring_buf/homework.unit.ring_buf -DTC_RUNID=9ad055e1656af4bfca98309e611c316c -DTC_NAME=homework.unit.ring_buf -DCONFIG_COMPILER_WARNINGS_AS_ERRORS=y -DEXTRA_GEN_EDT_ARGS=--edtlib-Werror -GNinja -DPython3_EXECUTABLE=/home/felipe/zephyrproject/.venv/bin/python3 -DZEPHYR_TOOLCHAIN_VARIANT=host/gnu -S/home/felipe/zephyrproject/zephyr-course/tests/ring_buf -DBOARD=native_sim/native
2026-05-16 00:55:21,252 - twister - DEBUG - Launched 16 jobs
2026-05-16 00:55:26,510 - twister - DEBUG - Finished running cmake /home/felipe/zephyrproject/zephyr-course/tests/ring_buf for native_sim/native in 5.27 seconds
2026-05-16 00:55:26,512 - twister - DEBUG - build test: native_sim/native/host/gnu/homework.unit.ring_buf
2026-05-16 00:55:26,512 - twister - DEBUG - Building /home/felipe/zephyrproject/zephyr-course/tests/ring_buf for native_sim/native
2026-05-16 00:55:26,513 - twister - DEBUG - Running /usr/bin/cmake --build /home/felipe/zephyrproject/zephyr-course/twister-out/native_sim_native/host_gnu/zephyr-course/tests/ring_buf/homework.unit.ring_buf
2026-05-16 00:55:28,078 - twister - DEBUG - Finished building /home/felipe/zephyrproject/zephyr-course/tests/ring_buf for native_sim/native in 1.57 seconds
2026-05-16 00:55:28,078 - twister - DEBUG - Determine test cases for test instance: native_sim/native/host/gnu/homework.unit.ring_buf
2026-05-16 00:55:28,078 - twister - DEBUG - Determine test cases for test suite: homework.unit.ring_buf
2026-05-16 00:55:28,129 - twister - DEBUG - Test instance native_sim/native/host/gnu/homework.unit.ring_buf already has 8 testcase(s) known: [<TestCase homework.unit.ring_buf.ring_buf_boundaries.peek_does_not_consume with None>, <TestCase homework.unit.ring_buf.ring_buf_init.reinit_clears_state with None>, <TestCase homework.unit.ring_buf.ring_buf_boundaries.is_full_after_fill with None>, <TestCase homework.unit.ring_buf.ring_buf_push_pop.push_full_returns_enospc with None>, <TestCase homework.unit.ring_buf.ring_buf_boundaries.pop_null_returns_einval with None>, <TestCase homework.unit.ring_buf.ring_buf_push_pop.fifo_order with None>, <TestCase homework.unit.ring_buf.ring_buf_push_pop.single_push_pop with None>, <TestCase homework.unit.ring_buf.ring_buf_init.fresh_state with None>]
2026-05-16 00:55:28,129 - twister - DEBUG - Detected 8 Ztest case(s): [homework.unit.ring_buf.ring_buf_boundaries.is_full_after_fill, homework.unit.ring_buf.ring_buf_boundaries.pop_null_returns_einval, homework.unit.ring_buf.ring_buf_boundaries.peek_does_not_consume, homework.unit.ring_buf.ring_buf_push_pop.push_full_returns_enospc, homework.unit.ring_buf.ring_buf_push_pop.fifo_order, homework.unit.ring_buf.ring_buf_push_pop.single_push_pop, homework.unit.ring_buf.ring_buf_init.reinit_clears_state, homework.unit.ring_buf.ring_buf_init.fresh_state] in /home/felipe/zephyrproject/zephyr-course/twister-out/native_sim_native/host_gnu/zephyr-course/tests/ring_buf/homework.unit.ring_buf/zephyr/zephyr.elf
2026-05-16 00:55:28,131 - twister - DEBUG - run test: native_sim/native/host/gnu/homework.unit.ring_buf
2026-05-16 00:55:28,131 - twister - DEBUG - Reset instance status from 'passed' to None before run.
2026-05-16 00:55:28,131 - twister - DEBUG - Spawning process: /home/felipe/zephyrproject/zephyr-course/twister-out/native_sim_native/host_gnu/zephyr-course/tests/ring_buf/homework.unit.ring_buf/zephyr/zephyr.exe
in directory: /home/felipe/zephyrproject/zephyr-course/twister-out/native_sim_native/host_gnu/zephyr-course/tests/ring_buf/homework.unit.ring_buf
2026-05-16 00:55:28,132 - twister - DEBUG - Spawning BinaryHandler Thread for native_sim/native/host/gnu/homework.unit.ring_buf
2026-05-16 00:55:28,133 - twister - DEBUG - OUTPUT: *** Booting Zephyr OS build v4.3.0-9609-g1863204edabb ***
2026-05-16 00:55:28,133 - twister - DEBUG - OUTPUT: Running TESTSUITE ring_buf_boundaries
2026-05-16 00:55:28,133 - twister - DEBUG - OUTPUT: ===================================================================
2026-05-16 00:55:28,134 - twister - DEBUG - OUTPUT: START - test_pop_null_returns_einval
2026-05-16 00:55:28,134 - twister - DEBUG - OUTPUT:  SKIP - test_pop_null_returns_einval in 0.000 seconds
2026-05-16 00:55:28,134 - twister - DEBUG - OUTPUT: ===================================================================
2026-05-16 00:55:28,134 - twister - DEBUG - OUTPUT: START - test_is_full_after_fill
2026-05-16 00:55:28,134 - twister - DEBUG - OUTPUT:  SKIP - test_is_full_after_fill in 0.000 seconds
2026-05-16 00:55:28,134 - twister - DEBUG - OUTPUT: ===================================================================
2026-05-16 00:55:28,134 - twister - DEBUG - OUTPUT: START - test_peek_does_not_consume
2026-05-16 00:55:28,135 - twister - DEBUG - OUTPUT:  SKIP - test_peek_does_not_consume in 0.000 seconds
2026-05-16 00:55:28,135 - twister - DEBUG - OUTPUT: ===================================================================
2026-05-16 00:55:28,135 - twister - DEBUG - OUTPUT: START - test_peek_does_not_consume
2026-05-16 00:55:28,135 - twister - DEBUG - OUTPUT:  SKIP - test_peek_does_not_consume in 0.000 seconds
2026-05-16 00:55:28,135 - twister - DEBUG - OUTPUT: ===================================================================
2026-05-16 00:55:28,135 - twister - DEBUG - OUTPUT: START - test_is_full_after_fill
2026-05-16 00:55:28,136 - twister - DEBUG - OUTPUT:  SKIP - test_is_full_after_fill in 0.000 seconds
2026-05-16 00:55:28,136 - twister - DEBUG - OUTPUT: ===================================================================
2026-05-16 00:55:28,136 - twister - DEBUG - OUTPUT: START - test_pop_null_returns_einval
2026-05-16 00:55:28,136 - twister - DEBUG - OUTPUT:  SKIP - test_pop_null_returns_einval in 0.000 seconds
2026-05-16 00:55:28,136 - twister - DEBUG - OUTPUT: ===================================================================
2026-05-16 00:55:28,136 - twister - DEBUG - OUTPUT: START - test_peek_does_not_consume
2026-05-16 00:55:28,136 - twister - DEBUG - OUTPUT:  SKIP - test_peek_does_not_consume in 0.000 seconds
2026-05-16 00:55:28,137 - twister - DEBUG - OUTPUT: ===================================================================
2026-05-16 00:55:28,137 - twister - DEBUG - OUTPUT: START - test_pop_null_returns_einval
2026-05-16 00:55:28,137 - twister - DEBUG - OUTPUT:  SKIP - test_pop_null_returns_einval in 0.000 seconds
2026-05-16 00:55:28,137 - twister - DEBUG - OUTPUT: ===================================================================
2026-05-16 00:55:28,137 - twister - DEBUG - OUTPUT: START - test_is_full_after_fill
2026-05-16 00:55:28,137 - twister - DEBUG - OUTPUT:  SKIP - test_is_full_after_fill in 0.000 seconds
2026-05-16 00:55:28,137 - twister - DEBUG - OUTPUT: ===================================================================
2026-05-16 00:55:28,138 - twister - DEBUG - OUTPUT: TESTSUITE ring_buf_boundaries succeeded
2026-05-16 00:55:28,138 - twister - DEBUG - OUTPUT: Running TESTSUITE ring_buf_boundaries
2026-05-16 00:55:28,138 - twister - DEBUG - OUTPUT: ===================================================================
2026-05-16 00:55:28,138 - twister - DEBUG - OUTPUT: START - test_peek_does_not_consume
2026-05-16 00:55:28,138 - twister - DEBUG - OUTPUT:  SKIP - test_peek_does_not_consume in 0.000 seconds
2026-05-16 00:55:28,138 - twister - DEBUG - OUTPUT: ===================================================================
2026-05-16 00:55:28,138 - twister - DEBUG - OUTPUT: START - test_is_full_after_fill
2026-05-16 00:55:28,139 - twister - DEBUG - OUTPUT:  SKIP - test_is_full_after_fill in 0.000 seconds
2026-05-16 00:55:28,139 - twister - DEBUG - OUTPUT: ===================================================================
2026-05-16 00:55:28,139 - twister - DEBUG - OUTPUT: START - test_pop_null_returns_einval
2026-05-16 00:55:28,139 - twister - DEBUG - OUTPUT:  SKIP - test_pop_null_returns_einval in 0.000 seconds
2026-05-16 00:55:28,139 - twister - DEBUG - OUTPUT: ===================================================================
2026-05-16 00:55:28,139 - twister - DEBUG - OUTPUT: START - test_peek_does_not_consume
2026-05-16 00:55:28,139 - twister - DEBUG - OUTPUT:  SKIP - test_peek_does_not_consume in 0.000 seconds
2026-05-16 00:55:28,140 - twister - DEBUG - OUTPUT: ===================================================================
2026-05-16 00:55:28,140 - twister - DEBUG - OUTPUT: START - test_is_full_after_fill
2026-05-16 00:55:28,140 - twister - DEBUG - OUTPUT:  SKIP - test_is_full_after_fill in 0.000 seconds
2026-05-16 00:55:28,140 - twister - DEBUG - OUTPUT: ===================================================================
2026-05-16 00:55:28,140 - twister - DEBUG - OUTPUT: START - test_pop_null_returns_einval
2026-05-16 00:55:28,140 - twister - DEBUG - OUTPUT:  SKIP - test_pop_null_returns_einval in 0.000 seconds
2026-05-16 00:55:28,141 - twister - DEBUG - OUTPUT: ===================================================================
2026-05-16 00:55:28,141 - twister - DEBUG - OUTPUT: START - test_is_full_after_fill
2026-05-16 00:55:28,141 - twister - DEBUG - OUTPUT:  SKIP - test_is_full_after_fill in 0.000 seconds
2026-05-16 00:55:28,141 - twister - DEBUG - OUTPUT: ===================================================================
2026-05-16 00:55:28,141 - twister - DEBUG - OUTPUT: START - test_peek_does_not_consume
2026-05-16 00:55:28,141 - twister - DEBUG - OUTPUT:  SKIP - test_peek_does_not_consume in 0.000 seconds
2026-05-16 00:55:28,141 - twister - DEBUG - OUTPUT: ===================================================================
2026-05-16 00:55:28,141 - twister - DEBUG - OUTPUT: START - test_pop_null_returns_einval
2026-05-16 00:55:28,142 - twister - DEBUG - OUTPUT:  SKIP - test_pop_null_returns_einval in 0.000 seconds
2026-05-16 00:55:28,142 - twister - DEBUG - OUTPUT: ===================================================================
2026-05-16 00:55:28,142 - twister - DEBUG - OUTPUT: TESTSUITE ring_buf_boundaries succeeded
2026-05-16 00:55:28,142 - twister - DEBUG - OUTPUT: Running TESTSUITE ring_buf_boundaries
2026-05-16 00:55:28,142 - twister - DEBUG - OUTPUT: ===================================================================
2026-05-16 00:55:28,142 - twister - DEBUG - OUTPUT: START - test_is_full_after_fill
2026-05-16 00:55:28,142 - twister - DEBUG - OUTPUT:  SKIP - test_is_full_after_fill in 0.000 seconds
2026-05-16 00:55:28,143 - twister - DEBUG - OUTPUT: ===================================================================
2026-05-16 00:55:28,143 - twister - DEBUG - OUTPUT: START - test_peek_does_not_consume
2026-05-16 00:55:28,143 - twister - DEBUG - OUTPUT:  SKIP - test_peek_does_not_consume in 0.000 seconds
2026-05-16 00:55:28,143 - twister - DEBUG - OUTPUT: ===================================================================
2026-05-16 00:55:28,143 - twister - DEBUG - OUTPUT: START - test_pop_null_returns_einval
2026-05-16 00:55:28,143 - twister - DEBUG - OUTPUT:  SKIP - test_pop_null_returns_einval in 0.000 seconds
2026-05-16 00:55:28,143 - twister - DEBUG - OUTPUT: ===================================================================
2026-05-16 00:55:28,143 - twister - DEBUG - OUTPUT: START - test_peek_does_not_consume
2026-05-16 00:55:28,144 - twister - DEBUG - OUTPUT:  SKIP - test_peek_does_not_consume in 0.000 seconds
2026-05-16 00:55:28,144 - twister - DEBUG - OUTPUT: ===================================================================
2026-05-16 00:55:28,144 - twister - DEBUG - OUTPUT: START - test_pop_null_returns_einval
2026-05-16 00:55:28,144 - twister - DEBUG - OUTPUT:  SKIP - test_pop_null_returns_einval in 0.000 seconds
2026-05-16 00:55:28,144 - twister - DEBUG - OUTPUT: ===================================================================
2026-05-16 00:55:28,144 - twister - DEBUG - OUTPUT: START - test_is_full_after_fill
2026-05-16 00:55:28,144 - twister - DEBUG - OUTPUT:  SKIP - test_is_full_after_fill in 0.000 seconds
2026-05-16 00:55:28,144 - twister - DEBUG - OUTPUT: ===================================================================
2026-05-16 00:55:28,145 - twister - DEBUG - OUTPUT: START - test_peek_does_not_consume
2026-05-16 00:55:28,145 - twister - DEBUG - OUTPUT:  SKIP - test_peek_does_not_consume in 0.000 seconds
2026-05-16 00:55:28,145 - twister - DEBUG - OUTPUT: ===================================================================
2026-05-16 00:55:28,145 - twister - DEBUG - OUTPUT: START - test_pop_null_returns_einval
2026-05-16 00:55:28,145 - twister - DEBUG - OUTPUT:  SKIP - test_pop_null_returns_einval in 0.000 seconds
2026-05-16 00:55:28,145 - twister - DEBUG - OUTPUT: ===================================================================
2026-05-16 00:55:28,145 - twister - DEBUG - OUTPUT: START - test_is_full_after_fill
2026-05-16 00:55:28,146 - twister - DEBUG - OUTPUT:  SKIP - test_is_full_after_fill in 0.000 seconds
2026-05-16 00:55:28,146 - twister - DEBUG - OUTPUT: ===================================================================
2026-05-16 00:55:28,146 - twister - DEBUG - OUTPUT: TESTSUITE ring_buf_boundaries succeeded
2026-05-16 00:55:28,146 - twister - DEBUG - OUTPUT: Running TESTSUITE ring_buf_init
2026-05-16 00:55:28,146 - twister - DEBUG - OUTPUT: ===================================================================
2026-05-16 00:55:28,146 - twister - DEBUG - OUTPUT: START - test_reinit_clears_state
2026-05-16 00:55:28,146 - twister - DEBUG - OUTPUT:  PASS - test_reinit_clears_state in 0.000 seconds
2026-05-16 00:55:28,146 - twister - DEBUG - OUTPUT: ===================================================================
2026-05-16 00:55:28,147 - twister - DEBUG - OUTPUT: START - test_fresh_state
2026-05-16 00:55:28,147 - twister - DEBUG - OUTPUT:  PASS - test_fresh_state in 0.000 seconds
2026-05-16 00:55:28,147 - twister - DEBUG - OUTPUT: ===================================================================
2026-05-16 00:55:28,147 - twister - DEBUG - OUTPUT: START - test_reinit_clears_state
2026-05-16 00:55:28,147 - twister - DEBUG - OUTPUT:  PASS - test_reinit_clears_state in 0.000 seconds
2026-05-16 00:55:28,147 - twister - DEBUG - OUTPUT: ===================================================================
2026-05-16 00:55:28,147 - twister - DEBUG - OUTPUT: START - test_fresh_state
2026-05-16 00:55:28,148 - twister - DEBUG - OUTPUT:  PASS - test_fresh_state in 0.000 seconds
2026-05-16 00:55:28,148 - twister - DEBUG - OUTPUT: ===================================================================
2026-05-16 00:55:28,148 - twister - DEBUG - OUTPUT: START - test_reinit_clears_state
2026-05-16 00:55:28,148 - twister - DEBUG - OUTPUT:  PASS - test_reinit_clears_state in 0.000 seconds
2026-05-16 00:55:28,148 - twister - DEBUG - OUTPUT: ===================================================================
2026-05-16 00:55:28,148 - twister - DEBUG - OUTPUT: START - test_fresh_state
2026-05-16 00:55:28,148 - twister - DEBUG - OUTPUT:  PASS - test_fresh_state in 0.000 seconds
2026-05-16 00:55:28,148 - twister - DEBUG - OUTPUT: ===================================================================
2026-05-16 00:55:28,149 - twister - DEBUG - OUTPUT: TESTSUITE ring_buf_init succeeded
2026-05-16 00:55:28,149 - twister - DEBUG - OUTPUT: Running TESTSUITE ring_buf_init
2026-05-16 00:55:28,149 - twister - DEBUG - OUTPUT: ===================================================================
2026-05-16 00:55:28,149 - twister - DEBUG - OUTPUT: START - test_fresh_state
2026-05-16 00:55:28,149 - twister - DEBUG - OUTPUT:  PASS - test_fresh_state in 0.000 seconds
2026-05-16 00:55:28,149 - twister - DEBUG - OUTPUT: ===================================================================
2026-05-16 00:55:28,150 - twister - DEBUG - OUTPUT: START - test_reinit_clears_state
2026-05-16 00:55:28,150 - twister - DEBUG - OUTPUT:  PASS - test_reinit_clears_state in 0.000 seconds
2026-05-16 00:55:28,150 - twister - DEBUG - OUTPUT: ===================================================================
2026-05-16 00:55:28,150 - twister - DEBUG - OUTPUT: START - test_fresh_state
2026-05-16 00:55:28,150 - twister - DEBUG - OUTPUT:  PASS - test_fresh_state in 0.000 seconds
2026-05-16 00:55:28,150 - twister - DEBUG - OUTPUT: ===================================================================
2026-05-16 00:55:28,150 - twister - DEBUG - OUTPUT: START - test_reinit_clears_state
2026-05-16 00:55:28,151 - twister - DEBUG - OUTPUT:  PASS - test_reinit_clears_state in 0.000 seconds
2026-05-16 00:55:28,151 - twister - DEBUG - OUTPUT: ===================================================================
2026-05-16 00:55:28,151 - twister - DEBUG - OUTPUT: START - test_reinit_clears_state
2026-05-16 00:55:28,151 - twister - DEBUG - OUTPUT:  PASS - test_reinit_clears_state in 0.000 seconds
2026-05-16 00:55:28,151 - twister - DEBUG - OUTPUT: ===================================================================
2026-05-16 00:55:28,151 - twister - DEBUG - OUTPUT: START - test_fresh_state
2026-05-16 00:55:28,151 - twister - DEBUG - OUTPUT:  PASS - test_fresh_state in 0.000 seconds
2026-05-16 00:55:28,151 - twister - DEBUG - OUTPUT: ===================================================================
2026-05-16 00:55:28,152 - twister - DEBUG - OUTPUT: TESTSUITE ring_buf_init succeeded
2026-05-16 00:55:28,152 - twister - DEBUG - OUTPUT: Running TESTSUITE ring_buf_init
2026-05-16 00:55:28,152 - twister - DEBUG - OUTPUT: ===================================================================
2026-05-16 00:55:28,152 - twister - DEBUG - OUTPUT: START - test_fresh_state
2026-05-16 00:55:28,152 - twister - DEBUG - OUTPUT:  PASS - test_fresh_state in 0.000 seconds
2026-05-16 00:55:28,152 - twister - DEBUG - OUTPUT: ===================================================================
2026-05-16 00:55:28,152 - twister - DEBUG - OUTPUT: START - test_reinit_clears_state
2026-05-16 00:55:28,152 - twister - DEBUG - OUTPUT:  PASS - test_reinit_clears_state in 0.000 seconds
2026-05-16 00:55:28,153 - twister - DEBUG - OUTPUT: ===================================================================
2026-05-16 00:55:28,153 - twister - DEBUG - OUTPUT: START - test_fresh_state
2026-05-16 00:55:28,153 - twister - DEBUG - OUTPUT:  PASS - test_fresh_state in 0.000 seconds
2026-05-16 00:55:28,153 - twister - DEBUG - OUTPUT: ===================================================================
2026-05-16 00:55:28,153 - twister - DEBUG - OUTPUT: START - test_reinit_clears_state
2026-05-16 00:55:28,153 - twister - DEBUG - OUTPUT:  PASS - test_reinit_clears_state in 0.000 seconds
2026-05-16 00:55:28,153 - twister - DEBUG - OUTPUT: ===================================================================
2026-05-16 00:55:28,153 - twister - DEBUG - OUTPUT: START - test_reinit_clears_state
2026-05-16 00:55:28,154 - twister - DEBUG - OUTPUT:  PASS - test_reinit_clears_state in 0.000 seconds
2026-05-16 00:55:28,154 - twister - DEBUG - OUTPUT: ===================================================================
2026-05-16 00:55:28,154 - twister - DEBUG - OUTPUT: START - test_fresh_state
2026-05-16 00:55:28,154 - twister - DEBUG - OUTPUT:  PASS - test_fresh_state in 0.000 seconds
2026-05-16 00:55:28,154 - twister - DEBUG - OUTPUT: ===================================================================
2026-05-16 00:55:28,154 - twister - DEBUG - OUTPUT: TESTSUITE ring_buf_init succeeded
2026-05-16 00:55:28,155 - twister - DEBUG - OUTPUT: Running TESTSUITE ring_buf_push_pop
2026-05-16 00:55:28,155 - twister - DEBUG - OUTPUT: ===================================================================
2026-05-16 00:55:28,155 - twister - DEBUG - OUTPUT: START - test_push_full_returns_enospc
2026-05-16 00:55:28,155 - twister - DEBUG - OUTPUT:  SKIP - test_push_full_returns_enospc in 0.000 seconds
2026-05-16 00:55:28,155 - twister - DEBUG - OUTPUT: ===================================================================
2026-05-16 00:55:28,155 - twister - DEBUG - OUTPUT: START - test_single_push_pop
2026-05-16 00:55:28,156 - twister - DEBUG - OUTPUT:  PASS - test_single_push_pop in 0.000 seconds
2026-05-16 00:55:28,156 - twister - DEBUG - OUTPUT: ===================================================================
2026-05-16 00:55:28,156 - twister - DEBUG - OUTPUT: START - test_fifo_order
2026-05-16 00:55:28,156 - twister - DEBUG - OUTPUT:  SKIP - test_fifo_order in 0.000 seconds
2026-05-16 00:55:28,156 - twister - DEBUG - OUTPUT: ===================================================================
2026-05-16 00:55:28,156 - twister - DEBUG - OUTPUT: START - test_push_full_returns_enospc
2026-05-16 00:55:28,156 - twister - DEBUG - OUTPUT:  SKIP - test_push_full_returns_enospc in 0.000 seconds
2026-05-16 00:55:28,157 - twister - DEBUG - OUTPUT: ===================================================================
2026-05-16 00:55:28,157 - twister - DEBUG - OUTPUT: START - test_fifo_order
2026-05-16 00:55:28,157 - twister - DEBUG - OUTPUT:  SKIP - test_fifo_order in 0.000 seconds
2026-05-16 00:55:28,157 - twister - DEBUG - OUTPUT: ===================================================================
2026-05-16 00:55:28,157 - twister - DEBUG - OUTPUT: START - test_single_push_pop
2026-05-16 00:55:28,157 - twister - DEBUG - OUTPUT:  PASS - test_single_push_pop in 0.000 seconds
2026-05-16 00:55:28,157 - twister - DEBUG - OUTPUT: ===================================================================
2026-05-16 00:55:28,158 - twister - DEBUG - OUTPUT: START - test_single_push_pop
2026-05-16 00:55:28,158 - twister - DEBUG - OUTPUT:  PASS - test_single_push_pop in 0.000 seconds
2026-05-16 00:55:28,158 - twister - DEBUG - OUTPUT: ===================================================================
2026-05-16 00:55:28,158 - twister - DEBUG - OUTPUT: START - test_push_full_returns_enospc
2026-05-16 00:55:28,158 - twister - DEBUG - OUTPUT:  SKIP - test_push_full_returns_enospc in 0.000 seconds
2026-05-16 00:55:28,158 - twister - DEBUG - OUTPUT: ===================================================================
2026-05-16 00:55:28,158 - twister - DEBUG - OUTPUT: START - test_fifo_order
2026-05-16 00:55:28,159 - twister - DEBUG - OUTPUT:  SKIP - test_fifo_order in 0.000 seconds
2026-05-16 00:55:28,159 - twister - DEBUG - OUTPUT: ===================================================================
2026-05-16 00:55:28,159 - twister - DEBUG - OUTPUT: TESTSUITE ring_buf_push_pop succeeded
2026-05-16 00:55:28,159 - twister - DEBUG - OUTPUT: Running TESTSUITE ring_buf_push_pop
2026-05-16 00:55:28,159 - twister - DEBUG - OUTPUT: ===================================================================
2026-05-16 00:55:28,159 - twister - DEBUG - OUTPUT: START - test_push_full_returns_enospc
2026-05-16 00:55:28,160 - twister - DEBUG - OUTPUT:  SKIP - test_push_full_returns_enospc in 0.000 seconds
2026-05-16 00:55:28,160 - twister - DEBUG - OUTPUT: ===================================================================
2026-05-16 00:55:28,160 - twister - DEBUG - OUTPUT: START - test_single_push_pop
2026-05-16 00:55:28,160 - twister - DEBUG - OUTPUT:  PASS - test_single_push_pop in 0.000 seconds
2026-05-16 00:55:28,160 - twister - DEBUG - OUTPUT: ===================================================================
2026-05-16 00:55:28,160 - twister - DEBUG - OUTPUT: START - test_fifo_order
2026-05-16 00:55:28,160 - twister - DEBUG - OUTPUT:  SKIP - test_fifo_order in 0.000 seconds
2026-05-16 00:55:28,160 - twister - DEBUG - OUTPUT: ===================================================================
2026-05-16 00:55:28,161 - twister - DEBUG - OUTPUT: START - test_fifo_order
2026-05-16 00:55:28,161 - twister - DEBUG - OUTPUT:  SKIP - test_fifo_order in 0.000 seconds
2026-05-16 00:55:28,161 - twister - DEBUG - OUTPUT: ===================================================================
2026-05-16 00:55:28,161 - twister - DEBUG - OUTPUT: START - test_push_full_returns_enospc
2026-05-16 00:55:28,161 - twister - DEBUG - OUTPUT:  SKIP - test_push_full_returns_enospc in 0.000 seconds
2026-05-16 00:55:28,161 - twister - DEBUG - OUTPUT: ===================================================================
2026-05-16 00:55:28,161 - twister - DEBUG - OUTPUT: START - test_single_push_pop
2026-05-16 00:55:28,161 - twister - DEBUG - OUTPUT:  PASS - test_single_push_pop in 0.000 seconds
2026-05-16 00:55:28,162 - twister - DEBUG - OUTPUT: ===================================================================
2026-05-16 00:55:28,162 - twister - DEBUG - OUTPUT: START - test_fifo_order
2026-05-16 00:55:28,162 - twister - DEBUG - OUTPUT:  SKIP - test_fifo_order in 0.000 seconds
2026-05-16 00:55:28,162 - twister - DEBUG - OUTPUT: ===================================================================
2026-05-16 00:55:28,162 - twister - DEBUG - OUTPUT: START - test_push_full_returns_enospc
2026-05-16 00:55:28,162 - twister - DEBUG - OUTPUT:  SKIP - test_push_full_returns_enospc in 0.000 seconds
2026-05-16 00:55:28,163 - twister - DEBUG - OUTPUT: ===================================================================
2026-05-16 00:55:28,163 - twister - DEBUG - OUTPUT: START - test_single_push_pop
2026-05-16 00:55:28,163 - twister - DEBUG - OUTPUT:  PASS - test_single_push_pop in 0.000 seconds
2026-05-16 00:55:28,163 - twister - DEBUG - OUTPUT: ===================================================================
2026-05-16 00:55:28,163 - twister - DEBUG - OUTPUT: TESTSUITE ring_buf_push_pop succeeded
2026-05-16 00:55:28,163 - twister - DEBUG - OUTPUT: Running TESTSUITE ring_buf_push_pop
2026-05-16 00:55:28,164 - twister - DEBUG - OUTPUT: ===================================================================
2026-05-16 00:55:28,164 - twister - DEBUG - OUTPUT: START - test_single_push_pop
2026-05-16 00:55:28,164 - twister - DEBUG - OUTPUT:  PASS - test_single_push_pop in 0.000 seconds
2026-05-16 00:55:28,164 - twister - DEBUG - OUTPUT: ===================================================================
2026-05-16 00:55:28,164 - twister - DEBUG - OUTPUT: START - test_fifo_order
2026-05-16 00:55:28,164 - twister - DEBUG - OUTPUT:  SKIP - test_fifo_order in 0.000 seconds
2026-05-16 00:55:28,164 - twister - DEBUG - OUTPUT: ===================================================================
2026-05-16 00:55:28,165 - twister - DEBUG - OUTPUT: START - test_push_full_returns_enospc
2026-05-16 00:55:28,165 - twister - DEBUG - OUTPUT:  SKIP - test_push_full_returns_enospc in 0.000 seconds
2026-05-16 00:55:28,165 - twister - DEBUG - OUTPUT: ===================================================================
2026-05-16 00:55:28,165 - twister - DEBUG - OUTPUT: START - test_single_push_pop
2026-05-16 00:55:28,165 - twister - DEBUG - OUTPUT:  PASS - test_single_push_pop in 0.000 seconds
2026-05-16 00:55:28,165 - twister - DEBUG - OUTPUT: ===================================================================
2026-05-16 00:55:28,165 - twister - DEBUG - OUTPUT: START - test_push_full_returns_enospc
2026-05-16 00:55:28,165 - twister - DEBUG - OUTPUT:  SKIP - test_push_full_returns_enospc in 0.000 seconds
2026-05-16 00:55:28,166 - twister - DEBUG - OUTPUT: ===================================================================
2026-05-16 00:55:28,166 - twister - DEBUG - OUTPUT: START - test_fifo_order
2026-05-16 00:55:28,166 - twister - DEBUG - OUTPUT:  SKIP - test_fifo_order in 0.000 seconds
2026-05-16 00:55:28,166 - twister - DEBUG - OUTPUT: ===================================================================
2026-05-16 00:55:28,166 - twister - DEBUG - OUTPUT: START - test_single_push_pop
2026-05-16 00:55:28,166 - twister - DEBUG - OUTPUT:  PASS - test_single_push_pop in 0.000 seconds
2026-05-16 00:55:28,166 - twister - DEBUG - OUTPUT: ===================================================================
2026-05-16 00:55:28,166 - twister - DEBUG - OUTPUT: START - test_push_full_returns_enospc
2026-05-16 00:55:28,167 - twister - DEBUG - OUTPUT:  SKIP - test_push_full_returns_enospc in 0.000 seconds
2026-05-16 00:55:28,167 - twister - DEBUG - OUTPUT: ===================================================================
2026-05-16 00:55:28,167 - twister - DEBUG - OUTPUT: START - test_fifo_order
2026-05-16 00:55:28,167 - twister - DEBUG - OUTPUT:  SKIP - test_fifo_order in 0.000 seconds
2026-05-16 00:55:28,167 - twister - DEBUG - OUTPUT: ===================================================================
2026-05-16 00:55:28,167 - twister - DEBUG - OUTPUT: TESTSUITE ring_buf_push_pop succeeded
2026-05-16 00:55:28,167 - twister - DEBUG - OUTPUT: 
2026-05-16 00:55:28,168 - twister - DEBUG - OUTPUT: ------ TESTSUITE SUMMARY START ------
2026-05-16 00:55:28,168 - twister - DEBUG - OUTPUT: 
2026-05-16 00:55:28,168 - twister - DEBUG - OUTPUT: SUITE SKIP -   0.00% [ring_buf_boundaries]: pass = 0, fail = 0, skip = 3, total = 3 duration = 0.000 seconds
2026-05-16 00:55:28,168 - twister - DEBUG - OUTPUT:  - SKIP - [ring_buf_boundaries.test_is_full_after_fill] duration = 0.000 seconds
2026-05-16 00:55:28,168 - twister - DEBUG - OUTPUT:  - SKIP - [ring_buf_boundaries.test_peek_does_not_consume] duration = 0.000 seconds
2026-05-16 00:55:28,168 - twister - DEBUG - OUTPUT:  - SKIP - [ring_buf_boundaries.test_pop_null_returns_einval] duration = 0.000 seconds
2026-05-16 00:55:28,168 - twister - DEBUG - OUTPUT: 
2026-05-16 00:55:28,168 - twister - DEBUG - OUTPUT: SUITE PASS - 100.00% [ring_buf_init]: pass = 2, fail = 0, skip = 0, total = 2 duration = 0.000 seconds
2026-05-16 00:55:28,169 - twister - DEBUG - OUTPUT:  - PASS - [ring_buf_init.test_fresh_state] duration = 0.000 seconds
2026-05-16 00:55:28,169 - twister - DEBUG - OUTPUT:  - PASS - [ring_buf_init.test_reinit_clears_state] duration = 0.000 seconds
2026-05-16 00:55:28,169 - twister - DEBUG - OUTPUT: 
2026-05-16 00:55:28,169 - twister - DEBUG - OUTPUT: SUITE PASS - 100.00% [ring_buf_push_pop]: pass = 1, fail = 0, skip = 2, total = 3 duration = 0.000 seconds
2026-05-16 00:55:28,169 - twister - DEBUG - OUTPUT:  - SKIP - [ring_buf_push_pop.test_fifo_order] duration = 0.000 seconds
2026-05-16 00:55:28,169 - twister - DEBUG - OUTPUT:  - SKIP - [ring_buf_push_pop.test_push_full_returns_enospc] duration = 0.000 seconds
2026-05-16 00:55:28,169 - twister - DEBUG - OUTPUT:  - PASS - [ring_buf_push_pop.test_single_push_pop] duration = 0.000 seconds
2026-05-16 00:55:28,170 - twister - DEBUG - OUTPUT: 
2026-05-16 00:55:28,170 - twister - DEBUG - OUTPUT: ------ TESTSUITE SUMMARY END ------
2026-05-16 00:55:28,170 - twister - DEBUG - OUTPUT: 
2026-05-16 00:55:28,170 - twister - DEBUG - OUTPUT: ===================================================================
2026-05-16 00:55:28,170 - twister - DEBUG - OUTPUT: RunID: 9ad055e1656af4bfca98309e611c316c
2026-05-16 00:55:28,170 - twister - DEBUG - OUTPUT: PROJECT EXECUTION SUCCESSFUL
2026-05-16 00:55:28,172 - twister - DEBUG - Expected suite names:['ring_buf_init', 'ring_buf_push_pop', 'ring_buf_boundaries']
2026-05-16 00:55:28,172 - twister - DEBUG - Detected suite names:['ring_buf_boundaries', 'ring_buf_init', 'ring_buf_push_pop']
2026-05-16 00:55:28,172 - twister - DEBUG - run status: native_sim/native/host/gnu/homework.unit.ring_buf passed
2026-05-16 00:55:28,179 - twister - INFO - 1 test scenarios (1 configurations) selected, 0 configurations filtered (0 by static filter, 0 at runtime).
2026-05-16 00:55:28,185 - twister - INFO - [32m1 of 1[39m executed test configurations passed (100.00%), 0 built (not run), 0 failed, 0 errored, with no warnings in 8.13 seconds.
2026-05-16 00:55:28,185 - twister - INFO - 3 of 3 executed test cases passed (100.00%) on 1 out of total 1469 platforms (0.07%).
2026-05-16 00:55:28,185 - twister - INFO - 5 selected test cases not executed: 5 skipped.
2026-05-16 00:55:28,185 - twister - INFO - [32m1[39m test configurations executed on platforms, [36m0[39m test configurations were only built.
2026-05-16 00:55:28,185 - twister - INFO - Saving reports...
2026-05-16 00:55:28,185 - twister - INFO - Writing JSON report /home/felipe/zephyrproject/zephyr-course/twister-out/twister.json
2026-05-16 00:55:28,186 - twister - INFO - Writing xunit report /home/felipe/zephyrproject/zephyr-course/twister-out/twister.xml...
2026-05-16 00:55:28,186 - twister - INFO - Writing xunit report /home/felipe/zephyrproject/zephyr-course/twister-out/twister_report.xml...
2026-05-16 00:55:28,187 - twister - INFO - Run completed
