2026-05-16 00:57:25,816 - twister - INFO - Using Ninja..
2026-05-16 00:57:25,939 - twister - INFO - Zephyr version: v4.3.0-9609-g1863204edabb
2026-05-16 00:57:25,941 - twister - DEBUG - Running cmake script /home/felipe/zephyrproject/zephyr/cmake/verify-toolchain.cmake
2026-05-16 00:57:25,942 - twister - DEBUG - Calling cmake: /usr/bin/cmake -DFORMAT=json -P /home/felipe/zephyrproject/zephyr/cmake/verify-toolchain.cmake
2026-05-16 00:57:26,109 - twister - DEBUG - Finished running /home/felipe/zephyrproject/zephyr/cmake/verify-toolchain.cmake
2026-05-16 00:57:26,110 - twister - INFO - Using 'zephyr/gnu' toolchain variant.
2026-05-16 00:57:26,966 - twister - DEBUG - Reading testsuite configuration files under /home/felipe/zephyrproject/zephyr-course/tests/ring_buf...
2026-05-16 00:57:26,966 - twister - DEBUG - Found possible testsuite in /home/felipe/zephyrproject/zephyr-course/tests/ring_buf
2026-05-16 00:57:26,968 - twister - DEBUG - No duplicates found.
2026-05-16 00:57:26,968 - twister - DEBUG -  platform filter: ['native_sim']
2026-05-16 00:57:26,968 - twister - DEBUG - platform_pattern: []
2026-05-16 00:57:26,968 - twister - DEBUG -    vendor filter: []
2026-05-16 00:57:26,968 - twister - DEBUG -      arch_filter: None
2026-05-16 00:57:26,969 - twister - DEBUG -       tag_filter: None
2026-05-16 00:57:26,969 - twister - DEBUG -      exclude_tag: None
2026-05-16 00:57:26,969 - twister - DEBUG - Checking platform filter: ['native_sim']
2026-05-16 00:57:26,969 - twister - INFO - Building initial testsuite list...
2026-05-16 00:57:26,969 - twister - INFO - Built testsuite list in 0.00 seconds
2026-05-16 00:57:26,969 - twister - INFO - Writing JSON report /home/felipe/zephyrproject/zephyr-course/twister-out/testplan.json
2026-05-16 00:57:26,982 - twister - INFO - JOBS: 16
2026-05-16 00:57:26,983 - twister - INFO - Adding tasks to the queue...
2026-05-16 00:57:26,983 - twister - DEBUG - adding native_sim/native/host/gnu/homework.unit.ring_buf
2026-05-16 00:57:26,984 - twister - INFO - Added initial list of jobs to queue
2026-05-16 00:57:26,989 - twister - DEBUG - Running cmake on /home/felipe/zephyrproject/zephyr-course/tests/ring_buf for native_sim/native
2026-05-16 00:57:26,990 - twister - DEBUG - Calling cmake: /usr/bin/cmake -B/home/felipe/zephyrproject/zephyr-course/twister-out/native_sim_native/host_gnu/zephyr-course/tests/ring_buf/homework.unit.ring_buf -DTC_RUNID=a1c09a7631244757b0c61bfcc194784e -DTC_NAME=homework.unit.ring_buf -DCONFIG_COMPILER_WARNINGS_AS_ERRORS=y -DEXTRA_GEN_EDT_ARGS=--edtlib-Werror -GNinja -DPython3_EXECUTABLE=/home/felipe/zephyrproject/.venv/bin/python3 -DZEPHYR_TOOLCHAIN_VARIANT=host/gnu -S/home/felipe/zephyrproject/zephyr-course/tests/ring_buf -DBOARD=native_sim/native
2026-05-16 00:57:27,010 - twister - DEBUG - Launched 16 jobs
2026-05-16 00:57:32,264 - twister - DEBUG - Finished running cmake /home/felipe/zephyrproject/zephyr-course/tests/ring_buf for native_sim/native in 5.27 seconds
2026-05-16 00:57:32,266 - twister - DEBUG - build test: native_sim/native/host/gnu/homework.unit.ring_buf
2026-05-16 00:57:32,266 - twister - DEBUG - Building /home/felipe/zephyrproject/zephyr-course/tests/ring_buf for native_sim/native
2026-05-16 00:57:32,267 - twister - DEBUG - Running /usr/bin/cmake --build /home/felipe/zephyrproject/zephyr-course/twister-out/native_sim_native/host_gnu/zephyr-course/tests/ring_buf/homework.unit.ring_buf
2026-05-16 00:57:33,845 - twister - DEBUG - Finished building /home/felipe/zephyrproject/zephyr-course/tests/ring_buf for native_sim/native in 1.58 seconds
2026-05-16 00:57:33,845 - twister - DEBUG - Determine test cases for test instance: native_sim/native/host/gnu/homework.unit.ring_buf
2026-05-16 00:57:33,845 - twister - DEBUG - Determine test cases for test suite: homework.unit.ring_buf
2026-05-16 00:57:33,895 - twister - DEBUG - Test instance native_sim/native/host/gnu/homework.unit.ring_buf already has 8 testcase(s) known: [<TestCase homework.unit.ring_buf.ring_buf_boundaries.is_full_after_fill with None>, <TestCase homework.unit.ring_buf.ring_buf_push_pop.single_push_pop with None>, <TestCase homework.unit.ring_buf.ring_buf_init.fresh_state with None>, <TestCase homework.unit.ring_buf.ring_buf_boundaries.peek_does_not_consume with None>, <TestCase homework.unit.ring_buf.ring_buf_init.reinit_clears_state with None>, <TestCase homework.unit.ring_buf.ring_buf_push_pop.push_full_returns_enospc with None>, <TestCase homework.unit.ring_buf.ring_buf_boundaries.pop_null_returns_einval with None>, <TestCase homework.unit.ring_buf.ring_buf_push_pop.fifo_order with None>]
2026-05-16 00:57:33,895 - twister - DEBUG - Detected 8 Ztest case(s): [homework.unit.ring_buf.ring_buf_boundaries.is_full_after_fill, homework.unit.ring_buf.ring_buf_boundaries.pop_null_returns_einval, homework.unit.ring_buf.ring_buf_boundaries.peek_does_not_consume, homework.unit.ring_buf.ring_buf_push_pop.push_full_returns_enospc, homework.unit.ring_buf.ring_buf_push_pop.fifo_order, homework.unit.ring_buf.ring_buf_push_pop.single_push_pop, homework.unit.ring_buf.ring_buf_init.reinit_clears_state, homework.unit.ring_buf.ring_buf_init.fresh_state] in /home/felipe/zephyrproject/zephyr-course/twister-out/native_sim_native/host_gnu/zephyr-course/tests/ring_buf/homework.unit.ring_buf/zephyr/zephyr.elf
2026-05-16 00:57:33,897 - twister - DEBUG - run test: native_sim/native/host/gnu/homework.unit.ring_buf
2026-05-16 00:57:33,897 - twister - DEBUG - Reset instance status from 'passed' to None before run.
2026-05-16 00:57:33,897 - twister - DEBUG - Spawning process: /home/felipe/zephyrproject/zephyr-course/twister-out/native_sim_native/host_gnu/zephyr-course/tests/ring_buf/homework.unit.ring_buf/zephyr/zephyr.exe
in directory: /home/felipe/zephyrproject/zephyr-course/twister-out/native_sim_native/host_gnu/zephyr-course/tests/ring_buf/homework.unit.ring_buf
2026-05-16 00:57:33,898 - twister - DEBUG - Spawning BinaryHandler Thread for native_sim/native/host/gnu/homework.unit.ring_buf
2026-05-16 00:57:33,899 - twister - DEBUG - OUTPUT: *** Booting Zephyr OS build v4.3.0-9609-g1863204edabb ***
2026-05-16 00:57:33,899 - twister - DEBUG - OUTPUT: Running TESTSUITE ring_buf_boundaries
2026-05-16 00:57:33,899 - twister - DEBUG - OUTPUT: ===================================================================
2026-05-16 00:57:33,899 - twister - DEBUG - OUTPUT: START - test_pop_null_returns_einval
2026-05-16 00:57:33,899 - twister - DEBUG - OUTPUT:  SKIP - test_pop_null_returns_einval in 0.000 seconds
2026-05-16 00:57:33,900 - twister - DEBUG - OUTPUT: ===================================================================
2026-05-16 00:57:33,900 - twister - DEBUG - OUTPUT: START - test_is_full_after_fill
2026-05-16 00:57:33,900 - twister - DEBUG - OUTPUT:  SKIP - test_is_full_after_fill in 0.000 seconds
2026-05-16 00:57:33,900 - twister - DEBUG - OUTPUT: ===================================================================
2026-05-16 00:57:33,900 - twister - DEBUG - OUTPUT: START - test_peek_does_not_consume
2026-05-16 00:57:33,900 - twister - DEBUG - OUTPUT:  SKIP - test_peek_does_not_consume in 0.000 seconds
2026-05-16 00:57:33,901 - twister - DEBUG - OUTPUT: ===================================================================
2026-05-16 00:57:33,901 - twister - DEBUG - OUTPUT: START - test_peek_does_not_consume
2026-05-16 00:57:33,901 - twister - DEBUG - OUTPUT:  SKIP - test_peek_does_not_consume in 0.000 seconds
2026-05-16 00:57:33,901 - twister - DEBUG - OUTPUT: ===================================================================
2026-05-16 00:57:33,901 - twister - DEBUG - OUTPUT: START - test_is_full_after_fill
2026-05-16 00:57:33,901 - twister - DEBUG - OUTPUT:  SKIP - test_is_full_after_fill in 0.000 seconds
2026-05-16 00:57:33,901 - twister - DEBUG - OUTPUT: ===================================================================
2026-05-16 00:57:33,902 - twister - DEBUG - OUTPUT: START - test_pop_null_returns_einval
2026-05-16 00:57:33,902 - twister - DEBUG - OUTPUT:  SKIP - test_pop_null_returns_einval in 0.000 seconds
2026-05-16 00:57:33,902 - twister - DEBUG - OUTPUT: ===================================================================
2026-05-16 00:57:33,902 - twister - DEBUG - OUTPUT: START - test_peek_does_not_consume
2026-05-16 00:57:33,902 - twister - DEBUG - OUTPUT:  SKIP - test_peek_does_not_consume in 0.000 seconds
2026-05-16 00:57:33,902 - twister - DEBUG - OUTPUT: ===================================================================
2026-05-16 00:57:33,902 - twister - DEBUG - OUTPUT: START - test_pop_null_returns_einval
2026-05-16 00:57:33,903 - twister - DEBUG - OUTPUT:  SKIP - test_pop_null_returns_einval in 0.000 seconds
2026-05-16 00:57:33,903 - twister - DEBUG - OUTPUT: ===================================================================
2026-05-16 00:57:33,903 - twister - DEBUG - OUTPUT: START - test_is_full_after_fill
2026-05-16 00:57:33,903 - twister - DEBUG - OUTPUT:  SKIP - test_is_full_after_fill in 0.000 seconds
2026-05-16 00:57:33,903 - twister - DEBUG - OUTPUT: ===================================================================
2026-05-16 00:57:33,903 - twister - DEBUG - OUTPUT: TESTSUITE ring_buf_boundaries succeeded
2026-05-16 00:57:33,903 - twister - DEBUG - OUTPUT: Running TESTSUITE ring_buf_boundaries
2026-05-16 00:57:33,904 - twister - DEBUG - OUTPUT: ===================================================================
2026-05-16 00:57:33,904 - twister - DEBUG - OUTPUT: START - test_peek_does_not_consume
2026-05-16 00:57:33,904 - twister - DEBUG - OUTPUT:  SKIP - test_peek_does_not_consume in 0.000 seconds
2026-05-16 00:57:33,904 - twister - DEBUG - OUTPUT: ===================================================================
2026-05-16 00:57:33,904 - twister - DEBUG - OUTPUT: START - test_is_full_after_fill
2026-05-16 00:57:33,904 - twister - DEBUG - OUTPUT:  SKIP - test_is_full_after_fill in 0.000 seconds
2026-05-16 00:57:33,904 - twister - DEBUG - OUTPUT: ===================================================================
2026-05-16 00:57:33,904 - twister - DEBUG - OUTPUT: START - test_pop_null_returns_einval
2026-05-16 00:57:33,905 - twister - DEBUG - OUTPUT:  SKIP - test_pop_null_returns_einval in 0.000 seconds
2026-05-16 00:57:33,905 - twister - DEBUG - OUTPUT: ===================================================================
2026-05-16 00:57:33,905 - twister - DEBUG - OUTPUT: START - test_peek_does_not_consume
2026-05-16 00:57:33,905 - twister - DEBUG - OUTPUT:  SKIP - test_peek_does_not_consume in 0.000 seconds
2026-05-16 00:57:33,905 - twister - DEBUG - OUTPUT: ===================================================================
2026-05-16 00:57:33,905 - twister - DEBUG - OUTPUT: START - test_is_full_after_fill
2026-05-16 00:57:33,905 - twister - DEBUG - OUTPUT:  SKIP - test_is_full_after_fill in 0.000 seconds
2026-05-16 00:57:33,906 - twister - DEBUG - OUTPUT: ===================================================================
2026-05-16 00:57:33,906 - twister - DEBUG - OUTPUT: START - test_pop_null_returns_einval
2026-05-16 00:57:33,906 - twister - DEBUG - OUTPUT:  SKIP - test_pop_null_returns_einval in 0.000 seconds
2026-05-16 00:57:33,906 - twister - DEBUG - OUTPUT: ===================================================================
2026-05-16 00:57:33,906 - twister - DEBUG - OUTPUT: START - test_is_full_after_fill
2026-05-16 00:57:33,906 - twister - DEBUG - OUTPUT:  SKIP - test_is_full_after_fill in 0.000 seconds
2026-05-16 00:57:33,906 - twister - DEBUG - OUTPUT: ===================================================================
2026-05-16 00:57:33,906 - twister - DEBUG - OUTPUT: START - test_peek_does_not_consume
2026-05-16 00:57:33,907 - twister - DEBUG - OUTPUT:  SKIP - test_peek_does_not_consume in 0.000 seconds
2026-05-16 00:57:33,907 - twister - DEBUG - OUTPUT: ===================================================================
2026-05-16 00:57:33,907 - twister - DEBUG - OUTPUT: START - test_pop_null_returns_einval
2026-05-16 00:57:33,907 - twister - DEBUG - OUTPUT:  SKIP - test_pop_null_returns_einval in 0.000 seconds
2026-05-16 00:57:33,907 - twister - DEBUG - OUTPUT: ===================================================================
2026-05-16 00:57:33,907 - twister - DEBUG - OUTPUT: TESTSUITE ring_buf_boundaries succeeded
2026-05-16 00:57:33,907 - twister - DEBUG - OUTPUT: Running TESTSUITE ring_buf_boundaries
2026-05-16 00:57:33,907 - twister - DEBUG - OUTPUT: ===================================================================
2026-05-16 00:57:33,908 - twister - DEBUG - OUTPUT: START - test_is_full_after_fill
2026-05-16 00:57:33,908 - twister - DEBUG - OUTPUT:  SKIP - test_is_full_after_fill in 0.000 seconds
2026-05-16 00:57:33,908 - twister - DEBUG - OUTPUT: ===================================================================
2026-05-16 00:57:33,908 - twister - DEBUG - OUTPUT: START - test_peek_does_not_consume
2026-05-16 00:57:33,908 - twister - DEBUG - OUTPUT:  SKIP - test_peek_does_not_consume in 0.000 seconds
2026-05-16 00:57:33,908 - twister - DEBUG - OUTPUT: ===================================================================
2026-05-16 00:57:33,908 - twister - DEBUG - OUTPUT: START - test_pop_null_returns_einval
2026-05-16 00:57:33,908 - twister - DEBUG - OUTPUT:  SKIP - test_pop_null_returns_einval in 0.000 seconds
2026-05-16 00:57:33,909 - twister - DEBUG - OUTPUT: ===================================================================
2026-05-16 00:57:33,909 - twister - DEBUG - OUTPUT: START - test_peek_does_not_consume
2026-05-16 00:57:33,909 - twister - DEBUG - OUTPUT:  SKIP - test_peek_does_not_consume in 0.000 seconds
2026-05-16 00:57:33,909 - twister - DEBUG - OUTPUT: ===================================================================
2026-05-16 00:57:33,909 - twister - DEBUG - OUTPUT: START - test_pop_null_returns_einval
2026-05-16 00:57:33,909 - twister - DEBUG - OUTPUT:  SKIP - test_pop_null_returns_einval in 0.000 seconds
2026-05-16 00:57:33,909 - twister - DEBUG - OUTPUT: ===================================================================
2026-05-16 00:57:33,910 - twister - DEBUG - OUTPUT: START - test_is_full_after_fill
2026-05-16 00:57:33,910 - twister - DEBUG - OUTPUT:  SKIP - test_is_full_after_fill in 0.000 seconds
2026-05-16 00:57:33,910 - twister - DEBUG - OUTPUT: ===================================================================
2026-05-16 00:57:33,910 - twister - DEBUG - OUTPUT: START - test_peek_does_not_consume
2026-05-16 00:57:33,910 - twister - DEBUG - OUTPUT:  SKIP - test_peek_does_not_consume in 0.000 seconds
2026-05-16 00:57:33,910 - twister - DEBUG - OUTPUT: ===================================================================
2026-05-16 00:57:33,910 - twister - DEBUG - OUTPUT: START - test_pop_null_returns_einval
2026-05-16 00:57:33,911 - twister - DEBUG - OUTPUT:  SKIP - test_pop_null_returns_einval in 0.000 seconds
2026-05-16 00:57:33,911 - twister - DEBUG - OUTPUT: ===================================================================
2026-05-16 00:57:33,911 - twister - DEBUG - OUTPUT: START - test_is_full_after_fill
2026-05-16 00:57:33,911 - twister - DEBUG - OUTPUT:  SKIP - test_is_full_after_fill in 0.000 seconds
2026-05-16 00:57:33,911 - twister - DEBUG - OUTPUT: ===================================================================
2026-05-16 00:57:33,911 - twister - DEBUG - OUTPUT: TESTSUITE ring_buf_boundaries succeeded
2026-05-16 00:57:33,911 - twister - DEBUG - OUTPUT: Running TESTSUITE ring_buf_init
2026-05-16 00:57:33,911 - twister - DEBUG - OUTPUT: ===================================================================
2026-05-16 00:57:33,912 - twister - DEBUG - OUTPUT: START - test_reinit_clears_state
2026-05-16 00:57:33,912 - twister - DEBUG - OUTPUT:  PASS - test_reinit_clears_state in 0.000 seconds
2026-05-16 00:57:33,912 - twister - DEBUG - OUTPUT: ===================================================================
2026-05-16 00:57:33,912 - twister - DEBUG - OUTPUT: START - test_fresh_state
2026-05-16 00:57:33,912 - twister - DEBUG - OUTPUT:  PASS - test_fresh_state in 0.000 seconds
2026-05-16 00:57:33,912 - twister - DEBUG - OUTPUT: ===================================================================
2026-05-16 00:57:33,912 - twister - DEBUG - OUTPUT: START - test_reinit_clears_state
2026-05-16 00:57:33,912 - twister - DEBUG - OUTPUT:  PASS - test_reinit_clears_state in 0.000 seconds
2026-05-16 00:57:33,913 - twister - DEBUG - OUTPUT: ===================================================================
2026-05-16 00:57:33,913 - twister - DEBUG - OUTPUT: START - test_fresh_state
2026-05-16 00:57:33,913 - twister - DEBUG - OUTPUT:  PASS - test_fresh_state in 0.000 seconds
2026-05-16 00:57:33,913 - twister - DEBUG - OUTPUT: ===================================================================
2026-05-16 00:57:33,913 - twister - DEBUG - OUTPUT: START - test_reinit_clears_state
2026-05-16 00:57:33,913 - twister - DEBUG - OUTPUT:  PASS - test_reinit_clears_state in 0.000 seconds
2026-05-16 00:57:33,913 - twister - DEBUG - OUTPUT: ===================================================================
2026-05-16 00:57:33,913 - twister - DEBUG - OUTPUT: START - test_fresh_state
2026-05-16 00:57:33,914 - twister - DEBUG - OUTPUT:  PASS - test_fresh_state in 0.000 seconds
2026-05-16 00:57:33,914 - twister - DEBUG - OUTPUT: ===================================================================
2026-05-16 00:57:33,914 - twister - DEBUG - OUTPUT: TESTSUITE ring_buf_init succeeded
2026-05-16 00:57:33,914 - twister - DEBUG - OUTPUT: Running TESTSUITE ring_buf_init
2026-05-16 00:57:33,914 - twister - DEBUG - OUTPUT: ===================================================================
2026-05-16 00:57:33,914 - twister - DEBUG - OUTPUT: START - test_fresh_state
2026-05-16 00:57:33,914 - twister - DEBUG - OUTPUT:  PASS - test_fresh_state in 0.000 seconds
2026-05-16 00:57:33,915 - twister - DEBUG - OUTPUT: ===================================================================
2026-05-16 00:57:33,915 - twister - DEBUG - OUTPUT: START - test_reinit_clears_state
2026-05-16 00:57:33,915 - twister - DEBUG - OUTPUT:  PASS - test_reinit_clears_state in 0.000 seconds
2026-05-16 00:57:33,915 - twister - DEBUG - OUTPUT: ===================================================================
2026-05-16 00:57:33,915 - twister - DEBUG - OUTPUT: START - test_fresh_state
2026-05-16 00:57:33,915 - twister - DEBUG - OUTPUT:  PASS - test_fresh_state in 0.000 seconds
2026-05-16 00:57:33,916 - twister - DEBUG - OUTPUT: ===================================================================
2026-05-16 00:57:33,916 - twister - DEBUG - OUTPUT: START - test_reinit_clears_state
2026-05-16 00:57:33,916 - twister - DEBUG - OUTPUT:  PASS - test_reinit_clears_state in 0.000 seconds
2026-05-16 00:57:33,916 - twister - DEBUG - OUTPUT: ===================================================================
2026-05-16 00:57:33,916 - twister - DEBUG - OUTPUT: START - test_reinit_clears_state
2026-05-16 00:57:33,916 - twister - DEBUG - OUTPUT:  PASS - test_reinit_clears_state in 0.000 seconds
2026-05-16 00:57:33,917 - twister - DEBUG - OUTPUT: ===================================================================
2026-05-16 00:57:33,917 - twister - DEBUG - OUTPUT: START - test_fresh_state
2026-05-16 00:57:33,917 - twister - DEBUG - OUTPUT:  PASS - test_fresh_state in 0.000 seconds
2026-05-16 00:57:33,917 - twister - DEBUG - OUTPUT: ===================================================================
2026-05-16 00:57:33,917 - twister - DEBUG - OUTPUT: TESTSUITE ring_buf_init succeeded
2026-05-16 00:57:33,917 - twister - DEBUG - OUTPUT: Running TESTSUITE ring_buf_init
2026-05-16 00:57:33,917 - twister - DEBUG - OUTPUT: ===================================================================
2026-05-16 00:57:33,918 - twister - DEBUG - OUTPUT: START - test_fresh_state
2026-05-16 00:57:33,918 - twister - DEBUG - OUTPUT:  PASS - test_fresh_state in 0.000 seconds
2026-05-16 00:57:33,918 - twister - DEBUG - OUTPUT: ===================================================================
2026-05-16 00:57:33,918 - twister - DEBUG - OUTPUT: START - test_reinit_clears_state
2026-05-16 00:57:33,918 - twister - DEBUG - OUTPUT:  PASS - test_reinit_clears_state in 0.000 seconds
2026-05-16 00:57:33,918 - twister - DEBUG - OUTPUT: ===================================================================
2026-05-16 00:57:33,918 - twister - DEBUG - OUTPUT: START - test_fresh_state
2026-05-16 00:57:33,918 - twister - DEBUG - OUTPUT:  PASS - test_fresh_state in 0.000 seconds
2026-05-16 00:57:33,919 - twister - DEBUG - OUTPUT: ===================================================================
2026-05-16 00:57:33,919 - twister - DEBUG - OUTPUT: START - test_reinit_clears_state
2026-05-16 00:57:33,919 - twister - DEBUG - OUTPUT:  PASS - test_reinit_clears_state in 0.000 seconds
2026-05-16 00:57:33,919 - twister - DEBUG - OUTPUT: ===================================================================
2026-05-16 00:57:33,919 - twister - DEBUG - OUTPUT: START - test_reinit_clears_state
2026-05-16 00:57:33,919 - twister - DEBUG - OUTPUT:  PASS - test_reinit_clears_state in 0.000 seconds
2026-05-16 00:57:33,919 - twister - DEBUG - OUTPUT: ===================================================================
2026-05-16 00:57:33,920 - twister - DEBUG - OUTPUT: START - test_fresh_state
2026-05-16 00:57:33,920 - twister - DEBUG - OUTPUT:  PASS - test_fresh_state in 0.000 seconds
2026-05-16 00:57:33,920 - twister - DEBUG - OUTPUT: ===================================================================
2026-05-16 00:57:33,920 - twister - DEBUG - OUTPUT: TESTSUITE ring_buf_init succeeded
2026-05-16 00:57:33,920 - twister - DEBUG - OUTPUT: Running TESTSUITE ring_buf_push_pop
2026-05-16 00:57:33,920 - twister - DEBUG - OUTPUT: ===================================================================
2026-05-16 00:57:33,920 - twister - DEBUG - OUTPUT: START - test_push_full_returns_enospc
2026-05-16 00:57:33,921 - twister - DEBUG - OUTPUT:  SKIP - test_push_full_returns_enospc in 0.000 seconds
2026-05-16 00:57:33,921 - twister - DEBUG - OUTPUT: ===================================================================
2026-05-16 00:57:33,921 - twister - DEBUG - OUTPUT: START - test_single_push_pop
2026-05-16 00:57:33,921 - twister - DEBUG - OUTPUT:  PASS - test_single_push_pop in 0.000 seconds
2026-05-16 00:57:33,921 - twister - DEBUG - OUTPUT: ===================================================================
2026-05-16 00:57:33,921 - twister - DEBUG - OUTPUT: START - test_fifo_order
2026-05-16 00:57:33,921 - twister - DEBUG - OUTPUT:  SKIP - test_fifo_order in 0.000 seconds
2026-05-16 00:57:33,922 - twister - DEBUG - OUTPUT: ===================================================================
2026-05-16 00:57:33,922 - twister - DEBUG - OUTPUT: START - test_push_full_returns_enospc
2026-05-16 00:57:33,922 - twister - DEBUG - OUTPUT:  SKIP - test_push_full_returns_enospc in 0.000 seconds
2026-05-16 00:57:33,922 - twister - DEBUG - OUTPUT: ===================================================================
2026-05-16 00:57:33,922 - twister - DEBUG - OUTPUT: START - test_fifo_order
2026-05-16 00:57:33,922 - twister - DEBUG - OUTPUT:  SKIP - test_fifo_order in 0.000 seconds
2026-05-16 00:57:33,923 - twister - DEBUG - OUTPUT: ===================================================================
2026-05-16 00:57:33,923 - twister - DEBUG - OUTPUT: START - test_single_push_pop
2026-05-16 00:57:33,923 - twister - DEBUG - OUTPUT:  PASS - test_single_push_pop in 0.000 seconds
2026-05-16 00:57:33,923 - twister - DEBUG - OUTPUT: ===================================================================
2026-05-16 00:57:33,923 - twister - DEBUG - OUTPUT: START - test_single_push_pop
2026-05-16 00:57:33,923 - twister - DEBUG - OUTPUT:  PASS - test_single_push_pop in 0.000 seconds
2026-05-16 00:57:33,924 - twister - DEBUG - OUTPUT: ===================================================================
2026-05-16 00:57:33,924 - twister - DEBUG - OUTPUT: START - test_push_full_returns_enospc
2026-05-16 00:57:33,924 - twister - DEBUG - OUTPUT:  SKIP - test_push_full_returns_enospc in 0.000 seconds
2026-05-16 00:57:33,924 - twister - DEBUG - OUTPUT: ===================================================================
2026-05-16 00:57:33,924 - twister - DEBUG - OUTPUT: START - test_fifo_order
2026-05-16 00:57:33,924 - twister - DEBUG - OUTPUT:  SKIP - test_fifo_order in 0.000 seconds
2026-05-16 00:57:33,924 - twister - DEBUG - OUTPUT: ===================================================================
2026-05-16 00:57:33,925 - twister - DEBUG - OUTPUT: TESTSUITE ring_buf_push_pop succeeded
2026-05-16 00:57:33,925 - twister - DEBUG - OUTPUT: Running TESTSUITE ring_buf_push_pop
2026-05-16 00:57:33,925 - twister - DEBUG - OUTPUT: ===================================================================
2026-05-16 00:57:33,926 - twister - DEBUG - OUTPUT: START - test_push_full_returns_enospc
2026-05-16 00:57:33,926 - twister - DEBUG - OUTPUT:  SKIP - test_push_full_returns_enospc in 0.000 seconds
2026-05-16 00:57:33,926 - twister - DEBUG - OUTPUT: ===================================================================
2026-05-16 00:57:33,926 - twister - DEBUG - OUTPUT: START - test_single_push_pop
2026-05-16 00:57:33,926 - twister - DEBUG - OUTPUT:  PASS - test_single_push_pop in 0.000 seconds
2026-05-16 00:57:33,926 - twister - DEBUG - OUTPUT: ===================================================================
2026-05-16 00:57:33,926 - twister - DEBUG - OUTPUT: START - test_fifo_order
2026-05-16 00:57:33,927 - twister - DEBUG - OUTPUT:  SKIP - test_fifo_order in 0.000 seconds
2026-05-16 00:57:33,927 - twister - DEBUG - OUTPUT: ===================================================================
2026-05-16 00:57:33,927 - twister - DEBUG - OUTPUT: START - test_fifo_order
2026-05-16 00:57:33,927 - twister - DEBUG - OUTPUT:  SKIP - test_fifo_order in 0.000 seconds
2026-05-16 00:57:33,927 - twister - DEBUG - OUTPUT: ===================================================================
2026-05-16 00:57:33,928 - twister - DEBUG - OUTPUT: START - test_push_full_returns_enospc
2026-05-16 00:57:33,928 - twister - DEBUG - OUTPUT:  SKIP - test_push_full_returns_enospc in 0.000 seconds
2026-05-16 00:57:33,928 - twister - DEBUG - OUTPUT: ===================================================================
2026-05-16 00:57:33,928 - twister - DEBUG - OUTPUT: START - test_single_push_pop
2026-05-16 00:57:33,928 - twister - DEBUG - OUTPUT:  PASS - test_single_push_pop in 0.000 seconds
2026-05-16 00:57:33,928 - twister - DEBUG - OUTPUT: ===================================================================
2026-05-16 00:57:33,928 - twister - DEBUG - OUTPUT: START - test_fifo_order
2026-05-16 00:57:33,929 - twister - DEBUG - OUTPUT:  SKIP - test_fifo_order in 0.000 seconds
2026-05-16 00:57:33,929 - twister - DEBUG - OUTPUT: ===================================================================
2026-05-16 00:57:33,929 - twister - DEBUG - OUTPUT: START - test_push_full_returns_enospc
2026-05-16 00:57:33,929 - twister - DEBUG - OUTPUT:  SKIP - test_push_full_returns_enospc in 0.000 seconds
2026-05-16 00:57:33,929 - twister - DEBUG - OUTPUT: ===================================================================
2026-05-16 00:57:33,929 - twister - DEBUG - OUTPUT: START - test_single_push_pop
2026-05-16 00:57:33,929 - twister - DEBUG - OUTPUT:  PASS - test_single_push_pop in 0.000 seconds
2026-05-16 00:57:33,929 - twister - DEBUG - OUTPUT: ===================================================================
2026-05-16 00:57:33,930 - twister - DEBUG - OUTPUT: TESTSUITE ring_buf_push_pop succeeded
2026-05-16 00:57:33,930 - twister - DEBUG - OUTPUT: Running TESTSUITE ring_buf_push_pop
2026-05-16 00:57:33,930 - twister - DEBUG - OUTPUT: ===================================================================
2026-05-16 00:57:33,930 - twister - DEBUG - OUTPUT: START - test_single_push_pop
2026-05-16 00:57:33,930 - twister - DEBUG - OUTPUT:  PASS - test_single_push_pop in 0.000 seconds
2026-05-16 00:57:33,930 - twister - DEBUG - OUTPUT: ===================================================================
2026-05-16 00:57:33,930 - twister - DEBUG - OUTPUT: START - test_fifo_order
2026-05-16 00:57:33,931 - twister - DEBUG - OUTPUT:  SKIP - test_fifo_order in 0.000 seconds
2026-05-16 00:57:33,931 - twister - DEBUG - OUTPUT: ===================================================================
2026-05-16 00:57:33,931 - twister - DEBUG - OUTPUT: START - test_push_full_returns_enospc
2026-05-16 00:57:33,931 - twister - DEBUG - OUTPUT:  SKIP - test_push_full_returns_enospc in 0.000 seconds
2026-05-16 00:57:33,931 - twister - DEBUG - OUTPUT: ===================================================================
2026-05-16 00:57:33,931 - twister - DEBUG - OUTPUT: START - test_single_push_pop
2026-05-16 00:57:33,931 - twister - DEBUG - OUTPUT:  PASS - test_single_push_pop in 0.000 seconds
2026-05-16 00:57:33,932 - twister - DEBUG - OUTPUT: ===================================================================
2026-05-16 00:57:33,932 - twister - DEBUG - OUTPUT: START - test_push_full_returns_enospc
2026-05-16 00:57:33,932 - twister - DEBUG - OUTPUT:  SKIP - test_push_full_returns_enospc in 0.000 seconds
2026-05-16 00:57:33,932 - twister - DEBUG - OUTPUT: ===================================================================
2026-05-16 00:57:33,932 - twister - DEBUG - OUTPUT: START - test_fifo_order
2026-05-16 00:57:33,932 - twister - DEBUG - OUTPUT:  SKIP - test_fifo_order in 0.000 seconds
2026-05-16 00:57:33,932 - twister - DEBUG - OUTPUT: ===================================================================
2026-05-16 00:57:33,933 - twister - DEBUG - OUTPUT: START - test_single_push_pop
2026-05-16 00:57:33,933 - twister - DEBUG - OUTPUT:  PASS - test_single_push_pop in 0.000 seconds
2026-05-16 00:57:33,933 - twister - DEBUG - OUTPUT: ===================================================================
2026-05-16 00:57:33,933 - twister - DEBUG - OUTPUT: START - test_push_full_returns_enospc
2026-05-16 00:57:33,933 - twister - DEBUG - OUTPUT:  SKIP - test_push_full_returns_enospc in 0.000 seconds
2026-05-16 00:57:33,933 - twister - DEBUG - OUTPUT: ===================================================================
2026-05-16 00:57:33,933 - twister - DEBUG - OUTPUT: START - test_fifo_order
2026-05-16 00:57:33,933 - twister - DEBUG - OUTPUT:  SKIP - test_fifo_order in 0.000 seconds
2026-05-16 00:57:33,934 - twister - DEBUG - OUTPUT: ===================================================================
2026-05-16 00:57:33,934 - twister - DEBUG - OUTPUT: TESTSUITE ring_buf_push_pop succeeded
2026-05-16 00:57:33,934 - twister - DEBUG - OUTPUT: 
2026-05-16 00:57:33,934 - twister - DEBUG - OUTPUT: ------ TESTSUITE SUMMARY START ------
2026-05-16 00:57:33,934 - twister - DEBUG - OUTPUT: 
2026-05-16 00:57:33,934 - twister - DEBUG - OUTPUT: SUITE SKIP -   0.00% [ring_buf_boundaries]: pass = 0, fail = 0, skip = 3, total = 3 duration = 0.000 seconds
2026-05-16 00:57:33,934 - twister - DEBUG - OUTPUT:  - SKIP - [ring_buf_boundaries.test_is_full_after_fill] duration = 0.000 seconds
2026-05-16 00:57:33,934 - twister - DEBUG - OUTPUT:  - SKIP - [ring_buf_boundaries.test_peek_does_not_consume] duration = 0.000 seconds
2026-05-16 00:57:33,935 - twister - DEBUG - OUTPUT:  - SKIP - [ring_buf_boundaries.test_pop_null_returns_einval] duration = 0.000 seconds
2026-05-16 00:57:33,935 - twister - DEBUG - OUTPUT: 
2026-05-16 00:57:33,935 - twister - DEBUG - OUTPUT: SUITE PASS - 100.00% [ring_buf_init]: pass = 2, fail = 0, skip = 0, total = 2 duration = 0.000 seconds
2026-05-16 00:57:33,935 - twister - DEBUG - OUTPUT:  - PASS - [ring_buf_init.test_fresh_state] duration = 0.000 seconds
2026-05-16 00:57:33,935 - twister - DEBUG - OUTPUT:  - PASS - [ring_buf_init.test_reinit_clears_state] duration = 0.000 seconds
2026-05-16 00:57:33,935 - twister - DEBUG - OUTPUT: 
2026-05-16 00:57:33,935 - twister - DEBUG - OUTPUT: SUITE PASS - 100.00% [ring_buf_push_pop]: pass = 1, fail = 0, skip = 2, total = 3 duration = 0.000 seconds
2026-05-16 00:57:33,936 - twister - DEBUG - OUTPUT:  - SKIP - [ring_buf_push_pop.test_fifo_order] duration = 0.000 seconds
2026-05-16 00:57:33,936 - twister - DEBUG - OUTPUT:  - SKIP - [ring_buf_push_pop.test_push_full_returns_enospc] duration = 0.000 seconds
2026-05-16 00:57:33,936 - twister - DEBUG - OUTPUT:  - PASS - [ring_buf_push_pop.test_single_push_pop] duration = 0.000 seconds
2026-05-16 00:57:33,936 - twister - DEBUG - OUTPUT: 
2026-05-16 00:57:33,936 - twister - DEBUG - OUTPUT: ------ TESTSUITE SUMMARY END ------
2026-05-16 00:57:33,936 - twister - DEBUG - OUTPUT: 
2026-05-16 00:57:33,936 - twister - DEBUG - OUTPUT: ===================================================================
2026-05-16 00:57:33,937 - twister - DEBUG - OUTPUT: RunID: a1c09a7631244757b0c61bfcc194784e
2026-05-16 00:57:33,937 - twister - DEBUG - OUTPUT: PROJECT EXECUTION SUCCESSFUL
2026-05-16 00:57:33,938 - twister - DEBUG - Expected suite names:['ring_buf_init', 'ring_buf_push_pop', 'ring_buf_boundaries']
2026-05-16 00:57:33,938 - twister - DEBUG - Detected suite names:['ring_buf_boundaries', 'ring_buf_init', 'ring_buf_push_pop']
2026-05-16 00:57:33,938 - twister - DEBUG - run status: native_sim/native/host/gnu/homework.unit.ring_buf passed
2026-05-16 00:57:33,945 - twister - INFO - 1 test scenarios (1 configurations) selected, 0 configurations filtered (0 by static filter, 0 at runtime).
2026-05-16 00:57:33,951 - twister - INFO - [32m1 of 1[39m executed test configurations passed (100.00%), 0 built (not run), 0 failed, 0 errored, with no warnings in 8.14 seconds.
2026-05-16 00:57:33,951 - twister - INFO - 3 of 3 executed test cases passed (100.00%) on 1 out of total 1469 platforms (0.07%).
2026-05-16 00:57:33,951 - twister - INFO - 5 selected test cases not executed: 5 skipped.
2026-05-16 00:57:33,951 - twister - INFO - [32m1[39m test configurations executed on platforms, [36m0[39m test configurations were only built.
2026-05-16 00:57:33,951 - twister - INFO - Saving reports...
2026-05-16 00:57:33,951 - twister - INFO - Writing JSON report /home/felipe/zephyrproject/zephyr-course/twister-out/twister.json
2026-05-16 00:57:33,952 - twister - INFO - Writing xunit report /home/felipe/zephyrproject/zephyr-course/twister-out/twister.xml...
2026-05-16 00:57:33,953 - twister - INFO - Writing xunit report /home/felipe/zephyrproject/zephyr-course/twister-out/twister_report.xml...
2026-05-16 00:57:33,953 - twister - INFO - Run completed
