2026-05-16 22:52:42,565 - twister - INFO - Using Ninja..
2026-05-16 22:52:42,680 - twister - INFO - Zephyr version: v4.3.0-9609-g1863204edabb
2026-05-16 22:52:42,683 - twister - DEBUG - Running cmake script /home/felipe/zephyrproject/zephyr/cmake/verify-toolchain.cmake
2026-05-16 22:52:42,683 - twister - DEBUG - Calling cmake: /usr/bin/cmake -DFORMAT=json -P /home/felipe/zephyrproject/zephyr/cmake/verify-toolchain.cmake
2026-05-16 22:52:42,841 - twister - DEBUG - Finished running /home/felipe/zephyrproject/zephyr/cmake/verify-toolchain.cmake
2026-05-16 22:52:42,841 - twister - INFO - Using 'zephyr/gnu' toolchain variant.
2026-05-16 22:52:43,642 - twister - DEBUG - Reading testsuite configuration files under /home/felipe/zephyrproject/zephyr-course/tests/ring_buf...
2026-05-16 22:52:43,642 - twister - DEBUG - Found possible testsuite in /home/felipe/zephyrproject/zephyr-course/tests/ring_buf
2026-05-16 22:52:43,644 - twister - DEBUG - No duplicates found.
2026-05-16 22:52:43,644 - twister - DEBUG -  platform filter: ['native_sim']
2026-05-16 22:52:43,644 - twister - DEBUG - platform_pattern: []
2026-05-16 22:52:43,644 - twister - DEBUG -    vendor filter: []
2026-05-16 22:52:43,644 - twister - DEBUG -      arch_filter: None
2026-05-16 22:52:43,644 - twister - DEBUG -       tag_filter: None
2026-05-16 22:52:43,644 - twister - DEBUG -      exclude_tag: None
2026-05-16 22:52:43,644 - twister - DEBUG - Checking platform filter: ['native_sim']
2026-05-16 22:52:43,645 - twister - INFO - Building initial testsuite list...
2026-05-16 22:52:43,645 - twister - INFO - Built testsuite list in 0.00 seconds
2026-05-16 22:52:43,645 - twister - INFO - Writing JSON report /home/felipe/zephyrproject/zephyr-course/twister-out/testplan.json
2026-05-16 22:52:43,657 - twister - INFO - JOBS: 16
2026-05-16 22:52:43,658 - twister - INFO - Adding tasks to the queue...
2026-05-16 22:52:43,658 - twister - DEBUG - adding native_sim/native/host/gnu/homework.unit.ring_buf
2026-05-16 22:52:43,659 - twister - INFO - Added initial list of jobs to queue
2026-05-16 22:52:43,664 - twister - DEBUG - Running cmake on /home/felipe/zephyrproject/zephyr-course/tests/ring_buf for native_sim/native
2026-05-16 22:52:43,665 - twister - DEBUG - Calling cmake: /usr/bin/cmake -B/home/felipe/zephyrproject/zephyr-course/twister-out/native_sim_native/host_gnu/zephyr-course/tests/ring_buf/homework.unit.ring_buf -DTC_RUNID=6242b75701251c82b2cca604e0e93f10 -DTC_NAME=homework.unit.ring_buf -DCONFIG_COMPILER_WARNINGS_AS_ERRORS=y -DEXTRA_GEN_EDT_ARGS=--edtlib-Werror -GNinja -DPython3_EXECUTABLE=/home/felipe/zephyrproject/.venv/bin/python3 -DZEPHYR_TOOLCHAIN_VARIANT=host/gnu -S/home/felipe/zephyrproject/zephyr-course/tests/ring_buf -DBOARD=native_sim/native
2026-05-16 22:52:43,680 - twister - DEBUG - Launched 16 jobs
2026-05-16 22:52:48,767 - twister - DEBUG - Finished running cmake /home/felipe/zephyrproject/zephyr-course/tests/ring_buf for native_sim/native in 5.10 seconds
2026-05-16 22:52:48,769 - twister - DEBUG - build test: native_sim/native/host/gnu/homework.unit.ring_buf
2026-05-16 22:52:48,769 - twister - DEBUG - Building /home/felipe/zephyrproject/zephyr-course/tests/ring_buf for native_sim/native
2026-05-16 22:52:48,769 - twister - DEBUG - Running /usr/bin/cmake --build /home/felipe/zephyrproject/zephyr-course/twister-out/native_sim_native/host_gnu/zephyr-course/tests/ring_buf/homework.unit.ring_buf
2026-05-16 22:52:50,261 - twister - DEBUG - Finished building /home/felipe/zephyrproject/zephyr-course/tests/ring_buf for native_sim/native in 1.49 seconds
2026-05-16 22:52:50,261 - twister - DEBUG - Determine test cases for test instance: native_sim/native/host/gnu/homework.unit.ring_buf
2026-05-16 22:52:50,261 - twister - DEBUG - Determine test cases for test suite: homework.unit.ring_buf
2026-05-16 22:52:50,311 - twister - DEBUG - Test instance native_sim/native/host/gnu/homework.unit.ring_buf already has 8 testcase(s) known: [<TestCase homework.unit.ring_buf.ring_buf_push_pop.fifo_order with None>, <TestCase homework.unit.ring_buf.ring_buf_push_pop.single_push_pop with None>, <TestCase homework.unit.ring_buf.ring_buf_init.reinit_clears_state with None>, <TestCase homework.unit.ring_buf.ring_buf_boundaries.pop_null_returns_einval with None>, <TestCase homework.unit.ring_buf.ring_buf_init.fresh_state with None>, <TestCase homework.unit.ring_buf.ring_buf_boundaries.is_full_after_fill with None>, <TestCase homework.unit.ring_buf.ring_buf_boundaries.peek_does_not_consume with None>, <TestCase homework.unit.ring_buf.ring_buf_push_pop.push_full_returns_enospc with None>]
2026-05-16 22:52:50,311 - twister - DEBUG - Detected 8 Ztest case(s): [homework.unit.ring_buf.ring_buf_boundaries.is_full_after_fill, homework.unit.ring_buf.ring_buf_boundaries.pop_null_returns_einval, homework.unit.ring_buf.ring_buf_boundaries.peek_does_not_consume, homework.unit.ring_buf.ring_buf_push_pop.push_full_returns_enospc, homework.unit.ring_buf.ring_buf_push_pop.fifo_order, homework.unit.ring_buf.ring_buf_push_pop.single_push_pop, homework.unit.ring_buf.ring_buf_init.reinit_clears_state, homework.unit.ring_buf.ring_buf_init.fresh_state] in /home/felipe/zephyrproject/zephyr-course/twister-out/native_sim_native/host_gnu/zephyr-course/tests/ring_buf/homework.unit.ring_buf/zephyr/zephyr.elf
2026-05-16 22:52:50,313 - twister - DEBUG - run test: native_sim/native/host/gnu/homework.unit.ring_buf
2026-05-16 22:52:50,313 - twister - DEBUG - Reset instance status from 'passed' to None before run.
2026-05-16 22:52:50,313 - twister - DEBUG - Spawning process: /home/felipe/zephyrproject/zephyr-course/twister-out/native_sim_native/host_gnu/zephyr-course/tests/ring_buf/homework.unit.ring_buf/zephyr/zephyr.exe
in directory: /home/felipe/zephyrproject/zephyr-course/twister-out/native_sim_native/host_gnu/zephyr-course/tests/ring_buf/homework.unit.ring_buf
2026-05-16 22:52:50,314 - twister - DEBUG - Spawning BinaryHandler Thread for native_sim/native/host/gnu/homework.unit.ring_buf
2026-05-16 22:52:50,315 - twister - DEBUG - OUTPUT: *** Booting Zephyr OS build v4.3.0-9609-g1863204edabb ***
2026-05-16 22:52:50,315 - twister - DEBUG - OUTPUT: Running TESTSUITE ring_buf_boundaries
2026-05-16 22:52:50,315 - twister - DEBUG - OUTPUT: ===================================================================
2026-05-16 22:52:50,315 - twister - DEBUG - OUTPUT: START - test_pop_null_returns_einval
2026-05-16 22:52:50,316 - twister - DEBUG - OUTPUT:  SKIP - test_pop_null_returns_einval in 0.000 seconds
2026-05-16 22:52:50,316 - twister - DEBUG - OUTPUT: ===================================================================
2026-05-16 22:52:50,316 - twister - DEBUG - OUTPUT: START - test_is_full_after_fill
2026-05-16 22:52:50,316 - twister - DEBUG - OUTPUT:  SKIP - test_is_full_after_fill in 0.000 seconds
2026-05-16 22:52:50,316 - twister - DEBUG - OUTPUT: ===================================================================
2026-05-16 22:52:50,316 - twister - DEBUG - OUTPUT: START - test_peek_does_not_consume
2026-05-16 22:52:50,316 - twister - DEBUG - OUTPUT:  PASS - test_peek_does_not_consume in 0.000 seconds
2026-05-16 22:52:50,317 - twister - DEBUG - OUTPUT: ===================================================================
2026-05-16 22:52:50,317 - twister - DEBUG - OUTPUT: START - test_peek_does_not_consume
2026-05-16 22:52:50,317 - twister - DEBUG - OUTPUT:  PASS - test_peek_does_not_consume in 0.000 seconds
2026-05-16 22:52:50,317 - twister - DEBUG - OUTPUT: ===================================================================
2026-05-16 22:52:50,317 - twister - DEBUG - OUTPUT: START - test_is_full_after_fill
2026-05-16 22:52:50,317 - twister - DEBUG - OUTPUT:  SKIP - test_is_full_after_fill in 0.000 seconds
2026-05-16 22:52:50,317 - twister - DEBUG - OUTPUT: ===================================================================
2026-05-16 22:52:50,317 - twister - DEBUG - OUTPUT: START - test_pop_null_returns_einval
2026-05-16 22:52:50,318 - twister - DEBUG - OUTPUT:  SKIP - test_pop_null_returns_einval in 0.000 seconds
2026-05-16 22:52:50,318 - twister - DEBUG - OUTPUT: ===================================================================
2026-05-16 22:52:50,318 - twister - DEBUG - OUTPUT: START - test_peek_does_not_consume
2026-05-16 22:52:50,318 - twister - DEBUG - OUTPUT:  PASS - test_peek_does_not_consume in 0.000 seconds
2026-05-16 22:52:50,318 - twister - DEBUG - OUTPUT: ===================================================================
2026-05-16 22:52:50,318 - twister - DEBUG - OUTPUT: START - test_pop_null_returns_einval
2026-05-16 22:52:50,319 - twister - DEBUG - OUTPUT:  SKIP - test_pop_null_returns_einval in 0.000 seconds
2026-05-16 22:52:50,319 - twister - DEBUG - OUTPUT: ===================================================================
2026-05-16 22:52:50,319 - twister - DEBUG - OUTPUT: START - test_is_full_after_fill
2026-05-16 22:52:50,319 - twister - DEBUG - OUTPUT:  SKIP - test_is_full_after_fill in 0.000 seconds
2026-05-16 22:52:50,319 - twister - DEBUG - OUTPUT: ===================================================================
2026-05-16 22:52:50,319 - twister - DEBUG - OUTPUT: TESTSUITE ring_buf_boundaries succeeded
2026-05-16 22:52:50,319 - twister - DEBUG - OUTPUT: Running TESTSUITE ring_buf_boundaries
2026-05-16 22:52:50,320 - twister - DEBUG - OUTPUT: ===================================================================
2026-05-16 22:52:50,320 - twister - DEBUG - OUTPUT: START - test_peek_does_not_consume
2026-05-16 22:52:50,320 - twister - DEBUG - OUTPUT:  PASS - test_peek_does_not_consume in 0.000 seconds
2026-05-16 22:52:50,320 - twister - DEBUG - OUTPUT: ===================================================================
2026-05-16 22:52:50,320 - twister - DEBUG - OUTPUT: START - test_is_full_after_fill
2026-05-16 22:52:50,320 - twister - DEBUG - OUTPUT:  SKIP - test_is_full_after_fill in 0.000 seconds
2026-05-16 22:52:50,320 - twister - DEBUG - OUTPUT: ===================================================================
2026-05-16 22:52:50,320 - twister - DEBUG - OUTPUT: START - test_pop_null_returns_einval
2026-05-16 22:52:50,321 - twister - DEBUG - OUTPUT:  SKIP - test_pop_null_returns_einval in 0.000 seconds
2026-05-16 22:52:50,321 - twister - DEBUG - OUTPUT: ===================================================================
2026-05-16 22:52:50,321 - twister - DEBUG - OUTPUT: START - test_peek_does_not_consume
2026-05-16 22:52:50,321 - twister - DEBUG - OUTPUT:  PASS - test_peek_does_not_consume in 0.000 seconds
2026-05-16 22:52:50,321 - twister - DEBUG - OUTPUT: ===================================================================
2026-05-16 22:52:50,321 - twister - DEBUG - OUTPUT: START - test_is_full_after_fill
2026-05-16 22:52:50,321 - twister - DEBUG - OUTPUT:  SKIP - test_is_full_after_fill in 0.000 seconds
2026-05-16 22:52:50,322 - twister - DEBUG - OUTPUT: ===================================================================
2026-05-16 22:52:50,322 - twister - DEBUG - OUTPUT: START - test_pop_null_returns_einval
2026-05-16 22:52:50,322 - twister - DEBUG - OUTPUT:  SKIP - test_pop_null_returns_einval in 0.000 seconds
2026-05-16 22:52:50,322 - twister - DEBUG - OUTPUT: ===================================================================
2026-05-16 22:52:50,322 - twister - DEBUG - OUTPUT: START - test_is_full_after_fill
2026-05-16 22:52:50,322 - twister - DEBUG - OUTPUT:  SKIP - test_is_full_after_fill in 0.000 seconds
2026-05-16 22:52:50,322 - twister - DEBUG - OUTPUT: ===================================================================
2026-05-16 22:52:50,323 - twister - DEBUG - OUTPUT: START - test_peek_does_not_consume
2026-05-16 22:52:50,323 - twister - DEBUG - OUTPUT:  PASS - test_peek_does_not_consume in 0.000 seconds
2026-05-16 22:52:50,323 - twister - DEBUG - OUTPUT: ===================================================================
2026-05-16 22:52:50,323 - twister - DEBUG - OUTPUT: START - test_pop_null_returns_einval
2026-05-16 22:52:50,323 - twister - DEBUG - OUTPUT:  SKIP - test_pop_null_returns_einval in 0.000 seconds
2026-05-16 22:52:50,323 - twister - DEBUG - OUTPUT: ===================================================================
2026-05-16 22:52:50,323 - twister - DEBUG - OUTPUT: TESTSUITE ring_buf_boundaries succeeded
2026-05-16 22:52:50,324 - twister - DEBUG - OUTPUT: Running TESTSUITE ring_buf_boundaries
2026-05-16 22:52:50,324 - twister - DEBUG - OUTPUT: ===================================================================
2026-05-16 22:52:50,324 - twister - DEBUG - OUTPUT: START - test_is_full_after_fill
2026-05-16 22:52:50,324 - twister - DEBUG - OUTPUT:  SKIP - test_is_full_after_fill in 0.000 seconds
2026-05-16 22:52:50,324 - twister - DEBUG - OUTPUT: ===================================================================
2026-05-16 22:52:50,324 - twister - DEBUG - OUTPUT: START - test_peek_does_not_consume
2026-05-16 22:52:50,324 - twister - DEBUG - OUTPUT:  PASS - test_peek_does_not_consume in 0.000 seconds
2026-05-16 22:52:50,324 - twister - DEBUG - OUTPUT: ===================================================================
2026-05-16 22:52:50,325 - twister - DEBUG - OUTPUT: START - test_pop_null_returns_einval
2026-05-16 22:52:50,325 - twister - DEBUG - OUTPUT:  SKIP - test_pop_null_returns_einval in 0.000 seconds
2026-05-16 22:52:50,325 - twister - DEBUG - OUTPUT: ===================================================================
2026-05-16 22:52:50,325 - twister - DEBUG - OUTPUT: START - test_peek_does_not_consume
2026-05-16 22:52:50,325 - twister - DEBUG - OUTPUT:  PASS - test_peek_does_not_consume in 0.000 seconds
2026-05-16 22:52:50,325 - twister - DEBUG - OUTPUT: ===================================================================
2026-05-16 22:52:50,325 - twister - DEBUG - OUTPUT: START - test_pop_null_returns_einval
2026-05-16 22:52:50,325 - twister - DEBUG - OUTPUT:  SKIP - test_pop_null_returns_einval in 0.000 seconds
2026-05-16 22:52:50,326 - twister - DEBUG - OUTPUT: ===================================================================
2026-05-16 22:52:50,326 - twister - DEBUG - OUTPUT: START - test_is_full_after_fill
2026-05-16 22:52:50,326 - twister - DEBUG - OUTPUT:  SKIP - test_is_full_after_fill in 0.000 seconds
2026-05-16 22:52:50,326 - twister - DEBUG - OUTPUT: ===================================================================
2026-05-16 22:52:50,326 - twister - DEBUG - OUTPUT: START - test_peek_does_not_consume
2026-05-16 22:52:50,326 - twister - DEBUG - OUTPUT:  PASS - test_peek_does_not_consume in 0.000 seconds
2026-05-16 22:52:50,326 - twister - DEBUG - OUTPUT: ===================================================================
2026-05-16 22:52:50,327 - twister - DEBUG - OUTPUT: START - test_pop_null_returns_einval
2026-05-16 22:52:50,327 - twister - DEBUG - OUTPUT:  SKIP - test_pop_null_returns_einval in 0.000 seconds
2026-05-16 22:52:50,327 - twister - DEBUG - OUTPUT: ===================================================================
2026-05-16 22:52:50,327 - twister - DEBUG - OUTPUT: START - test_is_full_after_fill
2026-05-16 22:52:50,327 - twister - DEBUG - OUTPUT:  SKIP - test_is_full_after_fill in 0.000 seconds
2026-05-16 22:52:50,327 - twister - DEBUG - OUTPUT: ===================================================================
2026-05-16 22:52:50,327 - twister - DEBUG - OUTPUT: TESTSUITE ring_buf_boundaries succeeded
2026-05-16 22:52:50,328 - twister - DEBUG - OUTPUT: Running TESTSUITE ring_buf_init
2026-05-16 22:52:50,328 - twister - DEBUG - OUTPUT: ===================================================================
2026-05-16 22:52:50,328 - twister - DEBUG - OUTPUT: START - test_reinit_clears_state
2026-05-16 22:52:50,328 - twister - DEBUG - OUTPUT:  PASS - test_reinit_clears_state in 0.000 seconds
2026-05-16 22:52:50,328 - twister - DEBUG - OUTPUT: ===================================================================
2026-05-16 22:52:50,328 - twister - DEBUG - OUTPUT: START - test_fresh_state
2026-05-16 22:52:50,328 - twister - DEBUG - OUTPUT:  PASS - test_fresh_state in 0.000 seconds
2026-05-16 22:52:50,328 - twister - DEBUG - OUTPUT: ===================================================================
2026-05-16 22:52:50,329 - twister - DEBUG - OUTPUT: START - test_reinit_clears_state
2026-05-16 22:52:50,329 - twister - DEBUG - OUTPUT:  PASS - test_reinit_clears_state in 0.000 seconds
2026-05-16 22:52:50,329 - twister - DEBUG - OUTPUT: ===================================================================
2026-05-16 22:52:50,329 - twister - DEBUG - OUTPUT: START - test_fresh_state
2026-05-16 22:52:50,329 - twister - DEBUG - OUTPUT:  PASS - test_fresh_state in 0.000 seconds
2026-05-16 22:52:50,329 - twister - DEBUG - OUTPUT: ===================================================================
2026-05-16 22:52:50,329 - twister - DEBUG - OUTPUT: START - test_reinit_clears_state
2026-05-16 22:52:50,330 - twister - DEBUG - OUTPUT:  PASS - test_reinit_clears_state in 0.000 seconds
2026-05-16 22:52:50,330 - twister - DEBUG - OUTPUT: ===================================================================
2026-05-16 22:52:50,330 - twister - DEBUG - OUTPUT: START - test_fresh_state
2026-05-16 22:52:50,330 - twister - DEBUG - OUTPUT:  PASS - test_fresh_state in 0.000 seconds
2026-05-16 22:52:50,330 - twister - DEBUG - OUTPUT: ===================================================================
2026-05-16 22:52:50,330 - twister - DEBUG - OUTPUT: TESTSUITE ring_buf_init succeeded
2026-05-16 22:52:50,330 - twister - DEBUG - OUTPUT: Running TESTSUITE ring_buf_init
2026-05-16 22:52:50,330 - twister - DEBUG - OUTPUT: ===================================================================
2026-05-16 22:52:50,331 - twister - DEBUG - OUTPUT: START - test_fresh_state
2026-05-16 22:52:50,331 - twister - DEBUG - OUTPUT:  PASS - test_fresh_state in 0.000 seconds
2026-05-16 22:52:50,331 - twister - DEBUG - OUTPUT: ===================================================================
2026-05-16 22:52:50,331 - twister - DEBUG - OUTPUT: START - test_reinit_clears_state
2026-05-16 22:52:50,331 - twister - DEBUG - OUTPUT:  PASS - test_reinit_clears_state in 0.000 seconds
2026-05-16 22:52:50,331 - twister - DEBUG - OUTPUT: ===================================================================
2026-05-16 22:52:50,331 - twister - DEBUG - OUTPUT: START - test_fresh_state
2026-05-16 22:52:50,332 - twister - DEBUG - OUTPUT:  PASS - test_fresh_state in 0.000 seconds
2026-05-16 22:52:50,332 - twister - DEBUG - OUTPUT: ===================================================================
2026-05-16 22:52:50,332 - twister - DEBUG - OUTPUT: START - test_reinit_clears_state
2026-05-16 22:52:50,332 - twister - DEBUG - OUTPUT:  PASS - test_reinit_clears_state in 0.000 seconds
2026-05-16 22:52:50,332 - twister - DEBUG - OUTPUT: ===================================================================
2026-05-16 22:52:50,332 - twister - DEBUG - OUTPUT: START - test_reinit_clears_state
2026-05-16 22:52:50,332 - twister - DEBUG - OUTPUT:  PASS - test_reinit_clears_state in 0.000 seconds
2026-05-16 22:52:50,332 - twister - DEBUG - OUTPUT: ===================================================================
2026-05-16 22:52:50,333 - twister - DEBUG - OUTPUT: START - test_fresh_state
2026-05-16 22:52:50,333 - twister - DEBUG - OUTPUT:  PASS - test_fresh_state in 0.000 seconds
2026-05-16 22:52:50,333 - twister - DEBUG - OUTPUT: ===================================================================
2026-05-16 22:52:50,333 - twister - DEBUG - OUTPUT: TESTSUITE ring_buf_init succeeded
2026-05-16 22:52:50,333 - twister - DEBUG - OUTPUT: Running TESTSUITE ring_buf_init
2026-05-16 22:52:50,333 - twister - DEBUG - OUTPUT: ===================================================================
2026-05-16 22:52:50,333 - twister - DEBUG - OUTPUT: START - test_fresh_state
2026-05-16 22:52:50,334 - twister - DEBUG - OUTPUT:  PASS - test_fresh_state in 0.000 seconds
2026-05-16 22:52:50,334 - twister - DEBUG - OUTPUT: ===================================================================
2026-05-16 22:52:50,334 - twister - DEBUG - OUTPUT: START - test_reinit_clears_state
2026-05-16 22:52:50,334 - twister - DEBUG - OUTPUT:  PASS - test_reinit_clears_state in 0.000 seconds
2026-05-16 22:52:50,334 - twister - DEBUG - OUTPUT: ===================================================================
2026-05-16 22:52:50,334 - twister - DEBUG - OUTPUT: START - test_fresh_state
2026-05-16 22:52:50,334 - twister - DEBUG - OUTPUT:  PASS - test_fresh_state in 0.000 seconds
2026-05-16 22:52:50,335 - twister - DEBUG - OUTPUT: ===================================================================
2026-05-16 22:52:50,335 - twister - DEBUG - OUTPUT: START - test_reinit_clears_state
2026-05-16 22:52:50,335 - twister - DEBUG - OUTPUT:  PASS - test_reinit_clears_state in 0.000 seconds
2026-05-16 22:52:50,335 - twister - DEBUG - OUTPUT: ===================================================================
2026-05-16 22:52:50,335 - twister - DEBUG - OUTPUT: START - test_reinit_clears_state
2026-05-16 22:52:50,335 - twister - DEBUG - OUTPUT:  PASS - test_reinit_clears_state in 0.000 seconds
2026-05-16 22:52:50,335 - twister - DEBUG - OUTPUT: ===================================================================
2026-05-16 22:52:50,335 - twister - DEBUG - OUTPUT: START - test_fresh_state
2026-05-16 22:52:50,336 - twister - DEBUG - OUTPUT:  PASS - test_fresh_state in 0.000 seconds
2026-05-16 22:52:50,336 - twister - DEBUG - OUTPUT: ===================================================================
2026-05-16 22:52:50,336 - twister - DEBUG - OUTPUT: TESTSUITE ring_buf_init succeeded
2026-05-16 22:52:50,336 - twister - DEBUG - OUTPUT: Running TESTSUITE ring_buf_push_pop
2026-05-16 22:52:50,336 - twister - DEBUG - OUTPUT: ===================================================================
2026-05-16 22:52:50,336 - twister - DEBUG - OUTPUT: START - test_push_full_returns_enospc
2026-05-16 22:52:50,336 - twister - DEBUG - OUTPUT: [00:00:00.000,000] [1;33m<wrn> ring_buf: buffer full (capacity=4)[0m
2026-05-16 22:52:50,337 - twister - DEBUG - OUTPUT:  PASS - test_push_full_returns_enospc in 0.000 seconds
2026-05-16 22:52:50,337 - twister - DEBUG - OUTPUT: ===================================================================
2026-05-16 22:52:50,337 - twister - DEBUG - OUTPUT: START - test_single_push_pop
2026-05-16 22:52:50,337 - twister - DEBUG - OUTPUT:  PASS - test_single_push_pop in 0.000 seconds
2026-05-16 22:52:50,337 - twister - DEBUG - OUTPUT: ===================================================================
2026-05-16 22:52:50,337 - twister - DEBUG - OUTPUT: START - test_fifo_order
2026-05-16 22:52:50,337 - twister - DEBUG - OUTPUT:  PASS - test_fifo_order in 0.000 seconds
2026-05-16 22:52:50,338 - twister - DEBUG - OUTPUT: ===================================================================
2026-05-16 22:52:50,338 - twister - DEBUG - OUTPUT: START - test_push_full_returns_enospc
2026-05-16 22:52:50,338 - twister - DEBUG - OUTPUT: [00:00:00.000,000] [1;33m<wrn> ring_buf: buffer full (capacity=4)[0m
2026-05-16 22:52:50,338 - twister - DEBUG - OUTPUT:  PASS - test_push_full_returns_enospc in 0.000 seconds
2026-05-16 22:52:50,338 - twister - DEBUG - OUTPUT: ===================================================================
2026-05-16 22:52:50,338 - twister - DEBUG - OUTPUT: START - test_fifo_order
2026-05-16 22:52:50,338 - twister - DEBUG - OUTPUT:  PASS - test_fifo_order in 0.000 seconds
2026-05-16 22:52:50,339 - twister - DEBUG - OUTPUT: ===================================================================
2026-05-16 22:52:50,339 - twister - DEBUG - OUTPUT: START - test_single_push_pop
2026-05-16 22:52:50,339 - twister - DEBUG - OUTPUT:  PASS - test_single_push_pop in 0.000 seconds
2026-05-16 22:52:50,339 - twister - DEBUG - OUTPUT: ===================================================================
2026-05-16 22:52:50,339 - twister - DEBUG - OUTPUT: START - test_single_push_pop
2026-05-16 22:52:50,339 - twister - DEBUG - OUTPUT:  PASS - test_single_push_pop in 0.000 seconds
2026-05-16 22:52:50,339 - twister - DEBUG - OUTPUT: ===================================================================
2026-05-16 22:52:50,340 - twister - DEBUG - OUTPUT: START - test_push_full_returns_enospc
2026-05-16 22:52:50,340 - twister - DEBUG - OUTPUT: [00:00:00.000,000] [1;33m<wrn> ring_buf: buffer full (capacity=4)[0m
2026-05-16 22:52:50,340 - twister - DEBUG - OUTPUT:  PASS - test_push_full_returns_enospc in 0.000 seconds
2026-05-16 22:52:50,340 - twister - DEBUG - OUTPUT: ===================================================================
2026-05-16 22:52:50,340 - twister - DEBUG - OUTPUT: START - test_fifo_order
2026-05-16 22:52:50,340 - twister - DEBUG - OUTPUT:  PASS - test_fifo_order in 0.000 seconds
2026-05-16 22:52:50,340 - twister - DEBUG - OUTPUT: ===================================================================
2026-05-16 22:52:50,341 - twister - DEBUG - OUTPUT: TESTSUITE ring_buf_push_pop succeeded
2026-05-16 22:52:50,341 - twister - DEBUG - OUTPUT: Running TESTSUITE ring_buf_push_pop
2026-05-16 22:52:50,341 - twister - DEBUG - OUTPUT: ===================================================================
2026-05-16 22:52:50,341 - twister - DEBUG - OUTPUT: START - test_push_full_returns_enospc
2026-05-16 22:52:50,341 - twister - DEBUG - OUTPUT: [00:00:00.000,000] [1;33m<wrn> ring_buf: buffer full (capacity=4)[0m
2026-05-16 22:52:50,341 - twister - DEBUG - OUTPUT:  PASS - test_push_full_returns_enospc in 0.000 seconds
2026-05-16 22:52:50,341 - twister - DEBUG - OUTPUT: ===================================================================
2026-05-16 22:52:50,341 - twister - DEBUG - OUTPUT: START - test_single_push_pop
2026-05-16 22:52:50,342 - twister - DEBUG - OUTPUT:  PASS - test_single_push_pop in 0.000 seconds
2026-05-16 22:52:50,342 - twister - DEBUG - OUTPUT: ===================================================================
2026-05-16 22:52:50,342 - twister - DEBUG - OUTPUT: START - test_fifo_order
2026-05-16 22:52:50,342 - twister - DEBUG - OUTPUT:  PASS - test_fifo_order in 0.000 seconds
2026-05-16 22:52:50,342 - twister - DEBUG - OUTPUT: ===================================================================
2026-05-16 22:52:50,342 - twister - DEBUG - OUTPUT: START - test_fifo_order
2026-05-16 22:52:50,343 - twister - DEBUG - OUTPUT:  PASS - test_fifo_order in 0.000 seconds
2026-05-16 22:52:50,343 - twister - DEBUG - OUTPUT: ===================================================================
2026-05-16 22:52:50,343 - twister - DEBUG - OUTPUT: START - test_push_full_returns_enospc
2026-05-16 22:52:50,343 - twister - DEBUG - OUTPUT: [00:00:00.000,000] [1;33m<wrn> ring_buf: buffer full (capacity=4)[0m
2026-05-16 22:52:50,343 - twister - DEBUG - OUTPUT:  PASS - test_push_full_returns_enospc in 0.000 seconds
2026-05-16 22:52:50,343 - twister - DEBUG - OUTPUT: ===================================================================
2026-05-16 22:52:50,343 - twister - DEBUG - OUTPUT: START - test_single_push_pop
2026-05-16 22:52:50,344 - twister - DEBUG - OUTPUT:  PASS - test_single_push_pop in 0.000 seconds
2026-05-16 22:52:50,344 - twister - DEBUG - OUTPUT: ===================================================================
2026-05-16 22:52:50,344 - twister - DEBUG - OUTPUT: START - test_fifo_order
2026-05-16 22:52:50,344 - twister - DEBUG - OUTPUT:  PASS - test_fifo_order in 0.000 seconds
2026-05-16 22:52:50,344 - twister - DEBUG - OUTPUT: ===================================================================
2026-05-16 22:52:50,344 - twister - DEBUG - OUTPUT: START - test_push_full_returns_enospc
2026-05-16 22:52:50,344 - twister - DEBUG - OUTPUT: [00:00:00.000,000] [1;33m<wrn> ring_buf: buffer full (capacity=4)[0m
2026-05-16 22:52:50,345 - twister - DEBUG - OUTPUT:  PASS - test_push_full_returns_enospc in 0.000 seconds
2026-05-16 22:52:50,345 - twister - DEBUG - OUTPUT: ===================================================================
2026-05-16 22:52:50,345 - twister - DEBUG - OUTPUT: START - test_single_push_pop
2026-05-16 22:52:50,345 - twister - DEBUG - OUTPUT:  PASS - test_single_push_pop in 0.000 seconds
2026-05-16 22:52:50,345 - twister - DEBUG - OUTPUT: ===================================================================
2026-05-16 22:52:50,345 - twister - DEBUG - OUTPUT: TESTSUITE ring_buf_push_pop succeeded
2026-05-16 22:52:50,345 - twister - DEBUG - OUTPUT: Running TESTSUITE ring_buf_push_pop
2026-05-16 22:52:50,346 - twister - DEBUG - OUTPUT: ===================================================================
2026-05-16 22:52:50,346 - twister - DEBUG - OUTPUT: START - test_single_push_pop
2026-05-16 22:52:50,346 - twister - DEBUG - OUTPUT:  PASS - test_single_push_pop in 0.000 seconds
2026-05-16 22:52:50,346 - twister - DEBUG - OUTPUT: ===================================================================
2026-05-16 22:52:50,346 - twister - DEBUG - OUTPUT: START - test_fifo_order
2026-05-16 22:52:50,346 - twister - DEBUG - OUTPUT:  PASS - test_fifo_order in 0.000 seconds
2026-05-16 22:52:50,346 - twister - DEBUG - OUTPUT: ===================================================================
2026-05-16 22:52:50,346 - twister - DEBUG - OUTPUT: START - test_push_full_returns_enospc
2026-05-16 22:52:50,347 - twister - DEBUG - OUTPUT: [00:00:00.000,000] [1;33m<wrn> ring_buf: buffer full (capacity=4)[0m
2026-05-16 22:52:50,347 - twister - DEBUG - OUTPUT:  PASS - test_push_full_returns_enospc in 0.000 seconds
2026-05-16 22:52:50,347 - twister - DEBUG - OUTPUT: ===================================================================
2026-05-16 22:52:50,347 - twister - DEBUG - OUTPUT: START - test_single_push_pop
2026-05-16 22:52:50,347 - twister - DEBUG - OUTPUT:  PASS - test_single_push_pop in 0.000 seconds
2026-05-16 22:52:50,347 - twister - DEBUG - OUTPUT: ===================================================================
2026-05-16 22:52:50,347 - twister - DEBUG - OUTPUT: START - test_push_full_returns_enospc
2026-05-16 22:52:50,348 - twister - DEBUG - OUTPUT: [00:00:00.000,000] [1;33m<wrn> ring_buf: buffer full (capacity=4)[0m
2026-05-16 22:52:50,348 - twister - DEBUG - OUTPUT:  PASS - test_push_full_returns_enospc in 0.000 seconds
2026-05-16 22:52:50,348 - twister - DEBUG - OUTPUT: ===================================================================
2026-05-16 22:52:50,348 - twister - DEBUG - OUTPUT: START - test_fifo_order
2026-05-16 22:52:50,348 - twister - DEBUG - OUTPUT:  PASS - test_fifo_order in 0.000 seconds
2026-05-16 22:52:50,348 - twister - DEBUG - OUTPUT: ===================================================================
2026-05-16 22:52:50,348 - twister - DEBUG - OUTPUT: START - test_single_push_pop
2026-05-16 22:52:50,348 - twister - DEBUG - OUTPUT:  PASS - test_single_push_pop in 0.000 seconds
2026-05-16 22:52:50,349 - twister - DEBUG - OUTPUT: ===================================================================
2026-05-16 22:52:50,349 - twister - DEBUG - OUTPUT: START - test_push_full_returns_enospc
2026-05-16 22:52:50,349 - twister - DEBUG - OUTPUT: [00:00:00.000,000] [1;33m<wrn> ring_buf: buffer full (capacity=4)[0m
2026-05-16 22:52:50,349 - twister - DEBUG - OUTPUT:  PASS - test_push_full_returns_enospc in 0.000 seconds
2026-05-16 22:52:50,349 - twister - DEBUG - OUTPUT: ===================================================================
2026-05-16 22:52:50,349 - twister - DEBUG - OUTPUT: START - test_fifo_order
2026-05-16 22:52:50,349 - twister - DEBUG - OUTPUT:  PASS - test_fifo_order in 0.000 seconds
2026-05-16 22:52:50,349 - twister - DEBUG - OUTPUT: ===================================================================
2026-05-16 22:52:50,350 - twister - DEBUG - OUTPUT: TESTSUITE ring_buf_push_pop succeeded
2026-05-16 22:52:50,350 - twister - DEBUG - OUTPUT: 
2026-05-16 22:52:50,350 - twister - DEBUG - OUTPUT: ------ TESTSUITE SUMMARY START ------
2026-05-16 22:52:50,350 - twister - DEBUG - OUTPUT: 
2026-05-16 22:52:50,350 - twister - DEBUG - OUTPUT: SUITE PASS - 100.00% [ring_buf_boundaries]: pass = 1, fail = 0, skip = 2, total = 3 duration = 0.000 seconds
2026-05-16 22:52:50,350 - twister - DEBUG - OUTPUT:  - SKIP - [ring_buf_boundaries.test_is_full_after_fill] duration = 0.000 seconds
2026-05-16 22:52:50,350 - twister - DEBUG - OUTPUT:  - PASS - [ring_buf_boundaries.test_peek_does_not_consume] duration = 0.000 seconds
2026-05-16 22:52:50,351 - twister - DEBUG - OUTPUT:  - SKIP - [ring_buf_boundaries.test_pop_null_returns_einval] duration = 0.000 seconds
2026-05-16 22:52:50,351 - twister - DEBUG - OUTPUT: 
2026-05-16 22:52:50,351 - twister - DEBUG - OUTPUT: SUITE PASS - 100.00% [ring_buf_init]: pass = 2, fail = 0, skip = 0, total = 2 duration = 0.000 seconds
2026-05-16 22:52:50,351 - twister - DEBUG - OUTPUT:  - PASS - [ring_buf_init.test_fresh_state] duration = 0.000 seconds
2026-05-16 22:52:50,351 - twister - DEBUG - OUTPUT:  - PASS - [ring_buf_init.test_reinit_clears_state] duration = 0.000 seconds
2026-05-16 22:52:50,351 - twister - DEBUG - OUTPUT: 
2026-05-16 22:52:50,351 - twister - DEBUG - OUTPUT: SUITE PASS - 100.00% [ring_buf_push_pop]: pass = 3, fail = 0, skip = 0, total = 3 duration = 0.000 seconds
2026-05-16 22:52:50,351 - twister - DEBUG - OUTPUT:  - PASS - [ring_buf_push_pop.test_fifo_order] duration = 0.000 seconds
2026-05-16 22:52:50,352 - twister - DEBUG - OUTPUT:  - PASS - [ring_buf_push_pop.test_push_full_returns_enospc] duration = 0.000 seconds
2026-05-16 22:52:50,352 - twister - DEBUG - OUTPUT:  - PASS - [ring_buf_push_pop.test_single_push_pop] duration = 0.000 seconds
2026-05-16 22:52:50,352 - twister - DEBUG - OUTPUT: 
2026-05-16 22:52:50,352 - twister - DEBUG - OUTPUT: ------ TESTSUITE SUMMARY END ------
2026-05-16 22:52:50,352 - twister - DEBUG - OUTPUT: 
2026-05-16 22:52:50,352 - twister - DEBUG - OUTPUT: ===================================================================
2026-05-16 22:52:50,352 - twister - DEBUG - OUTPUT: RunID: 6242b75701251c82b2cca604e0e93f10
2026-05-16 22:52:50,353 - twister - DEBUG - OUTPUT: PROJECT EXECUTION SUCCESSFUL
2026-05-16 22:52:50,354 - twister - DEBUG - Expected suite names:['ring_buf_init', 'ring_buf_push_pop', 'ring_buf_boundaries']
2026-05-16 22:52:50,354 - twister - DEBUG - Detected suite names:['ring_buf_boundaries', 'ring_buf_init', 'ring_buf_push_pop']
2026-05-16 22:52:50,354 - twister - DEBUG - run status: native_sim/native/host/gnu/homework.unit.ring_buf passed
2026-05-16 22:52:50,361 - twister - INFO - 1 test scenarios (1 configurations) selected, 0 configurations filtered (0 by static filter, 0 at runtime).
2026-05-16 22:52:50,366 - twister - INFO - [32m1 of 1[39m executed test configurations passed (100.00%), 0 built (not run), 0 failed, 0 errored, with no warnings in 7.80 seconds.
2026-05-16 22:52:50,366 - twister - INFO - 6 of 6 executed test cases passed (100.00%) on 1 out of total 1469 platforms (0.07%).
2026-05-16 22:52:50,366 - twister - INFO - 2 selected test cases not executed: 2 skipped.
2026-05-16 22:52:50,366 - twister - INFO - [32m1[39m test configurations executed on platforms, [36m0[39m test configurations were only built.
2026-05-16 22:52:50,366 - twister - INFO - Saving reports...
2026-05-16 22:52:50,366 - twister - INFO - Writing JSON report /home/felipe/zephyrproject/zephyr-course/twister-out/twister.json
2026-05-16 22:52:50,367 - twister - INFO - Writing xunit report /home/felipe/zephyrproject/zephyr-course/twister-out/twister.xml...
2026-05-16 22:52:50,367 - twister - INFO - Writing xunit report /home/felipe/zephyrproject/zephyr-course/twister-out/twister_report.xml...
2026-05-16 22:52:50,368 - twister - INFO - Run completed
