2026-05-15 23:35:25,940 - twister - INFO - Using Ninja..
2026-05-15 23:35:26,062 - twister - INFO - Zephyr version: v4.3.0-9609-g1863204edabb
2026-05-15 23:35:26,064 - twister - DEBUG - Running cmake script /home/felipe/zephyrproject/zephyr/cmake/verify-toolchain.cmake
2026-05-15 23:35:26,064 - twister - DEBUG - Calling cmake: /usr/bin/cmake -DFORMAT=json -P /home/felipe/zephyrproject/zephyr/cmake/verify-toolchain.cmake
2026-05-15 23:35:26,245 - twister - DEBUG - Finished running /home/felipe/zephyrproject/zephyr/cmake/verify-toolchain.cmake
2026-05-15 23:35:26,245 - twister - INFO - Using 'zephyr/gnu' toolchain variant.
2026-05-15 23:35:27,119 - twister - DEBUG - Reading testsuite configuration files under /home/felipe/zephyrproject/zephyr-course/tests/calculator...
2026-05-15 23:35:27,120 - twister - DEBUG - Found possible testsuite in /home/felipe/zephyrproject/zephyr-course/tests/calculator
2026-05-15 23:35:27,122 - twister - DEBUG - No duplicates found.
2026-05-15 23:35:27,122 - twister - DEBUG -  platform filter: ['native_sim']
2026-05-15 23:35:27,122 - twister - DEBUG - platform_pattern: []
2026-05-15 23:35:27,122 - twister - DEBUG -    vendor filter: []
2026-05-15 23:35:27,122 - twister - DEBUG -      arch_filter: None
2026-05-15 23:35:27,122 - twister - DEBUG -       tag_filter: None
2026-05-15 23:35:27,122 - twister - DEBUG -      exclude_tag: None
2026-05-15 23:35:27,122 - twister - DEBUG - Checking platform filter: ['native_sim']
2026-05-15 23:35:27,123 - twister - INFO - Building initial testsuite list...
2026-05-15 23:35:27,123 - twister - INFO - Built testsuite list in 0.00 seconds
2026-05-15 23:35:27,123 - twister - INFO - Writing JSON report /home/felipe/zephyrproject/zephyr-course/twister-out/testplan.json
2026-05-15 23:35:27,137 - twister - INFO - JOBS: 16
2026-05-15 23:35:27,137 - twister - INFO - Adding tasks to the queue...
2026-05-15 23:35:27,137 - twister - DEBUG - adding native_sim/native/host/gnu/example.unit.calculator
2026-05-15 23:35:27,138 - twister - INFO - Added initial list of jobs to queue
2026-05-15 23:35:27,144 - twister - DEBUG - Running cmake on /home/felipe/zephyrproject/zephyr-course/tests/calculator for native_sim/native
2026-05-15 23:35:27,145 - twister - DEBUG - Calling cmake: /usr/bin/cmake -B/home/felipe/zephyrproject/zephyr-course/twister-out/native_sim_native/host_gnu/zephyr-course/tests/calculator/example.unit.calculator -DTC_RUNID=59d58c52acb5e0d1a2c091a1cb9c3353 -DTC_NAME=example.unit.calculator -DCONFIG_COMPILER_WARNINGS_AS_ERRORS=y -DEXTRA_GEN_EDT_ARGS=--edtlib-Werror -GNinja -DPython3_EXECUTABLE=/home/felipe/zephyrproject/.venv/bin/python3 -DZEPHYR_TOOLCHAIN_VARIANT=host/gnu -S/home/felipe/zephyrproject/zephyr-course/tests/calculator -DBOARD=native_sim/native
2026-05-15 23:35:27,166 - twister - DEBUG - Launched 16 jobs
2026-05-15 23:35:32,510 - twister - DEBUG - Finished running cmake /home/felipe/zephyrproject/zephyr-course/tests/calculator for native_sim/native in 5.36 seconds
2026-05-15 23:35:32,512 - twister - DEBUG - build test: native_sim/native/host/gnu/example.unit.calculator
2026-05-15 23:35:32,512 - twister - DEBUG - Building /home/felipe/zephyrproject/zephyr-course/tests/calculator for native_sim/native
2026-05-15 23:35:32,513 - twister - DEBUG - Running /usr/bin/cmake --build /home/felipe/zephyrproject/zephyr-course/twister-out/native_sim_native/host_gnu/zephyr-course/tests/calculator/example.unit.calculator
2026-05-15 23:35:35,222 - twister - DEBUG - Finished building /home/felipe/zephyrproject/zephyr-course/tests/calculator for native_sim/native in 2.71 seconds
2026-05-15 23:35:35,222 - twister - DEBUG - Determine test cases for test instance: native_sim/native/host/gnu/example.unit.calculator
2026-05-15 23:35:35,222 - twister - DEBUG - Determine test cases for test suite: example.unit.calculator
2026-05-15 23:35:35,279 - twister - DEBUG - Test instance native_sim/native/host/gnu/example.unit.calculator already has 24 testcase(s) known: [<TestCase example.unit.calculator.calculator_mul.positive_numbers with None>, <TestCase example.unit.calculator.calculator_sub.negative_result with None>, <TestCase example.unit.calculator.calculator_add.zero with None>, <TestCase example.unit.calculator.calculator_edge_cases.chained_operations with None>, <TestCase example.unit.calculator.calculator_last_result.failed_op_does_not_update with None>, <TestCase example.unit.calculator.calculator_mul.by_zero with None>, <TestCase example.unit.calculator.calculator_div.negative_dividend_truncation with None>, <TestCase example.unit.calculator.calculator_div.divide_by_zero with None>, <TestCase example.unit.calculator.calculator_last_result.add_updates_cache with None>, <TestCase example.unit.calculator.calculator_mul.negative_numbers with None>, <TestCase example.unit.calculator.calculator_last_result.overwrite_on_second_op with None>, <TestCase example.unit.calculator.calculator_div.null_pointer with None>, <TestCase example.unit.calculator.calculator_last_result.null_pointer with None>, <TestCase example.unit.calculator.calculator_sub.null_pointer with None>, <TestCase example.unit.calculator.calculator_add.negative_numbers with None>, <TestCase example.unit.calculator.calculator_mul.null_pointer with None>, <TestCase example.unit.calculator.calculator_div.integer_truncation with None>, <TestCase example.unit.calculator.calculator_add.positive_numbers with None>, <TestCase example.unit.calculator.calculator_add.null_pointer with None>, <TestCase example.unit.calculator.calculator_add.mixed_signs with None>, <TestCase example.unit.calculator.calculator_last_result.no_result_before_first_op with None>, <TestCase example.unit.calculator.calculator_last_result.reset_clears_cache with None>, <TestCase example.unit.calculator.calculator_div.exact_division with None>, <TestCase example.unit.calculator.calculator_sub.positive_result with None>]
2026-05-15 23:35:35,279 - twister - DEBUG - Detected 24 Ztest case(s): [example.unit.calculator.calculator_edge_cases.chained_operations, example.unit.calculator.calculator_div.negative_dividend_truncation, example.unit.calculator.calculator_div.null_pointer, example.unit.calculator.calculator_div.divide_by_zero, example.unit.calculator.calculator_div.integer_truncation, example.unit.calculator.calculator_div.exact_division, example.unit.calculator.calculator_mul.null_pointer, example.unit.calculator.calculator_mul.by_zero, example.unit.calculator.calculator_mul.negative_numbers, example.unit.calculator.calculator_mul.positive_numbers, example.unit.calculator.calculator_sub.null_pointer, example.unit.calculator.calculator_sub.negative_result, example.unit.calculator.calculator_sub.positive_result, example.unit.calculator.calculator_add.null_pointer, example.unit.calculator.calculator_add.zero, example.unit.calculator.calculator_add.mixed_signs, example.unit.calculator.calculator_add.negative_numbers, example.unit.calculator.calculator_add.positive_numbers, example.unit.calculator.calculator_last_result.reset_clears_cache, example.unit.calculator.calculator_last_result.failed_op_does_not_update, example.unit.calculator.calculator_last_result.overwrite_on_second_op, example.unit.calculator.calculator_last_result.add_updates_cache, example.unit.calculator.calculator_last_result.null_pointer, example.unit.calculator.calculator_last_result.no_result_before_first_op] in /home/felipe/zephyrproject/zephyr-course/twister-out/native_sim_native/host_gnu/zephyr-course/tests/calculator/example.unit.calculator/zephyr/zephyr.elf
2026-05-15 23:35:35,281 - twister - DEBUG - run test: native_sim/native/host/gnu/example.unit.calculator
2026-05-15 23:35:35,281 - twister - DEBUG - Reset instance status from 'passed' to None before run.
2026-05-15 23:35:35,282 - twister - DEBUG - Spawning process: /home/felipe/zephyrproject/zephyr-course/twister-out/native_sim_native/host_gnu/zephyr-course/tests/calculator/example.unit.calculator/zephyr/zephyr.exe
in directory: /home/felipe/zephyrproject/zephyr-course/twister-out/native_sim_native/host_gnu/zephyr-course/tests/calculator/example.unit.calculator
2026-05-15 23:35:35,282 - twister - DEBUG - Spawning BinaryHandler Thread for native_sim/native/host/gnu/example.unit.calculator
2026-05-15 23:35:35,283 - twister - DEBUG - OUTPUT: *** Booting Zephyr OS build v4.3.0-9609-g1863204edabb ***
2026-05-15 23:35:35,283 - twister - DEBUG - OUTPUT: Running TESTSUITE calculator_mul
2026-05-15 23:35:35,284 - twister - DEBUG - OUTPUT: ===================================================================
2026-05-15 23:35:35,284 - twister - DEBUG - OUTPUT: START - test_positive_numbers
2026-05-15 23:35:35,284 - twister - DEBUG - OUTPUT:  PASS - test_positive_numbers in 0.000 seconds
2026-05-15 23:35:35,284 - twister - DEBUG - OUTPUT: ===================================================================
2026-05-15 23:35:35,284 - twister - DEBUG - OUTPUT: START - test_negative_numbers
2026-05-15 23:35:35,284 - twister - DEBUG - OUTPUT:  PASS - test_negative_numbers in 0.000 seconds
2026-05-15 23:35:35,284 - twister - DEBUG - OUTPUT: ===================================================================
2026-05-15 23:35:35,285 - twister - DEBUG - OUTPUT: START - test_by_zero
2026-05-15 23:35:35,285 - twister - DEBUG - OUTPUT:  PASS - test_by_zero in 0.000 seconds
2026-05-15 23:35:35,285 - twister - DEBUG - OUTPUT: ===================================================================
2026-05-15 23:35:35,285 - twister - DEBUG - OUTPUT: START - test_null_pointer
2026-05-15 23:35:35,285 - twister - DEBUG - OUTPUT: [00:00:00.000,000] [1;31m<err> calculator: result pointer is NULL[0m
2026-05-15 23:35:35,285 - twister - DEBUG - OUTPUT:  PASS - test_null_pointer in 0.000 seconds
2026-05-15 23:35:35,286 - twister - DEBUG - OUTPUT: ===================================================================
2026-05-15 23:35:35,286 - twister - DEBUG - OUTPUT: START - test_by_zero
2026-05-15 23:35:35,286 - twister - DEBUG - OUTPUT:  PASS - test_by_zero in 0.000 seconds
2026-05-15 23:35:35,286 - twister - DEBUG - OUTPUT: ===================================================================
2026-05-15 23:35:35,286 - twister - DEBUG - OUTPUT: START - test_negative_numbers
2026-05-15 23:35:35,286 - twister - DEBUG - OUTPUT:  PASS - test_negative_numbers in 0.000 seconds
2026-05-15 23:35:35,286 - twister - DEBUG - OUTPUT: ===================================================================
2026-05-15 23:35:35,287 - twister - DEBUG - OUTPUT: START - test_null_pointer
2026-05-15 23:35:35,287 - twister - DEBUG - OUTPUT: [00:00:00.000,000] [1;31m<err> calculator: result pointer is NULL[0m
2026-05-15 23:35:35,287 - twister - DEBUG - OUTPUT:  PASS - test_null_pointer in 0.000 seconds
2026-05-15 23:35:35,287 - twister - DEBUG - OUTPUT: ===================================================================
2026-05-15 23:35:35,287 - twister - DEBUG - OUTPUT: START - test_positive_numbers
2026-05-15 23:35:35,287 - twister - DEBUG - OUTPUT:  PASS - test_positive_numbers in 0.000 seconds
2026-05-15 23:35:35,287 - twister - DEBUG - OUTPUT: ===================================================================
2026-05-15 23:35:35,288 - twister - DEBUG - OUTPUT: START - test_negative_numbers
2026-05-15 23:35:35,288 - twister - DEBUG - OUTPUT:  PASS - test_negative_numbers in 0.000 seconds
2026-05-15 23:35:35,288 - twister - DEBUG - OUTPUT: ===================================================================
2026-05-15 23:35:35,288 - twister - DEBUG - OUTPUT: START - test_null_pointer
2026-05-15 23:35:35,288 - twister - DEBUG - OUTPUT: [00:00:00.000,000] [1;31m<err> calculator: result pointer is NULL[0m
2026-05-15 23:35:35,289 - twister - DEBUG - OUTPUT:  PASS - test_null_pointer in 0.000 seconds
2026-05-15 23:35:35,289 - twister - DEBUG - OUTPUT: ===================================================================
2026-05-15 23:35:35,289 - twister - DEBUG - OUTPUT: START - test_positive_numbers
2026-05-15 23:35:35,289 - twister - DEBUG - OUTPUT:  PASS - test_positive_numbers in 0.000 seconds
2026-05-15 23:35:35,289 - twister - DEBUG - OUTPUT: ===================================================================
2026-05-15 23:35:35,289 - twister - DEBUG - OUTPUT: START - test_by_zero
2026-05-15 23:35:35,289 - twister - DEBUG - OUTPUT:  PASS - test_by_zero in 0.000 seconds
2026-05-15 23:35:35,290 - twister - DEBUG - OUTPUT: ===================================================================
2026-05-15 23:35:35,290 - twister - DEBUG - OUTPUT: TESTSUITE calculator_mul succeeded
2026-05-15 23:35:35,290 - twister - DEBUG - OUTPUT: Running TESTSUITE calculator_mul
2026-05-15 23:35:35,290 - twister - DEBUG - OUTPUT: ===================================================================
2026-05-15 23:35:35,290 - twister - DEBUG - OUTPUT: START - test_by_zero
2026-05-15 23:35:35,290 - twister - DEBUG - OUTPUT:  PASS - test_by_zero in 0.000 seconds
2026-05-15 23:35:35,290 - twister - DEBUG - OUTPUT: ===================================================================
2026-05-15 23:35:35,291 - twister - DEBUG - OUTPUT: START - test_negative_numbers
2026-05-15 23:35:35,291 - twister - DEBUG - OUTPUT:  PASS - test_negative_numbers in 0.000 seconds
2026-05-15 23:35:35,291 - twister - DEBUG - OUTPUT: ===================================================================
2026-05-15 23:35:35,291 - twister - DEBUG - OUTPUT: START - test_positive_numbers
2026-05-15 23:35:35,291 - twister - DEBUG - OUTPUT:  PASS - test_positive_numbers in 0.000 seconds
2026-05-15 23:35:35,291 - twister - DEBUG - OUTPUT: ===================================================================
2026-05-15 23:35:35,292 - twister - DEBUG - OUTPUT: START - test_null_pointer
2026-05-15 23:35:35,292 - twister - DEBUG - OUTPUT: [00:00:00.000,000] [1;31m<err> calculator: result pointer is NULL[0m
2026-05-15 23:35:35,292 - twister - DEBUG - OUTPUT:  PASS - test_null_pointer in 0.000 seconds
2026-05-15 23:35:35,292 - twister - DEBUG - OUTPUT: ===================================================================
2026-05-15 23:35:35,292 - twister - DEBUG - OUTPUT: START - test_by_zero
2026-05-15 23:35:35,292 - twister - DEBUG - OUTPUT:  PASS - test_by_zero in 0.000 seconds
2026-05-15 23:35:35,292 - twister - DEBUG - OUTPUT: ===================================================================
2026-05-15 23:35:35,293 - twister - DEBUG - OUTPUT: START - test_null_pointer
2026-05-15 23:35:35,293 - twister - DEBUG - OUTPUT: [00:00:00.000,000] [1;31m<err> calculator: result pointer is NULL[0m
2026-05-15 23:35:35,293 - twister - DEBUG - OUTPUT:  PASS - test_null_pointer in 0.000 seconds
2026-05-15 23:35:35,293 - twister - DEBUG - OUTPUT: ===================================================================
2026-05-15 23:35:35,293 - twister - DEBUG - OUTPUT: START - test_negative_numbers
2026-05-15 23:35:35,293 - twister - DEBUG - OUTPUT:  PASS - test_negative_numbers in 0.000 seconds
2026-05-15 23:35:35,294 - twister - DEBUG - OUTPUT: ===================================================================
2026-05-15 23:35:35,294 - twister - DEBUG - OUTPUT: START - test_positive_numbers
2026-05-15 23:35:35,294 - twister - DEBUG - OUTPUT:  PASS - test_positive_numbers in 0.000 seconds
2026-05-15 23:35:35,294 - twister - DEBUG - OUTPUT: ===================================================================
2026-05-15 23:35:35,294 - twister - DEBUG - OUTPUT: START - test_negative_numbers
2026-05-15 23:35:35,294 - twister - DEBUG - OUTPUT:  PASS - test_negative_numbers in 0.000 seconds
2026-05-15 23:35:35,294 - twister - DEBUG - OUTPUT: ===================================================================
2026-05-15 23:35:35,295 - twister - DEBUG - OUTPUT: START - test_positive_numbers
2026-05-15 23:35:35,295 - twister - DEBUG - OUTPUT:  PASS - test_positive_numbers in 0.000 seconds
2026-05-15 23:35:35,295 - twister - DEBUG - OUTPUT: ===================================================================
2026-05-15 23:35:35,295 - twister - DEBUG - OUTPUT: START - test_null_pointer
2026-05-15 23:35:35,295 - twister - DEBUG - OUTPUT: [00:00:00.000,000] [1;31m<err> calculator: result pointer is NULL[0m
2026-05-15 23:35:35,295 - twister - DEBUG - OUTPUT:  PASS - test_null_pointer in 0.000 seconds
2026-05-15 23:35:35,295 - twister - DEBUG - OUTPUT: ===================================================================
2026-05-15 23:35:35,296 - twister - DEBUG - OUTPUT: START - test_by_zero
2026-05-15 23:35:35,296 - twister - DEBUG - OUTPUT:  PASS - test_by_zero in 0.000 seconds
2026-05-15 23:35:35,296 - twister - DEBUG - OUTPUT: ===================================================================
2026-05-15 23:35:35,296 - twister - DEBUG - OUTPUT: TESTSUITE calculator_mul succeeded
2026-05-15 23:35:35,296 - twister - DEBUG - OUTPUT: Running TESTSUITE calculator_mul
2026-05-15 23:35:35,296 - twister - DEBUG - OUTPUT: ===================================================================
2026-05-15 23:35:35,296 - twister - DEBUG - OUTPUT: START - test_by_zero
2026-05-15 23:35:35,297 - twister - DEBUG - OUTPUT:  PASS - test_by_zero in 0.000 seconds
2026-05-15 23:35:35,297 - twister - DEBUG - OUTPUT: ===================================================================
2026-05-15 23:35:35,297 - twister - DEBUG - OUTPUT: START - test_negative_numbers
2026-05-15 23:35:35,297 - twister - DEBUG - OUTPUT:  PASS - test_negative_numbers in 0.000 seconds
2026-05-15 23:35:35,297 - twister - DEBUG - OUTPUT: ===================================================================
2026-05-15 23:35:35,297 - twister - DEBUG - OUTPUT: START - test_null_pointer
2026-05-15 23:35:35,297 - twister - DEBUG - OUTPUT: [00:00:00.000,000] [1;31m<err> calculator: result pointer is NULL[0m
2026-05-15 23:35:35,298 - twister - DEBUG - OUTPUT:  PASS - test_null_pointer in 0.000 seconds
2026-05-15 23:35:35,298 - twister - DEBUG - OUTPUT: ===================================================================
2026-05-15 23:35:35,298 - twister - DEBUG - OUTPUT: START - test_positive_numbers
2026-05-15 23:35:35,298 - twister - DEBUG - OUTPUT:  PASS - test_positive_numbers in 0.000 seconds
2026-05-15 23:35:35,298 - twister - DEBUG - OUTPUT: ===================================================================
2026-05-15 23:35:35,298 - twister - DEBUG - OUTPUT: START - test_positive_numbers
2026-05-15 23:35:35,298 - twister - DEBUG - OUTPUT:  PASS - test_positive_numbers in 0.000 seconds
2026-05-15 23:35:35,298 - twister - DEBUG - OUTPUT: ===================================================================
2026-05-15 23:35:35,299 - twister - DEBUG - OUTPUT: START - test_negative_numbers
2026-05-15 23:35:35,299 - twister - DEBUG - OUTPUT:  PASS - test_negative_numbers in 0.000 seconds
2026-05-15 23:35:35,299 - twister - DEBUG - OUTPUT: ===================================================================
2026-05-15 23:35:35,299 - twister - DEBUG - OUTPUT: START - test_null_pointer
2026-05-15 23:35:35,299 - twister - DEBUG - OUTPUT: [00:00:00.000,000] [1;31m<err> calculator: result pointer is NULL[0m
2026-05-15 23:35:35,299 - twister - DEBUG - OUTPUT:  PASS - test_null_pointer in 0.000 seconds
2026-05-15 23:35:35,299 - twister - DEBUG - OUTPUT: ===================================================================
2026-05-15 23:35:35,300 - twister - DEBUG - OUTPUT: START - test_by_zero
2026-05-15 23:35:35,300 - twister - DEBUG - OUTPUT:  PASS - test_by_zero in 0.000 seconds
2026-05-15 23:35:35,300 - twister - DEBUG - OUTPUT: ===================================================================
2026-05-15 23:35:35,300 - twister - DEBUG - OUTPUT: START - test_by_zero
2026-05-15 23:35:35,300 - twister - DEBUG - OUTPUT:  PASS - test_by_zero in 0.000 seconds
2026-05-15 23:35:35,300 - twister - DEBUG - OUTPUT: ===================================================================
2026-05-15 23:35:35,300 - twister - DEBUG - OUTPUT: START - test_positive_numbers
2026-05-15 23:35:35,301 - twister - DEBUG - OUTPUT:  PASS - test_positive_numbers in 0.000 seconds
2026-05-15 23:35:35,301 - twister - DEBUG - OUTPUT: ===================================================================
2026-05-15 23:35:35,301 - twister - DEBUG - OUTPUT: START - test_null_pointer
2026-05-15 23:35:35,301 - twister - DEBUG - OUTPUT: [00:00:00.000,000] [1;31m<err> calculator: result pointer is NULL[0m
2026-05-15 23:35:35,301 - twister - DEBUG - OUTPUT:  PASS - test_null_pointer in 0.000 seconds
2026-05-15 23:35:35,301 - twister - DEBUG - OUTPUT: ===================================================================
2026-05-15 23:35:35,301 - twister - DEBUG - OUTPUT: START - test_negative_numbers
2026-05-15 23:35:35,302 - twister - DEBUG - OUTPUT:  PASS - test_negative_numbers in 0.000 seconds
2026-05-15 23:35:35,302 - twister - DEBUG - OUTPUT: ===================================================================
2026-05-15 23:35:35,302 - twister - DEBUG - OUTPUT: TESTSUITE calculator_mul succeeded
2026-05-15 23:35:35,302 - twister - DEBUG - OUTPUT: Running TESTSUITE calculator_last_result
2026-05-15 23:35:35,302 - twister - DEBUG - OUTPUT: ===================================================================
2026-05-15 23:35:35,302 - twister - DEBUG - OUTPUT: START - test_failed_op_does_not_update
2026-05-15 23:35:35,302 - twister - DEBUG - OUTPUT: [00:00:00.000,000] [1;33m<wrn> calculator: division by zero[0m
2026-05-15 23:35:35,302 - twister - DEBUG - OUTPUT:  PASS - test_failed_op_does_not_update in 0.000 seconds
2026-05-15 23:35:35,303 - twister - DEBUG - OUTPUT: ===================================================================
2026-05-15 23:35:35,303 - twister - DEBUG - OUTPUT: START - test_reset_clears_cache
2026-05-15 23:35:35,303 - twister - DEBUG - OUTPUT: [00:00:00.000,000] [1;33m<wrn> calculator: no result cached yet[0m
2026-05-15 23:35:35,303 - twister - DEBUG - OUTPUT:  PASS - test_reset_clears_cache in 0.000 seconds
2026-05-15 23:35:35,303 - twister - DEBUG - OUTPUT: ===================================================================
2026-05-15 23:35:35,303 - twister - DEBUG - OUTPUT: START - test_add_updates_cache
2026-05-15 23:35:35,303 - twister - DEBUG - OUTPUT:  PASS - test_add_updates_cache in 0.000 seconds
2026-05-15 23:35:35,304 - twister - DEBUG - OUTPUT: ===================================================================
2026-05-15 23:35:35,304 - twister - DEBUG - OUTPUT: START - test_overwrite_on_second_op
2026-05-15 23:35:35,304 - twister - DEBUG - OUTPUT:  PASS - test_overwrite_on_second_op in 0.000 seconds
2026-05-15 23:35:35,304 - twister - DEBUG - OUTPUT: ===================================================================
2026-05-15 23:35:35,304 - twister - DEBUG - OUTPUT: START - test_null_pointer
2026-05-15 23:35:35,304 - twister - DEBUG - OUTPUT: [00:00:00.000,000] [1;31m<err> calculator: result pointer is NULL[0m
2026-05-15 23:35:35,304 - twister - DEBUG - OUTPUT:  PASS - test_null_pointer in 0.000 seconds
2026-05-15 23:35:35,305 - twister - DEBUG - OUTPUT: ===================================================================
2026-05-15 23:35:35,305 - twister - DEBUG - OUTPUT: START - test_no_result_before_first_op
2026-05-15 23:35:35,305 - twister - DEBUG - OUTPUT: [00:00:00.000,000] [1;33m<wrn> calculator: no result cached yet[0m
2026-05-15 23:35:35,305 - twister - DEBUG - OUTPUT:  PASS - test_no_result_before_first_op in 0.000 seconds
2026-05-15 23:35:35,305 - twister - DEBUG - OUTPUT: ===================================================================
2026-05-15 23:35:35,305 - twister - DEBUG - OUTPUT: START - test_failed_op_does_not_update
2026-05-15 23:35:35,305 - twister - DEBUG - OUTPUT: [00:00:00.000,000] [1;33m<wrn> calculator: division by zero[0m
2026-05-15 23:35:35,305 - twister - DEBUG - OUTPUT:  PASS - test_failed_op_does_not_update in 0.000 seconds
2026-05-15 23:35:35,306 - twister - DEBUG - OUTPUT: ===================================================================
2026-05-15 23:35:35,306 - twister - DEBUG - OUTPUT: START - test_reset_clears_cache
2026-05-15 23:35:35,306 - twister - DEBUG - OUTPUT: [00:00:00.000,000] [1;33m<wrn> calculator: no result cached yet[0m
2026-05-15 23:35:35,306 - twister - DEBUG - OUTPUT:  PASS - test_reset_clears_cache in 0.000 seconds
2026-05-15 23:35:35,306 - twister - DEBUG - OUTPUT: ===================================================================
2026-05-15 23:35:35,306 - twister - DEBUG - OUTPUT: START - test_null_pointer
2026-05-15 23:35:35,306 - twister - DEBUG - OUTPUT: [00:00:00.000,000] [1;31m<err> calculator: result pointer is NULL[0m
2026-05-15 23:35:35,306 - twister - DEBUG - OUTPUT:  PASS - test_null_pointer in 0.000 seconds
2026-05-15 23:35:35,307 - twister - DEBUG - OUTPUT: ===================================================================
2026-05-15 23:35:35,307 - twister - DEBUG - OUTPUT: START - test_add_updates_cache
2026-05-15 23:35:35,307 - twister - DEBUG - OUTPUT:  PASS - test_add_updates_cache in 0.000 seconds
2026-05-15 23:35:35,307 - twister - DEBUG - OUTPUT: ===================================================================
2026-05-15 23:35:35,307 - twister - DEBUG - OUTPUT: START - test_no_result_before_first_op
2026-05-15 23:35:35,308 - twister - DEBUG - OUTPUT: [00:00:00.000,000] [1;33m<wrn> calculator: no result cached yet[0m
2026-05-15 23:35:35,308 - twister - DEBUG - OUTPUT:  PASS - test_no_result_before_first_op in 0.000 seconds
2026-05-15 23:35:35,308 - twister - DEBUG - OUTPUT: ===================================================================
2026-05-15 23:35:35,308 - twister - DEBUG - OUTPUT: START - test_overwrite_on_second_op
2026-05-15 23:35:35,308 - twister - DEBUG - OUTPUT:  PASS - test_overwrite_on_second_op in 0.000 seconds
2026-05-15 23:35:35,308 - twister - DEBUG - OUTPUT: ===================================================================
2026-05-15 23:35:35,308 - twister - DEBUG - OUTPUT: START - test_no_result_before_first_op
2026-05-15 23:35:35,309 - twister - DEBUG - OUTPUT: [00:00:00.000,000] [1;33m<wrn> calculator: no result cached yet[0m
2026-05-15 23:35:35,309 - twister - DEBUG - OUTPUT:  PASS - test_no_result_before_first_op in 0.000 seconds
2026-05-15 23:35:35,309 - twister - DEBUG - OUTPUT: ===================================================================
2026-05-15 23:35:35,309 - twister - DEBUG - OUTPUT: START - test_add_updates_cache
2026-05-15 23:35:35,309 - twister - DEBUG - OUTPUT:  PASS - test_add_updates_cache in 0.000 seconds
2026-05-15 23:35:35,309 - twister - DEBUG - OUTPUT: ===================================================================
2026-05-15 23:35:35,309 - twister - DEBUG - OUTPUT: START - test_overwrite_on_second_op
2026-05-15 23:35:35,310 - twister - DEBUG - OUTPUT:  PASS - test_overwrite_on_second_op in 0.000 seconds
2026-05-15 23:35:35,310 - twister - DEBUG - OUTPUT: ===================================================================
2026-05-15 23:35:35,310 - twister - DEBUG - OUTPUT: START - test_null_pointer
2026-05-15 23:35:35,310 - twister - DEBUG - OUTPUT: [00:00:00.000,000] [1;31m<err> calculator: result pointer is NULL[0m
2026-05-15 23:35:35,310 - twister - DEBUG - OUTPUT:  PASS - test_null_pointer in 0.000 seconds
2026-05-15 23:35:35,310 - twister - DEBUG - OUTPUT: ===================================================================
2026-05-15 23:35:35,310 - twister - DEBUG - OUTPUT: START - test_failed_op_does_not_update
2026-05-15 23:35:35,311 - twister - DEBUG - OUTPUT: [00:00:00.000,000] [1;33m<wrn> calculator: division by zero[0m
2026-05-15 23:35:35,311 - twister - DEBUG - OUTPUT:  PASS - test_failed_op_does_not_update in 0.000 seconds
2026-05-15 23:35:35,311 - twister - DEBUG - OUTPUT: ===================================================================
2026-05-15 23:35:35,311 - twister - DEBUG - OUTPUT: START - test_reset_clears_cache
2026-05-15 23:35:35,311 - twister - DEBUG - OUTPUT: [00:00:00.000,000] [1;33m<wrn> calculator: no result cached yet[0m
2026-05-15 23:35:35,311 - twister - DEBUG - OUTPUT:  PASS - test_reset_clears_cache in 0.000 seconds
2026-05-15 23:35:35,311 - twister - DEBUG - OUTPUT: ===================================================================
2026-05-15 23:35:35,312 - twister - DEBUG - OUTPUT: TESTSUITE calculator_last_result succeeded
2026-05-15 23:35:35,312 - twister - DEBUG - OUTPUT: Running TESTSUITE calculator_last_result
2026-05-15 23:35:35,312 - twister - DEBUG - OUTPUT: ===================================================================
2026-05-15 23:35:35,312 - twister - DEBUG - OUTPUT: START - test_overwrite_on_second_op
2026-05-15 23:35:35,312 - twister - DEBUG - OUTPUT:  PASS - test_overwrite_on_second_op in 0.000 seconds
2026-05-15 23:35:35,312 - twister - DEBUG - OUTPUT: ===================================================================
2026-05-15 23:35:35,312 - twister - DEBUG - OUTPUT: START - test_no_result_before_first_op
2026-05-15 23:35:35,312 - twister - DEBUG - OUTPUT: [00:00:00.000,000] [1;33m<wrn> calculator: no result cached yet[0m
2026-05-15 23:35:35,313 - twister - DEBUG - OUTPUT:  PASS - test_no_result_before_first_op in 0.000 seconds
2026-05-15 23:35:35,313 - twister - DEBUG - OUTPUT: ===================================================================
2026-05-15 23:35:35,313 - twister - DEBUG - OUTPUT: START - test_failed_op_does_not_update
2026-05-15 23:35:35,313 - twister - DEBUG - OUTPUT: [00:00:00.000,000] [1;33m<wrn> calculator: division by zero[0m
2026-05-15 23:35:35,313 - twister - DEBUG - OUTPUT:  PASS - test_failed_op_does_not_update in 0.000 seconds
2026-05-15 23:35:35,313 - twister - DEBUG - OUTPUT: ===================================================================
2026-05-15 23:35:35,313 - twister - DEBUG - OUTPUT: START - test_add_updates_cache
2026-05-15 23:35:35,314 - twister - DEBUG - OUTPUT:  PASS - test_add_updates_cache in 0.000 seconds
2026-05-15 23:35:35,314 - twister - DEBUG - OUTPUT: ===================================================================
2026-05-15 23:35:35,314 - twister - DEBUG - OUTPUT: START - test_reset_clears_cache
2026-05-15 23:35:35,314 - twister - DEBUG - OUTPUT: [00:00:00.000,000] [1;33m<wrn> calculator: no result cached yet[0m
2026-05-15 23:35:35,314 - twister - DEBUG - OUTPUT:  PASS - test_reset_clears_cache in 0.000 seconds
2026-05-15 23:35:35,314 - twister - DEBUG - OUTPUT: ===================================================================
2026-05-15 23:35:35,314 - twister - DEBUG - OUTPUT: START - test_null_pointer
2026-05-15 23:35:35,315 - twister - DEBUG - OUTPUT: [00:00:00.000,000] [1;31m<err> calculator: result pointer is NULL[0m
2026-05-15 23:35:35,315 - twister - DEBUG - OUTPUT:  PASS - test_null_pointer in 0.000 seconds
2026-05-15 23:35:35,315 - twister - DEBUG - OUTPUT: ===================================================================
2026-05-15 23:35:35,315 - twister - DEBUG - OUTPUT: START - test_failed_op_does_not_update
2026-05-15 23:35:35,315 - twister - DEBUG - OUTPUT: [00:00:00.000,000] [1;33m<wrn> calculator: division by zero[0m
2026-05-15 23:35:35,315 - twister - DEBUG - OUTPUT:  PASS - test_failed_op_does_not_update in 0.000 seconds
2026-05-15 23:35:35,315 - twister - DEBUG - OUTPUT: ===================================================================
2026-05-15 23:35:35,315 - twister - DEBUG - OUTPUT: START - test_add_updates_cache
2026-05-15 23:35:35,316 - twister - DEBUG - OUTPUT:  PASS - test_add_updates_cache in 0.000 seconds
2026-05-15 23:35:35,316 - twister - DEBUG - OUTPUT: ===================================================================
2026-05-15 23:35:35,316 - twister - DEBUG - OUTPUT: START - test_reset_clears_cache
2026-05-15 23:35:35,316 - twister - DEBUG - OUTPUT: [00:00:00.000,000] [1;33m<wrn> calculator: no result cached yet[0m
2026-05-15 23:35:35,316 - twister - DEBUG - OUTPUT:  PASS - test_reset_clears_cache in 0.000 seconds
2026-05-15 23:35:35,317 - twister - DEBUG - OUTPUT: ===================================================================
2026-05-15 23:35:35,317 - twister - DEBUG - OUTPUT: START - test_overwrite_on_second_op
2026-05-15 23:35:35,317 - twister - DEBUG - OUTPUT:  PASS - test_overwrite_on_second_op in 0.000 seconds
2026-05-15 23:35:35,317 - twister - DEBUG - OUTPUT: ===================================================================
2026-05-15 23:35:35,317 - twister - DEBUG - OUTPUT: START - test_no_result_before_first_op
2026-05-15 23:35:35,317 - twister - DEBUG - OUTPUT: [00:00:00.000,000] [1;33m<wrn> calculator: no result cached yet[0m
2026-05-15 23:35:35,317 - twister - DEBUG - OUTPUT:  PASS - test_no_result_before_first_op in 0.000 seconds
2026-05-15 23:35:35,317 - twister - DEBUG - OUTPUT: ===================================================================
2026-05-15 23:35:35,318 - twister - DEBUG - OUTPUT: START - test_null_pointer
2026-05-15 23:35:35,318 - twister - DEBUG - OUTPUT: [00:00:00.000,000] [1;31m<err> calculator: result pointer is NULL[0m
2026-05-15 23:35:35,318 - twister - DEBUG - OUTPUT:  PASS - test_null_pointer in 0.000 seconds
2026-05-15 23:35:35,318 - twister - DEBUG - OUTPUT: ===================================================================
2026-05-15 23:35:35,318 - twister - DEBUG - OUTPUT: START - test_no_result_before_first_op
2026-05-15 23:35:35,318 - twister - DEBUG - OUTPUT: [00:00:00.000,000] [1;33m<wrn> calculator: no result cached yet[0m
2026-05-15 23:35:35,318 - twister - DEBUG - OUTPUT:  PASS - test_no_result_before_first_op in 0.000 seconds
2026-05-15 23:35:35,319 - twister - DEBUG - OUTPUT: ===================================================================
2026-05-15 23:35:35,319 - twister - DEBUG - OUTPUT: START - test_reset_clears_cache
2026-05-15 23:35:35,319 - twister - DEBUG - OUTPUT: [00:00:00.000,000] [1;33m<wrn> calculator: no result cached yet[0m
2026-05-15 23:35:35,319 - twister - DEBUG - OUTPUT:  PASS - test_reset_clears_cache in 0.000 seconds
2026-05-15 23:35:35,319 - twister - DEBUG - OUTPUT: ===================================================================
2026-05-15 23:35:35,319 - twister - DEBUG - OUTPUT: START - test_add_updates_cache
2026-05-15 23:35:35,319 - twister - DEBUG - OUTPUT:  PASS - test_add_updates_cache in 0.000 seconds
2026-05-15 23:35:35,320 - twister - DEBUG - OUTPUT: ===================================================================
2026-05-15 23:35:35,320 - twister - DEBUG - OUTPUT: START - test_failed_op_does_not_update
2026-05-15 23:35:35,320 - twister - DEBUG - OUTPUT: [00:00:00.000,000] [1;33m<wrn> calculator: division by zero[0m
2026-05-15 23:35:35,320 - twister - DEBUG - OUTPUT:  PASS - test_failed_op_does_not_update in 0.000 seconds
2026-05-15 23:35:35,320 - twister - DEBUG - OUTPUT: ===================================================================
2026-05-15 23:35:35,320 - twister - DEBUG - OUTPUT: START - test_null_pointer
2026-05-15 23:35:35,320 - twister - DEBUG - OUTPUT: [00:00:00.000,000] [1;31m<err> calculator: result pointer is NULL[0m
2026-05-15 23:35:35,321 - twister - DEBUG - OUTPUT:  PASS - test_null_pointer in 0.000 seconds
2026-05-15 23:35:35,321 - twister - DEBUG - OUTPUT: ===================================================================
2026-05-15 23:35:35,321 - twister - DEBUG - OUTPUT: START - test_overwrite_on_second_op
2026-05-15 23:35:35,321 - twister - DEBUG - OUTPUT:  PASS - test_overwrite_on_second_op in 0.000 seconds
2026-05-15 23:35:35,321 - twister - DEBUG - OUTPUT: ===================================================================
2026-05-15 23:35:35,321 - twister - DEBUG - OUTPUT: TESTSUITE calculator_last_result succeeded
2026-05-15 23:35:35,321 - twister - DEBUG - OUTPUT: Running TESTSUITE calculator_last_result
2026-05-15 23:35:35,322 - twister - DEBUG - OUTPUT: ===================================================================
2026-05-15 23:35:35,322 - twister - DEBUG - OUTPUT: START - test_failed_op_does_not_update
2026-05-15 23:35:35,322 - twister - DEBUG - OUTPUT: [00:00:00.000,000] [1;33m<wrn> calculator: division by zero[0m
2026-05-15 23:35:35,322 - twister - DEBUG - OUTPUT:  PASS - test_failed_op_does_not_update in 0.000 seconds
2026-05-15 23:35:35,322 - twister - DEBUG - OUTPUT: ===================================================================
2026-05-15 23:35:35,322 - twister - DEBUG - OUTPUT: START - test_add_updates_cache
2026-05-15 23:35:35,322 - twister - DEBUG - OUTPUT:  PASS - test_add_updates_cache in 0.000 seconds
2026-05-15 23:35:35,323 - twister - DEBUG - OUTPUT: ===================================================================
2026-05-15 23:35:35,323 - twister - DEBUG - OUTPUT: START - test_reset_clears_cache
2026-05-15 23:35:35,323 - twister - DEBUG - OUTPUT: [00:00:00.000,000] [1;33m<wrn> calculator: no result cached yet[0m
2026-05-15 23:35:35,323 - twister - DEBUG - OUTPUT:  PASS - test_reset_clears_cache in 0.000 seconds
2026-05-15 23:35:35,323 - twister - DEBUG - OUTPUT: ===================================================================
2026-05-15 23:35:35,323 - twister - DEBUG - OUTPUT: START - test_no_result_before_first_op
2026-05-15 23:35:35,323 - twister - DEBUG - OUTPUT: [00:00:00.000,000] [1;33m<wrn> calculator: no result cached yet[0m
2026-05-15 23:35:35,324 - twister - DEBUG - OUTPUT:  PASS - test_no_result_before_first_op in 0.000 seconds
2026-05-15 23:35:35,324 - twister - DEBUG - OUTPUT: ===================================================================
2026-05-15 23:35:35,324 - twister - DEBUG - OUTPUT: START - test_null_pointer
2026-05-15 23:35:35,324 - twister - DEBUG - OUTPUT: [00:00:00.000,000] [1;31m<err> calculator: result pointer is NULL[0m
2026-05-15 23:35:35,324 - twister - DEBUG - OUTPUT:  PASS - test_null_pointer in 0.000 seconds
2026-05-15 23:35:35,324 - twister - DEBUG - OUTPUT: ===================================================================
2026-05-15 23:35:35,324 - twister - DEBUG - OUTPUT: START - test_overwrite_on_second_op
2026-05-15 23:35:35,325 - twister - DEBUG - OUTPUT:  PASS - test_overwrite_on_second_op in 0.000 seconds
2026-05-15 23:35:35,325 - twister - DEBUG - OUTPUT: ===================================================================
2026-05-15 23:35:35,325 - twister - DEBUG - OUTPUT: START - test_overwrite_on_second_op
2026-05-15 23:35:35,325 - twister - DEBUG - OUTPUT:  PASS - test_overwrite_on_second_op in 0.000 seconds
2026-05-15 23:35:35,325 - twister - DEBUG - OUTPUT: ===================================================================
2026-05-15 23:35:35,325 - twister - DEBUG - OUTPUT: START - test_reset_clears_cache
2026-05-15 23:35:35,325 - twister - DEBUG - OUTPUT: [00:00:00.000,000] [1;33m<wrn> calculator: no result cached yet[0m
2026-05-15 23:35:35,326 - twister - DEBUG - OUTPUT:  PASS - test_reset_clears_cache in 0.000 seconds
2026-05-15 23:35:35,326 - twister - DEBUG - OUTPUT: ===================================================================
2026-05-15 23:35:35,326 - twister - DEBUG - OUTPUT: START - test_failed_op_does_not_update
2026-05-15 23:35:35,326 - twister - DEBUG - OUTPUT: [00:00:00.000,000] [1;33m<wrn> calculator: division by zero[0m
2026-05-15 23:35:35,326 - twister - DEBUG - OUTPUT:  PASS - test_failed_op_does_not_update in 0.000 seconds
2026-05-15 23:35:35,326 - twister - DEBUG - OUTPUT: ===================================================================
2026-05-15 23:35:35,326 - twister - DEBUG - OUTPUT: START - test_add_updates_cache
2026-05-15 23:35:35,327 - twister - DEBUG - OUTPUT:  PASS - test_add_updates_cache in 0.000 seconds
2026-05-15 23:35:35,327 - twister - DEBUG - OUTPUT: ===================================================================
2026-05-15 23:35:35,327 - twister - DEBUG - OUTPUT: START - test_no_result_before_first_op
2026-05-15 23:35:35,327 - twister - DEBUG - OUTPUT: [00:00:00.000,000] [1;33m<wrn> calculator: no result cached yet[0m
2026-05-15 23:35:35,327 - twister - DEBUG - OUTPUT:  PASS - test_no_result_before_first_op in 0.000 seconds
2026-05-15 23:35:35,327 - twister - DEBUG - OUTPUT: ===================================================================
2026-05-15 23:35:35,327 - twister - DEBUG - OUTPUT: START - test_null_pointer
2026-05-15 23:35:35,328 - twister - DEBUG - OUTPUT: [00:00:00.000,000] [1;31m<err> calculator: result pointer is NULL[0m
2026-05-15 23:35:35,328 - twister - DEBUG - OUTPUT:  PASS - test_null_pointer in 0.000 seconds
2026-05-15 23:35:35,328 - twister - DEBUG - OUTPUT: ===================================================================
2026-05-15 23:35:35,328 - twister - DEBUG - OUTPUT: START - test_failed_op_does_not_update
2026-05-15 23:35:35,328 - twister - DEBUG - OUTPUT: [00:00:00.000,000] [1;33m<wrn> calculator: division by zero[0m
2026-05-15 23:35:35,328 - twister - DEBUG - OUTPUT:  PASS - test_failed_op_does_not_update in 0.000 seconds
2026-05-15 23:35:35,328 - twister - DEBUG - OUTPUT: ===================================================================
2026-05-15 23:35:35,329 - twister - DEBUG - OUTPUT: START - test_no_result_before_first_op
2026-05-15 23:35:35,329 - twister - DEBUG - OUTPUT: [00:00:00.000,000] [1;33m<wrn> calculator: no result cached yet[0m
2026-05-15 23:35:35,329 - twister - DEBUG - OUTPUT:  PASS - test_no_result_before_first_op in 0.000 seconds
2026-05-15 23:35:35,329 - twister - DEBUG - OUTPUT: ===================================================================
2026-05-15 23:35:35,329 - twister - DEBUG - OUTPUT: START - test_overwrite_on_second_op
2026-05-15 23:35:35,329 - twister - DEBUG - OUTPUT:  PASS - test_overwrite_on_second_op in 0.000 seconds
2026-05-15 23:35:35,329 - twister - DEBUG - OUTPUT: ===================================================================
2026-05-15 23:35:35,329 - twister - DEBUG - OUTPUT: START - test_add_updates_cache
2026-05-15 23:35:35,330 - twister - DEBUG - OUTPUT:  PASS - test_add_updates_cache in 0.000 seconds
2026-05-15 23:35:35,330 - twister - DEBUG - OUTPUT: ===================================================================
2026-05-15 23:35:35,330 - twister - DEBUG - OUTPUT: START - test_null_pointer
2026-05-15 23:35:35,330 - twister - DEBUG - OUTPUT: [00:00:00.000,000] [1;31m<err> calculator: result pointer is NULL[0m
2026-05-15 23:35:35,330 - twister - DEBUG - OUTPUT:  PASS - test_null_pointer in 0.000 seconds
2026-05-15 23:35:35,330 - twister - DEBUG - OUTPUT: ===================================================================
2026-05-15 23:35:35,330 - twister - DEBUG - OUTPUT: START - test_reset_clears_cache
2026-05-15 23:35:35,331 - twister - DEBUG - OUTPUT: [00:00:00.000,000] [1;33m<wrn> calculator: no result cached yet[0m
2026-05-15 23:35:35,331 - twister - DEBUG - OUTPUT:  PASS - test_reset_clears_cache in 0.000 seconds
2026-05-15 23:35:35,331 - twister - DEBUG - OUTPUT: ===================================================================
2026-05-15 23:35:35,331 - twister - DEBUG - OUTPUT: TESTSUITE calculator_last_result succeeded
2026-05-15 23:35:35,331 - twister - DEBUG - OUTPUT: Running TESTSUITE calculator_div
2026-05-15 23:35:35,331 - twister - DEBUG - OUTPUT: ===================================================================
2026-05-15 23:35:35,331 - twister - DEBUG - OUTPUT: START - test_integer_truncation
2026-05-15 23:35:35,331 - twister - DEBUG - OUTPUT:  PASS - test_integer_truncation in 0.000 seconds
2026-05-15 23:35:35,332 - twister - DEBUG - OUTPUT: ===================================================================
2026-05-15 23:35:35,332 - twister - DEBUG - OUTPUT: START - test_divide_by_zero
2026-05-15 23:35:35,332 - twister - DEBUG - OUTPUT: [00:00:00.000,000] [1;33m<wrn> calculator: division by zero[0m
2026-05-15 23:35:35,332 - twister - DEBUG - OUTPUT:  PASS - test_divide_by_zero in 0.000 seconds
2026-05-15 23:35:35,332 - twister - DEBUG - OUTPUT: ===================================================================
2026-05-15 23:35:35,332 - twister - DEBUG - OUTPUT: START - test_exact_division
2026-05-15 23:35:35,332 - twister - DEBUG - OUTPUT:  PASS - test_exact_division in 0.000 seconds
2026-05-15 23:35:35,333 - twister - DEBUG - OUTPUT: ===================================================================
2026-05-15 23:35:35,333 - twister - DEBUG - OUTPUT: START - test_negative_dividend_truncation
2026-05-15 23:35:35,333 - twister - DEBUG - OUTPUT:  PASS - test_negative_dividend_truncation in 0.000 seconds
2026-05-15 23:35:35,333 - twister - DEBUG - OUTPUT: ===================================================================
2026-05-15 23:35:35,333 - twister - DEBUG - OUTPUT: START - test_null_pointer
2026-05-15 23:35:35,333 - twister - DEBUG - OUTPUT: [00:00:00.000,000] [1;31m<err> calculator: result pointer is NULL[0m
2026-05-15 23:35:35,333 - twister - DEBUG - OUTPUT:  PASS - test_null_pointer in 0.000 seconds
2026-05-15 23:35:35,333 - twister - DEBUG - OUTPUT: ===================================================================
2026-05-15 23:35:35,334 - twister - DEBUG - OUTPUT: START - test_negative_dividend_truncation
2026-05-15 23:35:35,334 - twister - DEBUG - OUTPUT:  PASS - test_negative_dividend_truncation in 0.000 seconds
2026-05-15 23:35:35,334 - twister - DEBUG - OUTPUT: ===================================================================
2026-05-15 23:35:35,334 - twister - DEBUG - OUTPUT: START - test_integer_truncation
2026-05-15 23:35:35,334 - twister - DEBUG - OUTPUT:  PASS - test_integer_truncation in 0.000 seconds
2026-05-15 23:35:35,334 - twister - DEBUG - OUTPUT: ===================================================================
2026-05-15 23:35:35,334 - twister - DEBUG - OUTPUT: START - test_exact_division
2026-05-15 23:35:35,335 - twister - DEBUG - OUTPUT:  PASS - test_exact_division in 0.000 seconds
2026-05-15 23:35:35,335 - twister - DEBUG - OUTPUT: ===================================================================
2026-05-15 23:35:35,335 - twister - DEBUG - OUTPUT: START - test_divide_by_zero
2026-05-15 23:35:35,335 - twister - DEBUG - OUTPUT: [00:00:00.000,000] [1;33m<wrn> calculator: division by zero[0m
2026-05-15 23:35:35,335 - twister - DEBUG - OUTPUT:  PASS - test_divide_by_zero in 0.000 seconds
2026-05-15 23:35:35,335 - twister - DEBUG - OUTPUT: ===================================================================
2026-05-15 23:35:35,335 - twister - DEBUG - OUTPUT: START - test_null_pointer
2026-05-15 23:35:35,336 - twister - DEBUG - OUTPUT: [00:00:00.000,000] [1;31m<err> calculator: result pointer is NULL[0m
2026-05-15 23:35:35,336 - twister - DEBUG - OUTPUT:  PASS - test_null_pointer in 0.000 seconds
2026-05-15 23:35:35,336 - twister - DEBUG - OUTPUT: ===================================================================
2026-05-15 23:35:35,336 - twister - DEBUG - OUTPUT: START - test_negative_dividend_truncation
2026-05-15 23:35:35,336 - twister - DEBUG - OUTPUT:  PASS - test_negative_dividend_truncation in 0.000 seconds
2026-05-15 23:35:35,336 - twister - DEBUG - OUTPUT: ===================================================================
2026-05-15 23:35:35,336 - twister - DEBUG - OUTPUT: START - test_divide_by_zero
2026-05-15 23:35:35,336 - twister - DEBUG - OUTPUT: [00:00:00.000,000] [1;33m<wrn> calculator: division by zero[0m
2026-05-15 23:35:35,337 - twister - DEBUG - OUTPUT:  PASS - test_divide_by_zero in 0.000 seconds
2026-05-15 23:35:35,337 - twister - DEBUG - OUTPUT: ===================================================================
2026-05-15 23:35:35,337 - twister - DEBUG - OUTPUT: START - test_integer_truncation
2026-05-15 23:35:35,337 - twister - DEBUG - OUTPUT:  PASS - test_integer_truncation in 0.000 seconds
2026-05-15 23:35:35,337 - twister - DEBUG - OUTPUT: ===================================================================
2026-05-15 23:35:35,337 - twister - DEBUG - OUTPUT: START - test_null_pointer
2026-05-15 23:35:35,337 - twister - DEBUG - OUTPUT: [00:00:00.000,000] [1;31m<err> calculator: result pointer is NULL[0m
2026-05-15 23:35:35,338 - twister - DEBUG - OUTPUT:  PASS - test_null_pointer in 0.000 seconds
2026-05-15 23:35:35,338 - twister - DEBUG - OUTPUT: ===================================================================
2026-05-15 23:35:35,338 - twister - DEBUG - OUTPUT: START - test_exact_division
2026-05-15 23:35:35,338 - twister - DEBUG - OUTPUT:  PASS - test_exact_division in 0.000 seconds
2026-05-15 23:35:35,338 - twister - DEBUG - OUTPUT: ===================================================================
2026-05-15 23:35:35,338 - twister - DEBUG - OUTPUT: TESTSUITE calculator_div succeeded
2026-05-15 23:35:35,338 - twister - DEBUG - OUTPUT: Running TESTSUITE calculator_div
2026-05-15 23:35:35,338 - twister - DEBUG - OUTPUT: ===================================================================
2026-05-15 23:35:35,339 - twister - DEBUG - OUTPUT: START - test_integer_truncation
2026-05-15 23:35:35,339 - twister - DEBUG - OUTPUT:  PASS - test_integer_truncation in 0.000 seconds
2026-05-15 23:35:35,339 - twister - DEBUG - OUTPUT: ===================================================================
2026-05-15 23:35:35,339 - twister - DEBUG - OUTPUT: START - test_negative_dividend_truncation
2026-05-15 23:35:35,339 - twister - DEBUG - OUTPUT:  PASS - test_negative_dividend_truncation in 0.000 seconds
2026-05-15 23:35:35,339 - twister - DEBUG - OUTPUT: ===================================================================
2026-05-15 23:35:35,339 - twister - DEBUG - OUTPUT: START - test_null_pointer
2026-05-15 23:35:35,340 - twister - DEBUG - OUTPUT: [00:00:00.000,000] [1;31m<err> calculator: result pointer is NULL[0m
2026-05-15 23:35:35,340 - twister - DEBUG - OUTPUT:  PASS - test_null_pointer in 0.000 seconds
2026-05-15 23:35:35,340 - twister - DEBUG - OUTPUT: ===================================================================
2026-05-15 23:35:35,340 - twister - DEBUG - OUTPUT: START - test_exact_division
2026-05-15 23:35:35,340 - twister - DEBUG - OUTPUT:  PASS - test_exact_division in 0.000 seconds
2026-05-15 23:35:35,340 - twister - DEBUG - OUTPUT: ===================================================================
2026-05-15 23:35:35,340 - twister - DEBUG - OUTPUT: START - test_divide_by_zero
2026-05-15 23:35:35,341 - twister - DEBUG - OUTPUT: [00:00:00.000,000] [1;33m<wrn> calculator: division by zero[0m
2026-05-15 23:35:35,341 - twister - DEBUG - OUTPUT:  PASS - test_divide_by_zero in 0.000 seconds
2026-05-15 23:35:35,341 - twister - DEBUG - OUTPUT: ===================================================================
2026-05-15 23:35:35,341 - twister - DEBUG - OUTPUT: START - test_integer_truncation
2026-05-15 23:35:35,341 - twister - DEBUG - OUTPUT:  PASS - test_integer_truncation in 0.000 seconds
2026-05-15 23:35:35,341 - twister - DEBUG - OUTPUT: ===================================================================
2026-05-15 23:35:35,341 - twister - DEBUG - OUTPUT: START - test_negative_dividend_truncation
2026-05-15 23:35:35,341 - twister - DEBUG - OUTPUT:  PASS - test_negative_dividend_truncation in 0.000 seconds
2026-05-15 23:35:35,342 - twister - DEBUG - OUTPUT: ===================================================================
2026-05-15 23:35:35,342 - twister - DEBUG - OUTPUT: START - test_divide_by_zero
2026-05-15 23:35:35,342 - twister - DEBUG - OUTPUT: [00:00:00.000,000] [1;33m<wrn> calculator: division by zero[0m
2026-05-15 23:35:35,342 - twister - DEBUG - OUTPUT:  PASS - test_divide_by_zero in 0.000 seconds
2026-05-15 23:35:35,342 - twister - DEBUG - OUTPUT: ===================================================================
2026-05-15 23:35:35,342 - twister - DEBUG - OUTPUT: START - test_null_pointer
2026-05-15 23:35:35,342 - twister - DEBUG - OUTPUT: [00:00:00.000,000] [1;31m<err> calculator: result pointer is NULL[0m
2026-05-15 23:35:35,343 - twister - DEBUG - OUTPUT:  PASS - test_null_pointer in 0.000 seconds
2026-05-15 23:35:35,343 - twister - DEBUG - OUTPUT: ===================================================================
2026-05-15 23:35:35,343 - twister - DEBUG - OUTPUT: START - test_exact_division
2026-05-15 23:35:35,343 - twister - DEBUG - OUTPUT:  PASS - test_exact_division in 0.000 seconds
2026-05-15 23:35:35,343 - twister - DEBUG - OUTPUT: ===================================================================
2026-05-15 23:35:35,343 - twister - DEBUG - OUTPUT: START - test_exact_division
2026-05-15 23:35:35,343 - twister - DEBUG - OUTPUT:  PASS - test_exact_division in 0.000 seconds
2026-05-15 23:35:35,344 - twister - DEBUG - OUTPUT: ===================================================================
2026-05-15 23:35:35,344 - twister - DEBUG - OUTPUT: START - test_integer_truncation
2026-05-15 23:35:35,344 - twister - DEBUG - OUTPUT:  PASS - test_integer_truncation in 0.000 seconds
2026-05-15 23:35:35,344 - twister - DEBUG - OUTPUT: ===================================================================
2026-05-15 23:35:35,344 - twister - DEBUG - OUTPUT: START - test_divide_by_zero
2026-05-15 23:35:35,344 - twister - DEBUG - OUTPUT: [00:00:00.000,000] [1;33m<wrn> calculator: division by zero[0m
2026-05-15 23:35:35,344 - twister - DEBUG - OUTPUT:  PASS - test_divide_by_zero in 0.000 seconds
2026-05-15 23:35:35,345 - twister - DEBUG - OUTPUT: ===================================================================
2026-05-15 23:35:35,345 - twister - DEBUG - OUTPUT: START - test_negative_dividend_truncation
2026-05-15 23:35:35,345 - twister - DEBUG - OUTPUT:  PASS - test_negative_dividend_truncation in 0.000 seconds
2026-05-15 23:35:35,345 - twister - DEBUG - OUTPUT: ===================================================================
2026-05-15 23:35:35,345 - twister - DEBUG - OUTPUT: START - test_null_pointer
2026-05-15 23:35:35,345 - twister - DEBUG - OUTPUT: [00:00:00.000,000] [1;31m<err> calculator: result pointer is NULL[0m
2026-05-15 23:35:35,345 - twister - DEBUG - OUTPUT:  PASS - test_null_pointer in 0.000 seconds
2026-05-15 23:35:35,345 - twister - DEBUG - OUTPUT: ===================================================================
2026-05-15 23:35:35,346 - twister - DEBUG - OUTPUT: TESTSUITE calculator_div succeeded
2026-05-15 23:35:35,346 - twister - DEBUG - OUTPUT: Running TESTSUITE calculator_div
2026-05-15 23:35:35,346 - twister - DEBUG - OUTPUT: ===================================================================
2026-05-15 23:35:35,346 - twister - DEBUG - OUTPUT: START - test_divide_by_zero
2026-05-15 23:35:35,346 - twister - DEBUG - OUTPUT: [00:00:00.000,000] [1;33m<wrn> calculator: division by zero[0m
2026-05-15 23:35:35,346 - twister - DEBUG - OUTPUT:  PASS - test_divide_by_zero in 0.000 seconds
2026-05-15 23:35:35,346 - twister - DEBUG - OUTPUT: ===================================================================
2026-05-15 23:35:35,347 - twister - DEBUG - OUTPUT: START - test_null_pointer
2026-05-15 23:35:35,347 - twister - DEBUG - OUTPUT: [00:00:00.000,000] [1;31m<err> calculator: result pointer is NULL[0m
2026-05-15 23:35:35,347 - twister - DEBUG - OUTPUT:  PASS - test_null_pointer in 0.000 seconds
2026-05-15 23:35:35,347 - twister - DEBUG - OUTPUT: ===================================================================
2026-05-15 23:35:35,347 - twister - DEBUG - OUTPUT: START - test_exact_division
2026-05-15 23:35:35,347 - twister - DEBUG - OUTPUT:  PASS - test_exact_division in 0.000 seconds
2026-05-15 23:35:35,347 - twister - DEBUG - OUTPUT: ===================================================================
2026-05-15 23:35:35,347 - twister - DEBUG - OUTPUT: START - test_integer_truncation
2026-05-15 23:35:35,348 - twister - DEBUG - OUTPUT:  PASS - test_integer_truncation in 0.000 seconds
2026-05-15 23:35:35,348 - twister - DEBUG - OUTPUT: ===================================================================
2026-05-15 23:35:35,348 - twister - DEBUG - OUTPUT: START - test_negative_dividend_truncation
2026-05-15 23:35:35,348 - twister - DEBUG - OUTPUT:  PASS - test_negative_dividend_truncation in 0.000 seconds
2026-05-15 23:35:35,348 - twister - DEBUG - OUTPUT: ===================================================================
2026-05-15 23:35:35,348 - twister - DEBUG - OUTPUT: START - test_null_pointer
2026-05-15 23:35:35,348 - twister - DEBUG - OUTPUT: [00:00:00.000,000] [1;31m<err> calculator: result pointer is NULL[0m
2026-05-15 23:35:35,349 - twister - DEBUG - OUTPUT:  PASS - test_null_pointer in 0.000 seconds
2026-05-15 23:35:35,349 - twister - DEBUG - OUTPUT: ===================================================================
2026-05-15 23:35:35,349 - twister - DEBUG - OUTPUT: START - test_exact_division
2026-05-15 23:35:35,349 - twister - DEBUG - OUTPUT:  PASS - test_exact_division in 0.000 seconds
2026-05-15 23:35:35,349 - twister - DEBUG - OUTPUT: ===================================================================
2026-05-15 23:35:35,349 - twister - DEBUG - OUTPUT: START - test_divide_by_zero
2026-05-15 23:35:35,349 - twister - DEBUG - OUTPUT: [00:00:00.000,000] [1;33m<wrn> calculator: division by zero[0m
2026-05-15 23:35:35,349 - twister - DEBUG - OUTPUT:  PASS - test_divide_by_zero in 0.000 seconds
2026-05-15 23:35:35,350 - twister - DEBUG - OUTPUT: ===================================================================
2026-05-15 23:35:35,350 - twister - DEBUG - OUTPUT: START - test_integer_truncation
2026-05-15 23:35:35,350 - twister - DEBUG - OUTPUT:  PASS - test_integer_truncation in 0.000 seconds
2026-05-15 23:35:35,350 - twister - DEBUG - OUTPUT: ===================================================================
2026-05-15 23:35:35,350 - twister - DEBUG - OUTPUT: START - test_negative_dividend_truncation
2026-05-15 23:35:35,350 - twister - DEBUG - OUTPUT:  PASS - test_negative_dividend_truncation in 0.000 seconds
2026-05-15 23:35:35,350 - twister - DEBUG - OUTPUT: ===================================================================
2026-05-15 23:35:35,351 - twister - DEBUG - OUTPUT: START - test_divide_by_zero
2026-05-15 23:35:35,351 - twister - DEBUG - OUTPUT: [00:00:00.000,000] [1;33m<wrn> calculator: division by zero[0m
2026-05-15 23:35:35,351 - twister - DEBUG - OUTPUT:  PASS - test_divide_by_zero in 0.000 seconds
2026-05-15 23:35:35,351 - twister - DEBUG - OUTPUT: ===================================================================
2026-05-15 23:35:35,351 - twister - DEBUG - OUTPUT: START - test_null_pointer
2026-05-15 23:35:35,352 - twister - DEBUG - OUTPUT: [00:00:00.000,000] [1;31m<err> calculator: result pointer is NULL[0m
2026-05-15 23:35:35,352 - twister - DEBUG - OUTPUT:  PASS - test_null_pointer in 0.000 seconds
2026-05-15 23:35:35,352 - twister - DEBUG - OUTPUT: ===================================================================
2026-05-15 23:35:35,352 - twister - DEBUG - OUTPUT: START - test_negative_dividend_truncation
2026-05-15 23:35:35,352 - twister - DEBUG - OUTPUT:  PASS - test_negative_dividend_truncation in 0.000 seconds
2026-05-15 23:35:35,352 - twister - DEBUG - OUTPUT: ===================================================================
2026-05-15 23:35:35,352 - twister - DEBUG - OUTPUT: START - test_exact_division
2026-05-15 23:35:35,353 - twister - DEBUG - OUTPUT:  PASS - test_exact_division in 0.000 seconds
2026-05-15 23:35:35,353 - twister - DEBUG - OUTPUT: ===================================================================
2026-05-15 23:35:35,353 - twister - DEBUG - OUTPUT: START - test_integer_truncation
2026-05-15 23:35:35,353 - twister - DEBUG - OUTPUT:  PASS - test_integer_truncation in 0.000 seconds
2026-05-15 23:35:35,353 - twister - DEBUG - OUTPUT: ===================================================================
2026-05-15 23:35:35,353 - twister - DEBUG - OUTPUT: TESTSUITE calculator_div succeeded
2026-05-15 23:35:35,353 - twister - DEBUG - OUTPUT: Running TESTSUITE calculator_sub
2026-05-15 23:35:35,354 - twister - DEBUG - OUTPUT: ===================================================================
2026-05-15 23:35:35,354 - twister - DEBUG - OUTPUT: START - test_null_pointer
2026-05-15 23:35:35,354 - twister - DEBUG - OUTPUT: [00:00:00.000,000] [1;31m<err> calculator: result pointer is NULL[0m
2026-05-15 23:35:35,354 - twister - DEBUG - OUTPUT:  PASS - test_null_pointer in 0.000 seconds
2026-05-15 23:35:35,354 - twister - DEBUG - OUTPUT: ===================================================================
2026-05-15 23:35:35,354 - twister - DEBUG - OUTPUT: START - test_negative_result
2026-05-15 23:35:35,354 - twister - DEBUG - OUTPUT:  PASS - test_negative_result in 0.000 seconds
2026-05-15 23:35:35,355 - twister - DEBUG - OUTPUT: ===================================================================
2026-05-15 23:35:35,355 - twister - DEBUG - OUTPUT: START - test_positive_result
2026-05-15 23:35:35,355 - twister - DEBUG - OUTPUT:  PASS - test_positive_result in 0.000 seconds
2026-05-15 23:35:35,355 - twister - DEBUG - OUTPUT: ===================================================================
2026-05-15 23:35:35,355 - twister - DEBUG - OUTPUT: START - test_null_pointer
2026-05-15 23:35:35,355 - twister - DEBUG - OUTPUT: [00:00:00.000,000] [1;31m<err> calculator: result pointer is NULL[0m
2026-05-15 23:35:35,355 - twister - DEBUG - OUTPUT:  PASS - test_null_pointer in 0.000 seconds
2026-05-15 23:35:35,356 - twister - DEBUG - OUTPUT: ===================================================================
2026-05-15 23:35:35,356 - twister - DEBUG - OUTPUT: START - test_positive_result
2026-05-15 23:35:35,356 - twister - DEBUG - OUTPUT:  PASS - test_positive_result in 0.000 seconds
2026-05-15 23:35:35,356 - twister - DEBUG - OUTPUT: ===================================================================
2026-05-15 23:35:35,356 - twister - DEBUG - OUTPUT: START - test_negative_result
2026-05-15 23:35:35,356 - twister - DEBUG - OUTPUT:  PASS - test_negative_result in 0.000 seconds
2026-05-15 23:35:35,356 - twister - DEBUG - OUTPUT: ===================================================================
2026-05-15 23:35:35,357 - twister - DEBUG - OUTPUT: START - test_positive_result
2026-05-15 23:35:35,357 - twister - DEBUG - OUTPUT:  PASS - test_positive_result in 0.000 seconds
2026-05-15 23:35:35,357 - twister - DEBUG - OUTPUT: ===================================================================
2026-05-15 23:35:35,357 - twister - DEBUG - OUTPUT: START - test_null_pointer
2026-05-15 23:35:35,357 - twister - DEBUG - OUTPUT: [00:00:00.000,000] [1;31m<err> calculator: result pointer is NULL[0m
2026-05-15 23:35:35,357 - twister - DEBUG - OUTPUT:  PASS - test_null_pointer in 0.000 seconds
2026-05-15 23:35:35,358 - twister - DEBUG - OUTPUT: ===================================================================
2026-05-15 23:35:35,358 - twister - DEBUG - OUTPUT: START - test_negative_result
2026-05-15 23:35:35,358 - twister - DEBUG - OUTPUT:  PASS - test_negative_result in 0.000 seconds
2026-05-15 23:35:35,358 - twister - DEBUG - OUTPUT: ===================================================================
2026-05-15 23:35:35,358 - twister - DEBUG - OUTPUT: TESTSUITE calculator_sub succeeded
2026-05-15 23:35:35,358 - twister - DEBUG - OUTPUT: Running TESTSUITE calculator_sub
2026-05-15 23:35:35,358 - twister - DEBUG - OUTPUT: ===================================================================
2026-05-15 23:35:35,358 - twister - DEBUG - OUTPUT: START - test_negative_result
2026-05-15 23:35:35,359 - twister - DEBUG - OUTPUT:  PASS - test_negative_result in 0.000 seconds
2026-05-15 23:35:35,359 - twister - DEBUG - OUTPUT: ===================================================================
2026-05-15 23:35:35,359 - twister - DEBUG - OUTPUT: START - test_positive_result
2026-05-15 23:35:35,359 - twister - DEBUG - OUTPUT:  PASS - test_positive_result in 0.000 seconds
2026-05-15 23:35:35,359 - twister - DEBUG - OUTPUT: ===================================================================
2026-05-15 23:35:35,359 - twister - DEBUG - OUTPUT: START - test_null_pointer
2026-05-15 23:35:35,359 - twister - DEBUG - OUTPUT: [00:00:00.000,000] [1;31m<err> calculator: result pointer is NULL[0m
2026-05-15 23:35:35,360 - twister - DEBUG - OUTPUT:  PASS - test_null_pointer in 0.000 seconds
2026-05-15 23:35:35,360 - twister - DEBUG - OUTPUT: ===================================================================
2026-05-15 23:35:35,360 - twister - DEBUG - OUTPUT: START - test_positive_result
2026-05-15 23:35:35,360 - twister - DEBUG - OUTPUT:  PASS - test_positive_result in 0.000 seconds
2026-05-15 23:35:35,360 - twister - DEBUG - OUTPUT: ===================================================================
2026-05-15 23:35:35,360 - twister - DEBUG - OUTPUT: START - test_negative_result
2026-05-15 23:35:35,361 - twister - DEBUG - OUTPUT:  PASS - test_negative_result in 0.000 seconds
2026-05-15 23:35:35,361 - twister - DEBUG - OUTPUT: ===================================================================
2026-05-15 23:35:35,361 - twister - DEBUG - OUTPUT: START - test_null_pointer
2026-05-15 23:35:35,361 - twister - DEBUG - OUTPUT: [00:00:00.000,000] [1;31m<err> calculator: result pointer is NULL[0m
2026-05-15 23:35:35,361 - twister - DEBUG - OUTPUT:  PASS - test_null_pointer in 0.000 seconds
2026-05-15 23:35:35,361 - twister - DEBUG - OUTPUT: ===================================================================
2026-05-15 23:35:35,362 - twister - DEBUG - OUTPUT: START - test_negative_result
2026-05-15 23:35:35,362 - twister - DEBUG - OUTPUT:  PASS - test_negative_result in 0.000 seconds
2026-05-15 23:35:35,362 - twister - DEBUG - OUTPUT: ===================================================================
2026-05-15 23:35:35,362 - twister - DEBUG - OUTPUT: START - test_positive_result
2026-05-15 23:35:35,362 - twister - DEBUG - OUTPUT:  PASS - test_positive_result in 0.000 seconds
2026-05-15 23:35:35,362 - twister - DEBUG - OUTPUT: ===================================================================
2026-05-15 23:35:35,362 - twister - DEBUG - OUTPUT: START - test_null_pointer
2026-05-15 23:35:35,363 - twister - DEBUG - OUTPUT: [00:00:00.000,000] [1;31m<err> calculator: result pointer is NULL[0m
2026-05-15 23:35:35,363 - twister - DEBUG - OUTPUT:  PASS - test_null_pointer in 0.000 seconds
2026-05-15 23:35:35,363 - twister - DEBUG - OUTPUT: ===================================================================
2026-05-15 23:35:35,363 - twister - DEBUG - OUTPUT: TESTSUITE calculator_sub succeeded
2026-05-15 23:35:35,363 - twister - DEBUG - OUTPUT: Running TESTSUITE calculator_sub
2026-05-15 23:35:35,363 - twister - DEBUG - OUTPUT: ===================================================================
2026-05-15 23:35:35,364 - twister - DEBUG - OUTPUT: START - test_positive_result
2026-05-15 23:35:35,364 - twister - DEBUG - OUTPUT:  PASS - test_positive_result in 0.000 seconds
2026-05-15 23:35:35,364 - twister - DEBUG - OUTPUT: ===================================================================
2026-05-15 23:35:35,364 - twister - DEBUG - OUTPUT: START - test_negative_result
2026-05-15 23:35:35,364 - twister - DEBUG - OUTPUT:  PASS - test_negative_result in 0.000 seconds
2026-05-15 23:35:35,364 - twister - DEBUG - OUTPUT: ===================================================================
2026-05-15 23:35:35,364 - twister - DEBUG - OUTPUT: START - test_null_pointer
2026-05-15 23:35:35,365 - twister - DEBUG - OUTPUT: [00:00:00.000,000] [1;31m<err> calculator: result pointer is NULL[0m
2026-05-15 23:35:35,365 - twister - DEBUG - OUTPUT:  PASS - test_null_pointer in 0.000 seconds
2026-05-15 23:35:35,365 - twister - DEBUG - OUTPUT: ===================================================================
2026-05-15 23:35:35,365 - twister - DEBUG - OUTPUT: START - test_negative_result
2026-05-15 23:35:35,365 - twister - DEBUG - OUTPUT:  PASS - test_negative_result in 0.000 seconds
2026-05-15 23:35:35,365 - twister - DEBUG - OUTPUT: ===================================================================
2026-05-15 23:35:35,365 - twister - DEBUG - OUTPUT: START - test_positive_result
2026-05-15 23:35:35,366 - twister - DEBUG - OUTPUT:  PASS - test_positive_result in 0.000 seconds
2026-05-15 23:35:35,366 - twister - DEBUG - OUTPUT: ===================================================================
2026-05-15 23:35:35,366 - twister - DEBUG - OUTPUT: START - test_null_pointer
2026-05-15 23:35:35,366 - twister - DEBUG - OUTPUT: [00:00:00.000,000] [1;31m<err> calculator: result pointer is NULL[0m
2026-05-15 23:35:35,366 - twister - DEBUG - OUTPUT:  PASS - test_null_pointer in 0.000 seconds
2026-05-15 23:35:35,366 - twister - DEBUG - OUTPUT: ===================================================================
2026-05-15 23:35:35,366 - twister - DEBUG - OUTPUT: START - test_null_pointer
2026-05-15 23:35:35,367 - twister - DEBUG - OUTPUT: [00:00:00.000,000] [1;31m<err> calculator: result pointer is NULL[0m
2026-05-15 23:35:35,367 - twister - DEBUG - OUTPUT:  PASS - test_null_pointer in 0.000 seconds
2026-05-15 23:35:35,367 - twister - DEBUG - OUTPUT: ===================================================================
2026-05-15 23:35:35,367 - twister - DEBUG - OUTPUT: START - test_positive_result
2026-05-15 23:35:35,367 - twister - DEBUG - OUTPUT:  PASS - test_positive_result in 0.000 seconds
2026-05-15 23:35:35,367 - twister - DEBUG - OUTPUT: ===================================================================
2026-05-15 23:35:35,367 - twister - DEBUG - OUTPUT: START - test_negative_result
2026-05-15 23:35:35,368 - twister - DEBUG - OUTPUT:  PASS - test_negative_result in 0.000 seconds
2026-05-15 23:35:35,368 - twister - DEBUG - OUTPUT: ===================================================================
2026-05-15 23:35:35,368 - twister - DEBUG - OUTPUT: TESTSUITE calculator_sub succeeded
2026-05-15 23:35:35,368 - twister - DEBUG - OUTPUT: Running TESTSUITE calculator_add
2026-05-15 23:35:35,368 - twister - DEBUG - OUTPUT: ===================================================================
2026-05-15 23:35:35,368 - twister - DEBUG - OUTPUT: START - test_mixed_signs
2026-05-15 23:35:35,368 - twister - DEBUG - OUTPUT:  PASS - test_mixed_signs in 0.000 seconds
2026-05-15 23:35:35,369 - twister - DEBUG - OUTPUT: ===================================================================
2026-05-15 23:35:35,369 - twister - DEBUG - OUTPUT: START - test_positive_numbers
2026-05-15 23:35:35,369 - twister - DEBUG - OUTPUT:  PASS - test_positive_numbers in 0.000 seconds
2026-05-15 23:35:35,369 - twister - DEBUG - OUTPUT: ===================================================================
2026-05-15 23:35:35,369 - twister - DEBUG - OUTPUT: START - test_negative_numbers
2026-05-15 23:35:35,369 - twister - DEBUG - OUTPUT:  PASS - test_negative_numbers in 0.000 seconds
2026-05-15 23:35:35,369 - twister - DEBUG - OUTPUT: ===================================================================
2026-05-15 23:35:35,369 - twister - DEBUG - OUTPUT: START - test_zero
2026-05-15 23:35:35,370 - twister - DEBUG - OUTPUT:  PASS - test_zero in 0.000 seconds
2026-05-15 23:35:35,370 - twister - DEBUG - OUTPUT: ===================================================================
2026-05-15 23:35:35,370 - twister - DEBUG - OUTPUT: START - test_null_pointer
2026-05-15 23:35:35,370 - twister - DEBUG - OUTPUT: [00:00:00.000,000] [1;31m<err> calculator: result pointer is NULL[0m
2026-05-15 23:35:35,370 - twister - DEBUG - OUTPUT:  PASS - test_null_pointer in 0.000 seconds
2026-05-15 23:35:35,370 - twister - DEBUG - OUTPUT: ===================================================================
2026-05-15 23:35:35,370 - twister - DEBUG - OUTPUT: START - test_negative_numbers
2026-05-15 23:35:35,371 - twister - DEBUG - OUTPUT:  PASS - test_negative_numbers in 0.000 seconds
2026-05-15 23:35:35,371 - twister - DEBUG - OUTPUT: ===================================================================
2026-05-15 23:35:35,371 - twister - DEBUG - OUTPUT: START - test_positive_numbers
2026-05-15 23:35:35,371 - twister - DEBUG - OUTPUT:  PASS - test_positive_numbers in 0.000 seconds
2026-05-15 23:35:35,371 - twister - DEBUG - OUTPUT: ===================================================================
2026-05-15 23:35:35,371 - twister - DEBUG - OUTPUT: START - test_mixed_signs
2026-05-15 23:35:35,371 - twister - DEBUG - OUTPUT:  PASS - test_mixed_signs in 0.000 seconds
2026-05-15 23:35:35,372 - twister - DEBUG - OUTPUT: ===================================================================
2026-05-15 23:35:35,372 - twister - DEBUG - OUTPUT: START - test_zero
2026-05-15 23:35:35,372 - twister - DEBUG - OUTPUT:  PASS - test_zero in 0.000 seconds
2026-05-15 23:35:35,372 - twister - DEBUG - OUTPUT: ===================================================================
2026-05-15 23:35:35,372 - twister - DEBUG - OUTPUT: START - test_null_pointer
2026-05-15 23:35:35,372 - twister - DEBUG - OUTPUT: [00:00:00.000,000] [1;31m<err> calculator: result pointer is NULL[0m
2026-05-15 23:35:35,372 - twister - DEBUG - OUTPUT:  PASS - test_null_pointer in 0.000 seconds
2026-05-15 23:35:35,373 - twister - DEBUG - OUTPUT: ===================================================================
2026-05-15 23:35:35,373 - twister - DEBUG - OUTPUT: START - test_negative_numbers
2026-05-15 23:35:35,373 - twister - DEBUG - OUTPUT:  PASS - test_negative_numbers in 0.000 seconds
2026-05-15 23:35:35,373 - twister - DEBUG - OUTPUT: ===================================================================
2026-05-15 23:35:35,373 - twister - DEBUG - OUTPUT: START - test_null_pointer
2026-05-15 23:35:35,373 - twister - DEBUG - OUTPUT: [00:00:00.000,000] [1;31m<err> calculator: result pointer is NULL[0m
2026-05-15 23:35:35,373 - twister - DEBUG - OUTPUT:  PASS - test_null_pointer in 0.000 seconds
2026-05-15 23:35:35,374 - twister - DEBUG - OUTPUT: ===================================================================
2026-05-15 23:35:35,374 - twister - DEBUG - OUTPUT: START - test_zero
2026-05-15 23:35:35,374 - twister - DEBUG - OUTPUT:  PASS - test_zero in 0.000 seconds
2026-05-15 23:35:35,374 - twister - DEBUG - OUTPUT: ===================================================================
2026-05-15 23:35:35,374 - twister - DEBUG - OUTPUT: START - test_positive_numbers
2026-05-15 23:35:35,374 - twister - DEBUG - OUTPUT:  PASS - test_positive_numbers in 0.000 seconds
2026-05-15 23:35:35,374 - twister - DEBUG - OUTPUT: ===================================================================
2026-05-15 23:35:35,375 - twister - DEBUG - OUTPUT: START - test_mixed_signs
2026-05-15 23:35:35,375 - twister - DEBUG - OUTPUT:  PASS - test_mixed_signs in 0.000 seconds
2026-05-15 23:35:35,375 - twister - DEBUG - OUTPUT: ===================================================================
2026-05-15 23:35:35,375 - twister - DEBUG - OUTPUT: TESTSUITE calculator_add succeeded
2026-05-15 23:35:35,375 - twister - DEBUG - OUTPUT: Running TESTSUITE calculator_add
2026-05-15 23:35:35,375 - twister - DEBUG - OUTPUT: ===================================================================
2026-05-15 23:35:35,375 - twister - DEBUG - OUTPUT: START - test_positive_numbers
2026-05-15 23:35:35,376 - twister - DEBUG - OUTPUT:  PASS - test_positive_numbers in 0.000 seconds
2026-05-15 23:35:35,376 - twister - DEBUG - OUTPUT: ===================================================================
2026-05-15 23:35:35,376 - twister - DEBUG - OUTPUT: START - test_zero
2026-05-15 23:35:35,376 - twister - DEBUG - OUTPUT:  PASS - test_zero in 0.000 seconds
2026-05-15 23:35:35,376 - twister - DEBUG - OUTPUT: ===================================================================
2026-05-15 23:35:35,376 - twister - DEBUG - OUTPUT: START - test_null_pointer
2026-05-15 23:35:35,376 - twister - DEBUG - OUTPUT: [00:00:00.000,000] [1;31m<err> calculator: result pointer is NULL[0m
2026-05-15 23:35:35,377 - twister - DEBUG - OUTPUT:  PASS - test_null_pointer in 0.000 seconds
2026-05-15 23:35:35,377 - twister - DEBUG - OUTPUT: ===================================================================
2026-05-15 23:35:35,377 - twister - DEBUG - OUTPUT: START - test_mixed_signs
2026-05-15 23:35:35,377 - twister - DEBUG - OUTPUT:  PASS - test_mixed_signs in 0.000 seconds
2026-05-15 23:35:35,377 - twister - DEBUG - OUTPUT: ===================================================================
2026-05-15 23:35:35,377 - twister - DEBUG - OUTPUT: START - test_negative_numbers
2026-05-15 23:35:35,377 - twister - DEBUG - OUTPUT:  PASS - test_negative_numbers in 0.000 seconds
2026-05-15 23:35:35,378 - twister - DEBUG - OUTPUT: ===================================================================
2026-05-15 23:35:35,378 - twister - DEBUG - OUTPUT: START - test_null_pointer
2026-05-15 23:35:35,378 - twister - DEBUG - OUTPUT: [00:00:00.000,000] [1;31m<err> calculator: result pointer is NULL[0m
2026-05-15 23:35:35,378 - twister - DEBUG - OUTPUT:  PASS - test_null_pointer in 0.000 seconds
2026-05-15 23:35:35,378 - twister - DEBUG - OUTPUT: ===================================================================
2026-05-15 23:35:35,378 - twister - DEBUG - OUTPUT: START - test_mixed_signs
2026-05-15 23:35:35,378 - twister - DEBUG - OUTPUT:  PASS - test_mixed_signs in 0.000 seconds
2026-05-15 23:35:35,379 - twister - DEBUG - OUTPUT: ===================================================================
2026-05-15 23:35:35,379 - twister - DEBUG - OUTPUT: START - test_positive_numbers
2026-05-15 23:35:35,379 - twister - DEBUG - OUTPUT:  PASS - test_positive_numbers in 0.000 seconds
2026-05-15 23:35:35,379 - twister - DEBUG - OUTPUT: ===================================================================
2026-05-15 23:35:35,379 - twister - DEBUG - OUTPUT: START - test_negative_numbers
2026-05-15 23:35:35,379 - twister - DEBUG - OUTPUT:  PASS - test_negative_numbers in 0.000 seconds
2026-05-15 23:35:35,379 - twister - DEBUG - OUTPUT: ===================================================================
2026-05-15 23:35:35,379 - twister - DEBUG - OUTPUT: START - test_zero
2026-05-15 23:35:35,380 - twister - DEBUG - OUTPUT:  PASS - test_zero in 0.000 seconds
2026-05-15 23:35:35,380 - twister - DEBUG - OUTPUT: ===================================================================
2026-05-15 23:35:35,380 - twister - DEBUG - OUTPUT: START - test_zero
2026-05-15 23:35:35,380 - twister - DEBUG - OUTPUT:  PASS - test_zero in 0.000 seconds
2026-05-15 23:35:35,380 - twister - DEBUG - OUTPUT: ===================================================================
2026-05-15 23:35:35,380 - twister - DEBUG - OUTPUT: START - test_positive_numbers
2026-05-15 23:35:35,381 - twister - DEBUG - OUTPUT:  PASS - test_positive_numbers in 0.000 seconds
2026-05-15 23:35:35,381 - twister - DEBUG - OUTPUT: ===================================================================
2026-05-15 23:35:35,381 - twister - DEBUG - OUTPUT: START - test_null_pointer
2026-05-15 23:35:35,381 - twister - DEBUG - OUTPUT: [00:00:00.000,000] [1;31m<err> calculator: result pointer is NULL[0m
2026-05-15 23:35:35,381 - twister - DEBUG - OUTPUT:  PASS - test_null_pointer in 0.000 seconds
2026-05-15 23:35:35,381 - twister - DEBUG - OUTPUT: ===================================================================
2026-05-15 23:35:35,382 - twister - DEBUG - OUTPUT: START - test_mixed_signs
2026-05-15 23:35:35,382 - twister - DEBUG - OUTPUT:  PASS - test_mixed_signs in 0.000 seconds
2026-05-15 23:35:35,382 - twister - DEBUG - OUTPUT: ===================================================================
2026-05-15 23:35:35,382 - twister - DEBUG - OUTPUT: START - test_negative_numbers
2026-05-15 23:35:35,382 - twister - DEBUG - OUTPUT:  PASS - test_negative_numbers in 0.000 seconds
2026-05-15 23:35:35,382 - twister - DEBUG - OUTPUT: ===================================================================
2026-05-15 23:35:35,382 - twister - DEBUG - OUTPUT: TESTSUITE calculator_add succeeded
2026-05-15 23:35:35,383 - twister - DEBUG - OUTPUT: Running TESTSUITE calculator_add
2026-05-15 23:35:35,383 - twister - DEBUG - OUTPUT: ===================================================================
2026-05-15 23:35:35,383 - twister - DEBUG - OUTPUT: START - test_zero
2026-05-15 23:35:35,383 - twister - DEBUG - OUTPUT:  PASS - test_zero in 0.000 seconds
2026-05-15 23:35:35,383 - twister - DEBUG - OUTPUT: ===================================================================
2026-05-15 23:35:35,383 - twister - DEBUG - OUTPUT: START - test_null_pointer
2026-05-15 23:35:35,384 - twister - DEBUG - OUTPUT: [00:00:00.000,000] [1;31m<err> calculator: result pointer is NULL[0m
2026-05-15 23:35:35,384 - twister - DEBUG - OUTPUT:  PASS - test_null_pointer in 0.000 seconds
2026-05-15 23:35:35,384 - twister - DEBUG - OUTPUT: ===================================================================
2026-05-15 23:35:35,384 - twister - DEBUG - OUTPUT: START - test_mixed_signs
2026-05-15 23:35:35,384 - twister - DEBUG - OUTPUT:  PASS - test_mixed_signs in 0.000 seconds
2026-05-15 23:35:35,384 - twister - DEBUG - OUTPUT: ===================================================================
2026-05-15 23:35:35,384 - twister - DEBUG - OUTPUT: START - test_positive_numbers
2026-05-15 23:35:35,385 - twister - DEBUG - OUTPUT:  PASS - test_positive_numbers in 0.000 seconds
2026-05-15 23:35:35,385 - twister - DEBUG - OUTPUT: ===================================================================
2026-05-15 23:35:35,385 - twister - DEBUG - OUTPUT: START - test_negative_numbers
2026-05-15 23:35:35,385 - twister - DEBUG - OUTPUT:  PASS - test_negative_numbers in 0.000 seconds
2026-05-15 23:35:35,385 - twister - DEBUG - OUTPUT: ===================================================================
2026-05-15 23:35:35,385 - twister - DEBUG - OUTPUT: START - test_positive_numbers
2026-05-15 23:35:35,385 - twister - DEBUG - OUTPUT:  PASS - test_positive_numbers in 0.000 seconds
2026-05-15 23:35:35,385 - twister - DEBUG - OUTPUT: ===================================================================
2026-05-15 23:35:35,386 - twister - DEBUG - OUTPUT: START - test_mixed_signs
2026-05-15 23:35:35,386 - twister - DEBUG - OUTPUT:  PASS - test_mixed_signs in 0.000 seconds
2026-05-15 23:35:35,386 - twister - DEBUG - OUTPUT: ===================================================================
2026-05-15 23:35:35,386 - twister - DEBUG - OUTPUT: START - test_negative_numbers
2026-05-15 23:35:35,386 - twister - DEBUG - OUTPUT:  PASS - test_negative_numbers in 0.000 seconds
2026-05-15 23:35:35,386 - twister - DEBUG - OUTPUT: ===================================================================
2026-05-15 23:35:35,386 - twister - DEBUG - OUTPUT: START - test_null_pointer
2026-05-15 23:35:35,387 - twister - DEBUG - OUTPUT: [00:00:00.000,000] [1;31m<err> calculator: result pointer is NULL[0m
2026-05-15 23:35:35,387 - twister - DEBUG - OUTPUT:  PASS - test_null_pointer in 0.000 seconds
2026-05-15 23:35:35,387 - twister - DEBUG - OUTPUT: ===================================================================
2026-05-15 23:35:35,387 - twister - DEBUG - OUTPUT: START - test_zero
2026-05-15 23:35:35,387 - twister - DEBUG - OUTPUT:  PASS - test_zero in 0.000 seconds
2026-05-15 23:35:35,387 - twister - DEBUG - OUTPUT: ===================================================================
2026-05-15 23:35:35,387 - twister - DEBUG - OUTPUT: START - test_negative_numbers
2026-05-15 23:35:35,387 - twister - DEBUG - OUTPUT:  PASS - test_negative_numbers in 0.000 seconds
2026-05-15 23:35:35,388 - twister - DEBUG - OUTPUT: ===================================================================
2026-05-15 23:35:35,388 - twister - DEBUG - OUTPUT: START - test_zero
2026-05-15 23:35:35,388 - twister - DEBUG - OUTPUT:  PASS - test_zero in 0.000 seconds
2026-05-15 23:35:35,388 - twister - DEBUG - OUTPUT: ===================================================================
2026-05-15 23:35:35,388 - twister - DEBUG - OUTPUT: START - test_positive_numbers
2026-05-15 23:35:35,388 - twister - DEBUG - OUTPUT:  PASS - test_positive_numbers in 0.000 seconds
2026-05-15 23:35:35,388 - twister - DEBUG - OUTPUT: ===================================================================
2026-05-15 23:35:35,389 - twister - DEBUG - OUTPUT: START - test_null_pointer
2026-05-15 23:35:35,389 - twister - DEBUG - OUTPUT: [00:00:00.000,000] [1;31m<err> calculator: result pointer is NULL[0m
2026-05-15 23:35:35,389 - twister - DEBUG - OUTPUT:  PASS - test_null_pointer in 0.000 seconds
2026-05-15 23:35:35,389 - twister - DEBUG - OUTPUT: ===================================================================
2026-05-15 23:35:35,389 - twister - DEBUG - OUTPUT: START - test_mixed_signs
2026-05-15 23:35:35,389 - twister - DEBUG - OUTPUT:  PASS - test_mixed_signs in 0.000 seconds
2026-05-15 23:35:35,389 - twister - DEBUG - OUTPUT: ===================================================================
2026-05-15 23:35:35,389 - twister - DEBUG - OUTPUT: TESTSUITE calculator_add succeeded
2026-05-15 23:35:35,390 - twister - DEBUG - OUTPUT: Running TESTSUITE calculator_edge_cases
2026-05-15 23:35:35,390 - twister - DEBUG - OUTPUT: ===================================================================
2026-05-15 23:35:35,390 - twister - DEBUG - OUTPUT: START - test_chained_operations
2026-05-15 23:35:35,390 - twister - DEBUG - OUTPUT:  PASS - test_chained_operations in 0.000 seconds
2026-05-15 23:35:35,390 - twister - DEBUG - OUTPUT: ===================================================================
2026-05-15 23:35:35,390 - twister - DEBUG - OUTPUT: START - test_chained_operations
2026-05-15 23:35:35,390 - twister - DEBUG - OUTPUT:  PASS - test_chained_operations in 0.000 seconds
2026-05-15 23:35:35,391 - twister - DEBUG - OUTPUT: ===================================================================
2026-05-15 23:35:35,391 - twister - DEBUG - OUTPUT: START - test_chained_operations
2026-05-15 23:35:35,391 - twister - DEBUG - OUTPUT:  PASS - test_chained_operations in 0.000 seconds
2026-05-15 23:35:35,391 - twister - DEBUG - OUTPUT: ===================================================================
2026-05-15 23:35:35,391 - twister - DEBUG - OUTPUT: TESTSUITE calculator_edge_cases succeeded
2026-05-15 23:35:35,391 - twister - DEBUG - OUTPUT: Running TESTSUITE calculator_edge_cases
2026-05-15 23:35:35,391 - twister - DEBUG - OUTPUT: ===================================================================
2026-05-15 23:35:35,392 - twister - DEBUG - OUTPUT: START - test_chained_operations
2026-05-15 23:35:35,392 - twister - DEBUG - OUTPUT:  PASS - test_chained_operations in 0.000 seconds
2026-05-15 23:35:35,392 - twister - DEBUG - OUTPUT: ===================================================================
2026-05-15 23:35:35,392 - twister - DEBUG - OUTPUT: START - test_chained_operations
2026-05-15 23:35:35,392 - twister - DEBUG - OUTPUT:  PASS - test_chained_operations in 0.000 seconds
2026-05-15 23:35:35,392 - twister - DEBUG - OUTPUT: ===================================================================
2026-05-15 23:35:35,392 - twister - DEBUG - OUTPUT: START - test_chained_operations
2026-05-15 23:35:35,393 - twister - DEBUG - OUTPUT:  PASS - test_chained_operations in 0.000 seconds
2026-05-15 23:35:35,393 - twister - DEBUG - OUTPUT: ===================================================================
2026-05-15 23:35:35,393 - twister - DEBUG - OUTPUT: TESTSUITE calculator_edge_cases succeeded
2026-05-15 23:35:35,393 - twister - DEBUG - OUTPUT: Running TESTSUITE calculator_edge_cases
2026-05-15 23:35:35,393 - twister - DEBUG - OUTPUT: ===================================================================
2026-05-15 23:35:35,393 - twister - DEBUG - OUTPUT: START - test_chained_operations
2026-05-15 23:35:35,393 - twister - DEBUG - OUTPUT:  PASS - test_chained_operations in 0.000 seconds
2026-05-15 23:35:35,393 - twister - DEBUG - OUTPUT: ===================================================================
2026-05-15 23:35:35,394 - twister - DEBUG - OUTPUT: START - test_chained_operations
2026-05-15 23:35:35,394 - twister - DEBUG - OUTPUT:  PASS - test_chained_operations in 0.000 seconds
2026-05-15 23:35:35,394 - twister - DEBUG - OUTPUT: ===================================================================
2026-05-15 23:35:35,394 - twister - DEBUG - OUTPUT: START - test_chained_operations
2026-05-15 23:35:35,394 - twister - DEBUG - OUTPUT:  PASS - test_chained_operations in 0.000 seconds
2026-05-15 23:35:35,394 - twister - DEBUG - OUTPUT: ===================================================================
2026-05-15 23:35:35,394 - twister - DEBUG - OUTPUT: TESTSUITE calculator_edge_cases succeeded
2026-05-15 23:35:35,395 - twister - DEBUG - OUTPUT: 
2026-05-15 23:35:35,395 - twister - DEBUG - OUTPUT: ------ TESTSUITE SUMMARY START ------
2026-05-15 23:35:35,395 - twister - DEBUG - OUTPUT: 
2026-05-15 23:35:35,395 - twister - DEBUG - OUTPUT: SUITE PASS - 100.00% [calculator_add]: pass = 5, fail = 0, skip = 0, total = 5 duration = 0.000 seconds
2026-05-15 23:35:35,395 - twister - DEBUG - OUTPUT:  - PASS - [calculator_add.test_mixed_signs] duration = 0.000 seconds
2026-05-15 23:35:35,395 - twister - DEBUG - OUTPUT:  - PASS - [calculator_add.test_negative_numbers] duration = 0.000 seconds
2026-05-15 23:35:35,395 - twister - DEBUG - OUTPUT:  - PASS - [calculator_add.test_null_pointer] duration = 0.000 seconds
2026-05-15 23:35:35,395 - twister - DEBUG - OUTPUT:  - PASS - [calculator_add.test_positive_numbers] duration = 0.000 seconds
2026-05-15 23:35:35,396 - twister - DEBUG - OUTPUT:  - PASS - [calculator_add.test_zero] duration = 0.000 seconds
2026-05-15 23:35:35,396 - twister - DEBUG - OUTPUT: 
2026-05-15 23:35:35,396 - twister - DEBUG - OUTPUT: SUITE PASS - 100.00% [calculator_div]: pass = 5, fail = 0, skip = 0, total = 5 duration = 0.000 seconds
2026-05-15 23:35:35,396 - twister - DEBUG - OUTPUT:  - PASS - [calculator_div.test_divide_by_zero] duration = 0.000 seconds
2026-05-15 23:35:35,396 - twister - DEBUG - OUTPUT:  - PASS - [calculator_div.test_exact_division] duration = 0.000 seconds
2026-05-15 23:35:35,396 - twister - DEBUG - OUTPUT:  - PASS - [calculator_div.test_integer_truncation] duration = 0.000 seconds
2026-05-15 23:35:35,396 - twister - DEBUG - OUTPUT:  - PASS - [calculator_div.test_negative_dividend_truncation] duration = 0.000 seconds
2026-05-15 23:35:35,397 - twister - DEBUG - OUTPUT:  - PASS - [calculator_div.test_null_pointer] duration = 0.000 seconds
2026-05-15 23:35:35,397 - twister - DEBUG - OUTPUT: 
2026-05-15 23:35:35,397 - twister - DEBUG - OUTPUT: SUITE PASS - 100.00% [calculator_edge_cases]: pass = 1, fail = 0, skip = 0, total = 1 duration = 0.000 seconds
2026-05-15 23:35:35,397 - twister - DEBUG - OUTPUT:  - PASS - [calculator_edge_cases.test_chained_operations] duration = 0.000 seconds
2026-05-15 23:35:35,397 - twister - DEBUG - OUTPUT: 
2026-05-15 23:35:35,397 - twister - DEBUG - OUTPUT: SUITE PASS - 100.00% [calculator_last_result]: pass = 6, fail = 0, skip = 0, total = 6 duration = 0.000 seconds
2026-05-15 23:35:35,397 - twister - DEBUG - OUTPUT:  - PASS - [calculator_last_result.test_add_updates_cache] duration = 0.000 seconds
2026-05-15 23:35:35,398 - twister - DEBUG - OUTPUT:  - PASS - [calculator_last_result.test_failed_op_does_not_update] duration = 0.000 seconds
2026-05-15 23:35:35,398 - twister - DEBUG - OUTPUT:  - PASS - [calculator_last_result.test_no_result_before_first_op] duration = 0.000 seconds
2026-05-15 23:35:35,398 - twister - DEBUG - OUTPUT:  - PASS - [calculator_last_result.test_null_pointer] duration = 0.000 seconds
2026-05-15 23:35:35,398 - twister - DEBUG - OUTPUT:  - PASS - [calculator_last_result.test_overwrite_on_second_op] duration = 0.000 seconds
2026-05-15 23:35:35,398 - twister - DEBUG - OUTPUT:  - PASS - [calculator_last_result.test_reset_clears_cache] duration = 0.000 seconds
2026-05-15 23:35:35,398 - twister - DEBUG - OUTPUT: 
2026-05-15 23:35:35,398 - twister - DEBUG - OUTPUT: SUITE PASS - 100.00% [calculator_mul]: pass = 4, fail = 0, skip = 0, total = 4 duration = 0.000 seconds
2026-05-15 23:35:35,398 - twister - DEBUG - OUTPUT:  - PASS - [calculator_mul.test_by_zero] duration = 0.000 seconds
2026-05-15 23:35:35,399 - twister - DEBUG - OUTPUT:  - PASS - [calculator_mul.test_negative_numbers] duration = 0.000 seconds
2026-05-15 23:35:35,399 - twister - DEBUG - OUTPUT:  - PASS - [calculator_mul.test_null_pointer] duration = 0.000 seconds
2026-05-15 23:35:35,399 - twister - DEBUG - OUTPUT:  - PASS - [calculator_mul.test_positive_numbers] duration = 0.000 seconds
2026-05-15 23:35:35,399 - twister - DEBUG - OUTPUT: 
2026-05-15 23:35:35,399 - twister - DEBUG - OUTPUT: SUITE PASS - 100.00% [calculator_sub]: pass = 3, fail = 0, skip = 0, total = 3 duration = 0.000 seconds
2026-05-15 23:35:35,399 - twister - DEBUG - OUTPUT:  - PASS - [calculator_sub.test_negative_result] duration = 0.000 seconds
2026-05-15 23:35:35,399 - twister - DEBUG - OUTPUT:  - PASS - [calculator_sub.test_null_pointer] duration = 0.000 seconds
2026-05-15 23:35:35,400 - twister - DEBUG - OUTPUT:  - PASS - [calculator_sub.test_positive_result] duration = 0.000 seconds
2026-05-15 23:35:35,400 - twister - DEBUG - OUTPUT: 
2026-05-15 23:35:35,400 - twister - DEBUG - OUTPUT: ------ TESTSUITE SUMMARY END ------
2026-05-15 23:35:35,400 - twister - DEBUG - OUTPUT: 
2026-05-15 23:35:35,400 - twister - DEBUG - OUTPUT: ===================================================================
2026-05-15 23:35:35,400 - twister - DEBUG - OUTPUT: RunID: 59d58c52acb5e0d1a2c091a1cb9c3353
2026-05-15 23:35:35,400 - twister - DEBUG - OUTPUT: PROJECT EXECUTION SUCCESSFUL
2026-05-15 23:35:35,402 - twister - DEBUG - Expected suite names:['calculator_last_result', 'calculator_add', 'calculator_sub', 'calculator_mul', 'calculator_div', 'calculator_edge_cases']
2026-05-15 23:35:35,402 - twister - DEBUG - Detected suite names:['calculator_mul', 'calculator_last_result', 'calculator_div', 'calculator_sub', 'calculator_add', 'calculator_edge_cases']
2026-05-15 23:35:35,402 - twister - DEBUG - run status: native_sim/native/host/gnu/example.unit.calculator passed
2026-05-15 23:35:35,404 - twister - INFO - 1/1 native_sim/native         example.unit.calculator                            [32mPASSED[39m (native 0.119s <host/gnu>)
2026-05-15 23:35:35,410 - twister - INFO - 1 test scenarios (1 configurations) selected, 0 configurations filtered (0 by static filter, 0 at runtime).
2026-05-15 23:35:35,415 - twister - INFO - [32m1 of 1[39m executed test configurations passed (100.00%), 0 built (not run), 0 failed, 0 errored, with no warnings in 9.48 seconds.
2026-05-15 23:35:35,415 - twister - INFO - 24 of 24 executed test cases passed (100.00%) on 1 out of total 1469 platforms (0.07%).
2026-05-15 23:35:35,416 - twister - INFO - [32m1[39m test configurations executed on platforms, [36m0[39m test configurations were only built.
2026-05-15 23:35:35,416 - twister - INFO - Saving reports...
2026-05-15 23:35:35,416 - twister - INFO - Writing JSON report /home/felipe/zephyrproject/zephyr-course/twister-out/twister.json
2026-05-15 23:35:35,416 - twister - INFO - Writing xunit report /home/felipe/zephyrproject/zephyr-course/twister-out/twister.xml...
2026-05-15 23:35:35,417 - twister - INFO - Writing xunit report /home/felipe/zephyrproject/zephyr-course/twister-out/twister_report.xml...
2026-05-15 23:35:35,418 - twister - INFO - Run completed
